# Spike B part 2, run 0 - the run that found the pacing bug. 2026-08-09.
# Sniffer: ant_core/spike/promisc on nRF5340 DK cpunet, console on the net-core
#   VCOM (COM10 here), granted by ant_core/spike/promisc/appcore on cpuapp.
# Master: sim/ on the nRF54L15 DK, ANT+ bicycle power, device 14871/0x0B/tt5,
#   period 8182. Payloads start with an ANT+ page number.
# Slave:  Adafruit Feather nRF52840 running the shipping dongle firmware, driven
#   by spike_b_drive.py --role slave. Payloads marked A0=ack C0=burst in byte 0.
# Host command:
#   spike_b_drive.py --role slave --serial 6183 --acks 4 --ack-gap 2
#                    --burst-plan 1,16,16 --tail-secs 8
# Outcome: acknowledged data succeeded; both 16-block bursts died after packet 0
#   because the driver still waited for EVENT_TRANSFER_NEXT_DATA_BLOCK, which the
#   bridge consumes and never puts on the wire. Kept because the 21 identical
#   0xD2 frames at 3143 us that follow the orphaned burst packet are the only
#   measurement of what a receiver does when a burst stops mid-transfer.
#
P n=339 dr=0 q=0 t=0078200282 dt= +249692 OK m=5 rssi=-47 dn=14871 ty=0B tt=5 B3=0A pl=109F004F932E6200 crc=36BB air=112
P n=340 dr=0 q=0 t=0078449973 dt= +249691 OK m=5 rssi=-47 dn=14871 ty=0B tt=5 B3=0A pl=10A0004EF92E6600 crc=B233 air=112
P n=341 dr=0 q=0 t=0078699665 dt= +249692 OK m=5 rssi=-47 dn=14871 ty=0B tt=5 B3=0A pl=10A100535E2F6500 crc=F64A air=112
P n=342 dr=0 q=0 t=0078949356 dt= +249691 OK m=5 rssi=-47 dn=14871 ty=0B tt=5 B3=0A pl=10A20052C32F6500 crc=7B80 air=112
P n=343 dr=0 q=0 t=0079199047 dt= +249691 OK m=5 rssi=-47 dn=14871 ty=0B tt=5 B3=0A pl=10A3005128306500 crc=D894 air=112
P n=344 dr=0 q=0 t=0079448732 dt= +249685 OK m=5 rssi=-47 dn=14871 ty=0B tt=5 B3=0A pl=10A4005289306100 crc=7F04 air=119
P n=346 dr=0 q=0 t=0079698430 dt= +249698 OK m=5 rssi=-47 dn=14871 ty=0B tt=5 B3=0A pl=10A50053EB306200 crc=8CDD air=112
P n=347 dr=0 q=0 t=0079948122 dt= +249692 OK m=5 rssi=-47 dn=14871 ty=0B tt=5 B3=0A pl=10A600514E316300 crc=42EE air=112
P n=348 dr=0 q=0 t=0080197814 dt= +249692 OK m=5 rssi=-47 dn=14871 ty=0B tt=5 B3=0A pl=10A70051B5316700 crc=B719 air=112
P n=349 dr=0 q=0 t=0080447504 dt= +249690 OK m=5 rssi=-47 dn=14871 ty=0B tt=5 B3=0A pl=10A8005217326200 crc=7299 air=112
P n=350 dr=0 q=0 t=0080697196 dt= +249692 OK m=5 rssi=-47 dn=14871 ty=0B tt=5 B3=0A pl=10A9004F79326200 crc=1450 air=112
P n=351 dr=0 q=0 t=0080946887 dt= +249691 OK m=5 rssi=-47 dn=14871 ty=0B tt=5 B3=0A pl=10AA0051DE326500 crc=25EC air=112
P n=352 dr=0 q=0 t=0081196579 dt= +249692 OK m=5 rssi=-47 dn=14871 ty=0B tt=5 B3=0A pl=10AB004E42336400 crc=7182 air=112
P n=354 dr=0 q=0 t=0081446271 dt= +249692 OK m=5 rssi=-47 dn=14871 ty=0B tt=5 B3=0A pl=10AC0050A7336500 crc=A8AA air=112
P n=355 dr=0 q=0 t=0081695961 dt= +249690 OK m=5 rssi=-47 dn=14871 ty=0B tt=5 B3=0A pl=10AD005009346200 crc=44E0 air=112
P n=356 dr=0 q=0 t=0081945653 dt= +249692 OK m=5 rssi=-47 dn=14871 ty=0B tt=5 B3=0A pl=10AE00506E346500 crc=0D0A air=112
P n=357 dr=0 q=0 t=0082195345 dt= +249692 OK m=5 rssi=-47 dn=14871 ty=0B tt=5 B3=0A pl=10AF004FD0346200 crc=1ED4 air=112
P n=358 dr=0 q=0 t=0082445036 dt= +249691 OK m=5 rssi=-47 dn=14871 ty=0B tt=5 B3=0A pl=10B0005136356600 crc=3033 air=116
P n=359 dr=0 q=0 t=0082694728 dt= +249692 OK m=5 rssi=-47 dn=14871 ty=0B tt=5 B3=0A pl=10B1005097356100 crc=2756 air=112
P n=360 dr=0 q=0 t=0082944419 dt= +249691 OK m=5 rssi=-47 dn=14871 ty=0B tt=5 B3=0A pl=10B20051FE356700 crc=5586 air=112
P n=362 dr=0 q=0 t=0083194110 dt= +249691 OK m=5 rssi=-47 dn=14871 ty=0B tt=5 B3=0A pl=10B3005162366400 crc=6849 air=112
P n=363 dr=0 q=0 t=0083443802 dt= +249692 OK m=5 rssi=-47 dn=14871 ty=0B tt=5 B3=0A pl=10B40051C5366300 crc=53C1 air=112
P n=364 dr=0 q=0 t=0083693493 dt= +249691 OK m=5 rssi=-47 dn=14871 ty=0B tt=5 B3=0A pl=10B5004F26376100 crc=6E36 air=112
P n=365 dr=0 q=0 t=0083943185 dt= +249692 OK m=5 rssi=-47 dn=14871 ty=0B tt=5 B3=0A pl=10B600508D376700 crc=89D8 air=112
P n=366 dr=0 q=0 t=0084192876 dt= +249691 OK m=5 rssi=-47 dn=14871 ty=0B tt=5 B3=0A pl=10B7004DF2376500 crc=E460 air=112
P n=367 dr=0 q=0 t=0084442568 dt= +249692 OK m=5 rssi=-48 dn=14871 ty=0B tt=5 B3=0A pl=10B8004E55386300 crc=BD97 air=112
P n=368 dr=0 q=0 t=0084692259 dt= +249691 OK m=5 rssi=-47 dn=14871 ty=0B tt=5 B3=0A pl=10B9004EB8386300 crc=B89A air=112
P n=369 dr=0 q=0 t=0084941950 dt= +249691 OK m=5 rssi=-47 dn=14871 ty=0B tt=5 B3=0A pl=10BA00511D396500 crc=CA1E air=112
P n=370 dr=0 q=0 t=0085191642 dt= +249692 OK m=5 rssi=-47 dn=14871 ty=0B tt=5 B3=0A pl=10BB005181396400 crc=C8E3 air=112
P n=371 dr=0 q=0 t=0085441333 dt= +249691 OK m=5 rssi=-47 dn=14871 ty=0B tt=5 B3=0A pl=10BC004FE6396500 crc=219B air=112
P n=372 dr=0 q=0 t=0085691025 dt= +249692 OK m=5 rssi=-47 dn=14871 ty=0B tt=5 B3=0A pl=10BD00514D3A6700 crc=9953 air=112
P n=373 dr=0 q=0 t=0085940716 dt= +249691 OK m=5 rssi=-47 dn=14871 ty=0B tt=5 B3=0A pl=10BE004DB23A6500 crc=E361 air=112
P n=374 dr=0 q=0 t=0086190407 dt= +249691 OK m=5 rssi=-47 dn=14871 ty=0B tt=5 B3=0A pl=10BF0052163B6400 crc=1E25 air=112
P n=375 dr=0 q=0 t=0086440099 dt= +249692 OK m=5 rssi=-47 dn=14871 ty=0B tt=5 B3=0A pl=10C0004E7B3B6500 crc=CCB9 air=112
P n=376 dr=0 q=0 t=0086689790 dt= +249691 OK m=5 rssi=-47 dn=14871 ty=0B tt=5 B3=0A pl=10C10052DC3B6100 crc=8C36 air=112
P n=377 dr=0 q=0 t=0086939482 dt= +249692 OK m=5 rssi=-47 dn=14871 ty=0B tt=5 B3=0A pl=10C20052403C6400 crc=A77C air=112
P n=379 dr=0 q=0 t=0087189167 dt= +249685 OK m=5 rssi=-48 dn=14871 ty=0B tt=5 B3=0A pl=10C30050A23C6200 crc=98BA air=119
P n=381 dr=0 q=0 t=0087438864 dt= +249697 OK m=5 rssi=-47 dn=14871 ty=0B tt=5 B3=0A pl=10C4004E073D6500 crc=B298 air=112
P n=382 dr=0 q=0 t=0087688556 dt= +249692 OK m=5 rssi=-47 dn=14871 ty=0B tt=5 B3=0A pl=10C500536A3D6300 crc=E52B air=112
P n=384 dr=0 q=0 t=0087938248 dt= +249692 OK m=5 rssi=-47 dn=14871 ty=0B tt=5 B3=0A pl=10C60052CF3D6500 crc=6B6D air=112
P n=386 dr=0 q=0 t=0088187939 dt= +249691 OK m=5 rssi=-47 dn=14871 ty=0B tt=5 B3=0A pl=10C70050323E6300 crc=C2B2 air=112
P n=387 dr=0 q=0 t=0088437631 dt= +249692 OK m=5 rssi=-47 dn=14871 ty=0B tt=5 B3=0A pl=10C8004E983E6600 crc=FE81 air=112
P n=388 dr=0 q=0 t=0088687322 dt= +249691 OK m=5 rssi=-47 dn=14871 ty=0B tt=5 B3=0A pl=10C90051FB3E6300 crc=1AB8 air=112
P n=389 dr=0 q=0 t=0088937013 dt= +249691 OK m=5 rssi=-47 dn=14871 ty=0B tt=5 B3=0A pl=10CA00515C3F6100 crc=2833 air=112
P n=390 dr=0 q=0 t=0089186705 dt= +249692 OK m=5 rssi=-47 dn=14871 ty=0B tt=5 B3=0A pl=10CB0053C13F6500 crc=E70C air=112
P n=391 dr=0 q=0 t=0089436396 dt= +249691 OK m=5 rssi=-47 dn=14871 ty=0B tt=5 B3=0A pl=10CC005126406500 crc=9B35 air=112
P n=392 dr=0 q=0 t=0089686088 dt= +249692 OK m=5 rssi=-47 dn=14871 ty=0B tt=5 B3=0A pl=10CD004F88406200 crc=391D air=112
P n=393 dr=0 q=0 t=0089935779 dt= +249691 OK m=5 rssi=-47 dn=14871 ty=0B tt=5 B3=0A pl=10CE0053E9406100 crc=14DB air=112
S t=0090025534 ours=358 foreign=0 longframe=0 oddtype=0 crc_ok=358 crc_err=35 addr=393 end=393 dropped=0  B3: 0A=358
P n=394 dr=0 q=0 t=0090185470 dt= +249691 OK m=5 rssi=-47 dn=14871 ty=0B tt=5 B3=0A pl=10CF004D4C416300 crc=6029 air=112
P n=395 dr=0 q=0 t=0090435162 dt= +249692 OK m=5 rssi=-48 dn=14871 ty=0B tt=5 B3=0A pl=10D0004FAF416300 crc=860E air=112
P n=397 dr=0 q=0 t=0090684853 dt= +249691 OK m=5 rssi=-47 dn=14871 ty=0B tt=5 B3=0A pl=10D1004F12426300 crc=AF68 air=112
P n=398 dr=0 q=0 t=0090934545 dt= +249692 OK m=5 rssi=-47 dn=14871 ty=0B tt=5 B3=0A pl=50FFFF01FF000100 crc=2C50 air=112
P n=399 dr=0 q=0 t=0091184236 dt= +249691 OK m=5 rssi=-47 dn=14871 ty=0B tt=5 B3=0A pl=011201FFFFFFFFFF crc=52B2 air=112
P n=400 dr=0 q=0 t=0091433928 dt= +249692 OK m=5 rssi=-48 dn=14871 ty=0B tt=5 B3=0A pl=51FF010153555400 crc=9BAC air=112
P n=401 dr=0 q=0 t=0091683619 dt= +249691 OK m=5 rssi=-50 dn=14871 ty=0B tt=5 B3=0A pl=10D2005373426100 crc=B19F air=112
P n=403 dr=0 q=0 t=0091933310 dt= +249691 OK m=5 rssi=-49 dn=14871 ty=0B tt=5 B3=0A pl=10D30053DA426700 crc=BA59 air=112
P n=404 dr=0 q=0 t=0092183002 dt= +249692 OK m=5 rssi=-49 dn=14871 ty=0B tt=5 B3=0A pl=10D4004F3C436200 crc=47DA air=112
P n=405 dr=0 q=0 t=0092432693 dt= +249691 OK m=5 rssi=-48 dn=14871 ty=0B tt=5 B3=0A pl=10D500509E436200 crc=9906 air=112
P n=406 dr=0 q=0 t=0092682385 dt= +249692 OK m=5 rssi=-48 dn=14871 ty=0B tt=5 B3=0A pl=10D60051FF436100 crc=91E0 air=105
P n=407 dr=0 q=0 t=0092932077 dt= +249692 OK m=5 rssi=-49 dn=14871 ty=0B tt=5 B3=0A pl=10D7004E65446600 crc=FA11 air=112
P n=408 dr=0 q=0 t=0093181767 dt= +249690 OK m=5 rssi=-49 dn=14871 ty=0B tt=5 B3=0A pl=10D8004DC9446400 crc=5D0C air=112
P n=409 dr=0 q=0 t=0093431459 dt= +249692 OK m=5 rssi=-48 dn=14871 ty=0B tt=5 B3=0A pl=10D9004D30456700 crc=EB34 air=112
P n=410 dr=0 q=0 t=0093681151 dt= +249692 OK m=5 rssi=-47 dn=14871 ty=0B tt=5 B3=0A pl=10DA005096456600 crc=E848 air=112
P n=411 dr=0 q=0 t=0093930842 dt= +249691 OK m=5 rssi=-47 dn=14871 ty=0B tt=5 B3=0A pl=10DB004FF8456200 crc=06C6 air=112
P n=412 dr=0 q=0 t=0094180534 dt= +249692 OK m=5 rssi=-48 dn=14871 ty=0B tt=5 B3=0A pl=10DC00515D466500 crc=4284 air=112
P n=413 dr=0 q=1 t=0094182722 dt=   +2188 OK m=5 rssi=-43 dn=14871 ty=0B tt=5 B3=A2 pl=A0005AA500112233 crc=9E23 air=112
P n=414 dr=0 q=2 t=0094184310 dt=   +1588 ER m=5 rssi=-49 dn=14871 ty=0B tt=5 B3=F2 pl=10DD004DBE466100 crc=ADF0 air=112
P n=415 dr=0 q=0 t=0094430224 dt= +245914 OK m=5 rssi=-49 dn=14871 ty=0B tt=5 B3=0A pl=10DD004DBE466100 crc=A666 air=112
P n=416 dr=0 q=0 t=0094679916 dt= +249692 OK m=5 rssi=-50 dn=14871 ty=0B tt=5 B3=0A pl=10DE005021476300 crc=18E7 air=112
P n=417 dr=0 q=0 t=0094929607 dt= +249691 OK m=5 rssi=-52 dn=14871 ty=0B tt=5 B3=0A pl=10DF005186476500 crc=1B2A air=112
P n=418 dr=0 q=0 t=0095179299 dt= +249692 OK m=5 rssi=-52 dn=14871 ty=0B tt=5 B3=0A pl=10E00050EB476500 crc=024B air=112
P n=419 dr=0 q=0 t=0095428991 dt= +249692 OK m=5 rssi=-52 dn=14871 ty=0B tt=5 B3=0A pl=10E1005051486600 crc=5A32 air=112
P n=420 dr=0 q=0 t=0095678682 dt= +249691 OK m=5 rssi=-52 dn=14871 ty=0B tt=5 B3=0A pl=10E2004FB8486700 crc=A7BF air=112
P n=421 dr=0 q=0 t=0095928373 dt= +249691 OK m=5 rssi=-52 dn=14871 ty=0B tt=5 B3=0A pl=10E300531F496700 crc=1CC4 air=112
P n=422 dr=0 q=0 t=0096178058 dt= +249685 OK m=5 rssi=-52 dn=14871 ty=0B tt=5 B3=0A pl=10E4004E85496600 crc=BDA5 air=119
P n=423 dr=0 q=0 t=0096427756 dt= +249698 OK m=5 rssi=-52 dn=14871 ty=0B tt=5 B3=0A pl=10E50052EB496600 crc=713D air=112
P n=424 dr=0 q=0 t=0096677448 dt= +249692 OK m=5 rssi=-52 dn=14871 ty=0B tt=5 B3=0A pl=10E600514C4A6100 crc=3CF1 air=112
P n=425 dr=0 q=1 t=0096679622 dt=   +2174 OK m=5 rssi=-41 dn=14871 ty=0B tt=5 B3=A2 pl=A0015AA500112233 crc=2642 air=112
P n=426 dr=0 q=2 t=0096681224 dt=   +1602 OK m=5 rssi=-51 dn=14871 ty=0B tt=5 B3=F2 pl=10E7004DB34A6700 crc=D772 air=112
P n=427 dr=0 q=0 t=0096927139 dt= +245915 OK m=5 rssi=-52 dn=14871 ty=0B tt=5 B3=0A pl=10E7004DB34A6700 crc=EAE4 air=112
P n=429 dr=0 q=0 t=0097176831 dt= +249692 OK m=5 rssi=-51 dn=14871 ty=0B tt=5 B3=0A pl=10E8004D194B6600 crc=E6D1 air=112
P n=430 dr=0 q=0 t=0097426522 dt= +249691 OK m=5 rssi=-47 dn=14871 ty=0B tt=5 B3=0A pl=10E900527D4B6400 crc=CA52 air=112
P n=431 dr=0 q=0 t=0097676213 dt= +249691 OK m=5 rssi=-48 dn=14871 ty=0B tt=5 B3=0A pl=10EA0052E24B6500 crc=3390 air=112
P n=432 dr=0 q=0 t=0097925900 dt= +249687 OK m=5 rssi=-48 dn=14871 ty=0B tt=5 B3=0A pl=10EB004D464C6400 crc=7C74 air=117
P n=434 dr=0 q=0 t=0098175596 dt= +249696 OK m=5 rssi=-47 dn=14871 ty=0B tt=5 B3=0A pl=10EC0050A94C6300 crc=8983 air=112
P n=435 dr=0 q=0 t=0098425288 dt= +249692 OK m=5 rssi=-47 dn=14871 ty=0B tt=5 B3=0A pl=10ED00510C4D6300 crc=FAB0 air=112
P n=436 dr=0 q=0 t=0098674980 dt= +249692 OK m=5 rssi=-47 dn=14871 ty=0B tt=5 B3=0A pl=10EE0053714D6500 crc=B7E4 air=112
P n=437 dr=0 q=0 t=0098924670 dt= +249690 OK m=5 rssi=-47 dn=14871 ty=0B tt=5 B3=0A pl=10EF0053D44D6300 crc=F310 air=112
P n=438 dr=0 q=0 t=0099174362 dt= +249692 OK m=5 rssi=-47 dn=14871 ty=0B tt=5 B3=0A pl=10F0004D394E6500 crc=CBEA air=112
P n=439 dr=0 q=1 t=0099176553 dt=   +2191 OK m=5 rssi=-41 dn=14871 ty=0B tt=5 B3=A2 pl=A0025AA500112233 crc=FEC0 air=112
P n=440 dr=0 q=2 t=0099178138 dt=   +1585 OK m=5 rssi=-47 dn=14871 ty=0B tt=5 B3=F2 pl=10F100529F4E6600 crc=B702 air=112
P n=441 dr=0 q=0 t=0099424053 dt= +245915 OK m=5 rssi=-47 dn=14871 ty=0B tt=5 B3=0A pl=10F100529F4E6600 crc=8A94 air=112
P n=442 dr=0 q=0 t=0099673740 dt= +249687 OK m=5 rssi=-47 dn=14871 ty=0B tt=5 B3=0A pl=10F2004D004F6100 crc=8F63 air=117
P n=443 dr=0 q=0 t=0099923437 dt= +249697 OK m=5 rssi=-48 dn=14871 ty=0B tt=5 B3=0A pl=10F30051664F6600 crc=5FAF air=112
P n=444 dr=0 q=0 t=0100173127 dt= +249690 OK m=5 rssi=-47 dn=14871 ty=0B tt=5 B3=0A pl=10F40050CD4F6700 crc=2BE2 air=112
P n=446 dr=0 q=0 t=0100422819 dt= +249692 OK m=5 rssi=-47 dn=14871 ty=0B tt=5 B3=0A pl=10F5005033506600 crc=F2F7 air=112
P n=447 dr=0 q=0 t=0100672510 dt= +249691 OK m=5 rssi=-47 dn=14871 ty=0B tt=5 B3=0A pl=10F6004F96506300 crc=E210 air=112
P n=449 dr=0 q=0 t=0100922202 dt= +249692 OK m=5 rssi=-47 dn=14871 ty=0B tt=5 B3=0A pl=10F7004FFC506600 crc=94FD air=112
P n=450 dr=0 q=0 t=0101171894 dt= +249692 OK m=5 rssi=-47 dn=14871 ty=0B tt=5 B3=0A pl=10F800535F516300 crc=280A air=112
P n=451 dr=0 q=0 t=0101421585 dt= +249691 OK m=5 rssi=-47 dn=14871 ty=0B tt=5 B3=0A pl=10F9004EC4516500 crc=C76D air=112
P n=452 dr=0 q=0 t=0101671276 dt= +249691 OK m=5 rssi=-47 dn=14871 ty=0B tt=5 B3=0A pl=10FA004F2B526700 crc=DA88 air=112
P n=453 dr=0 q=1 t=0101673453 dt=   +2177 OK m=5 rssi=-41 dn=14871 ty=0B tt=5 B3=A2 pl=A0035AA500112233 crc=46A1 air=112
P n=454 dr=0 q=2 t=0101675053 dt=   +1600 OK m=5 rssi=-47 dn=14871 ty=0B tt=5 B3=F2 pl=10FB00538E526300 crc=4AF9 air=112
P n=455 dr=0 q=0 t=0101920967 dt= +245914 OK m=5 rssi=-47 dn=14871 ty=0B tt=5 B3=0A pl=10FB00538E526300 crc=776F air=112
P n=456 dr=0 q=0 t=0102170659 dt= +249692 OK m=5 rssi=-47 dn=14871 ty=0B tt=5 B3=0A pl=10FC004DF1526300 crc=3342 air=112
P n=457 dr=0 q=0 t=0102420351 dt= +249692 OK m=5 rssi=-47 dn=14871 ty=0B tt=5 B3=0A pl=10FD004E54536300 crc=04F2 air=112
P n=459 dr=0 q=0 t=0102670042 dt= +249691 OK m=5 rssi=-47 dn=14871 ty=0B tt=5 B3=0A pl=10FE004FBA536600 crc=AF64 air=112
P n=461 dr=0 q=0 t=0102919734 dt= +249692 OK m=5 rssi=-47 dn=14871 ty=0B tt=5 B3=0A pl=10FF004F1F546500 crc=91F5 air=112
P n=462 dr=0 q=0 t=0103169424 dt= +249690 OK m=5 rssi=-47 dn=14871 ty=0B tt=5 B3=0A pl=1000005284546500 crc=C924 air=112
P n=463 dr=0 q=0 t=0103419116 dt= +249692 OK m=5 rssi=-47 dn=14871 ty=0B tt=5 B3=0A pl=10010053E9546500 crc=BB40 air=112
P n=464 dr=0 q=0 t=0103668808 dt= +249692 OK m=5 rssi=-47 dn=14871 ty=0B tt=5 B3=0A pl=100200524C556300 crc=0236 air=112
P n=465 dr=0 q=0 t=0103918499 dt= +249691 OK m=5 rssi=-47 dn=14871 ty=0B tt=5 B3=0A pl=10030051B3556700 crc=D3E2 air=112
P n=466 dr=0 q=1 t=0103920690 dt=   +2191 OK m=5 rssi=-41 dn=14871 ty=0B tt=5 B3=A2 pl=C0005AA500112233 crc=139B air=112
P n=467 dr=0 q=2 t=0103922276 dt=   +1586 OK m=5 rssi=-47 dn=14871 ty=0B tt=5 B3=F2 pl=1004005217566400 crc=3566 air=112
P n=468 dr=0 q=0 t=0104168191 dt= +245915 OK m=5 rssi=-47 dn=14871 ty=0B tt=5 B3=0A pl=1004005217566400 crc=08F0 air=112
P n=469 dr=0 q=0 t=0104417881 dt= +249690 OK m=5 rssi=-47 dn=14871 ty=0B tt=5 B3=0A pl=100500537E566700 crc=E536 air=112
P n=470 dr=0 q=0 t=0104667573 dt= +249692 OK m=5 rssi=-47 dn=14871 ty=0B tt=5 B3=0A pl=10060053E3566500 crc=A4CF air=112
P n=471 dr=0 q=0 t=0104917265 dt= +249692 OK m=5 rssi=-47 dn=14871 ty=0B tt=5 B3=0A pl=1007004F4A576700 crc=DB8C air=112
S t=0105024531 ours=427 foreign=0 longframe=1 oddtype=0 crc_ok=427 crc_err=44 addr=471 end=471 dropped=0  B3: 0A=418 A2=5 F2=4
P n=472 dr=0 q=0 t=0105166956 dt= +249691 OK m=5 rssi=-47 dn=14871 ty=0B tt=5 B3=0A pl=1008004FB1576700 crc=D037 air=112
P n=473 dr=0 q=0 t=0105416648 dt= +249692 OK m=5 rssi=-47 dn=14871 ty=0B tt=5 B3=0A pl=1009005318586700 crc=D217 air=112
P n=474 dr=0 q=0 t=0105666340 dt= +249692 OK m=5 rssi=-47 dn=14871 ty=0B tt=5 B3=0A pl=100A004F79586100 crc=0024 air=112
P n=475 dr=0 q=0 t=0105916030 dt= +249690 OK m=5 rssi=-47 dn=14871 ty=0B tt=5 B3=0A pl=100B0051DE586500 crc=0428 air=112
P n=476 dr=0 q=0 t=0106165722 dt= +249692 OK m=5 rssi=-47 dn=14871 ty=0B tt=5 B3=0A pl=100C005142596400 crc=90C0 air=112
P n=477 dr=0 q=1 t=0106167898 dt=   +2176 OK m=5 rssi=-41 dn=14871 ty=0B tt=5 B3=82 pl=C0005AA500112233 crc=B467 air=112
P n=478 dr=0 q=2 t=0106169498 dt=   +1600 OK m=5 rssi=-47 dn=14871 ty=0B tt=5 B3=D2 pl=100D004DA4596200 crc=346F air=112
P n=479 dr=0 q=3 t=0106172581 dt=   +3083 OK m=5 rssi=-47 dn=14871 ty=0B tt=5 B3=D2 pl=100D004DA4596200 crc=346F air=112
P n=480 dr=0 q=4 t=0106175724 dt=   +3143 OK m=5 rssi=-47 dn=14871 ty=0B tt=5 B3=D2 pl=100D004DA4596200 crc=346F air=112
P n=481 dr=0 q=4 t=0106178867 dt=   +3143 OK m=5 rssi=-47 dn=14871 ty=0B tt=5 B3=D2 pl=100D004DA4596200 crc=346F air=112
P n=482 dr=0 q=5 t=0106182011 dt=   +3144 OK m=5 rssi=-47 dn=14871 ty=0B tt=5 B3=D2 pl=100D004DA4596200 crc=346F air=112
P n=483 dr=0 q=6 t=0106185154 dt=   +3143 OK m=5 rssi=-47 dn=14871 ty=0B tt=5 B3=D2 pl=100D004DA4596200 crc=346F air=112
P n=484 dr=0 q=6 t=0106188297 dt=   +3143 OK m=5 rssi=-47 dn=14871 ty=0B tt=5 B3=D2 pl=100D004DA4596200 crc=346F air=112
P n=485 dr=0 q=7 t=0106191441 dt=   +3144 OK m=5 rssi=-47 dn=14871 ty=0B tt=5 B3=D2 pl=100D004DA4596200 crc=346F air=112
P n=486 dr=0 q=8 t=0106194584 dt=   +3143 OK m=5 rssi=-47 dn=14871 ty=0B tt=5 B3=D2 pl=100D004DA4596200 crc=346F air=112
P n=487 dr=0 q=9 t=0106197727 dt=   +3143 OK m=5 rssi=-47 dn=14871 ty=0B tt=5 B3=D2 pl=100D004DA4596200 crc=346F air=112
P n=488 dr=0 q=9 t=0106200870 dt=   +3143 OK m=5 rssi=-47 dn=14871 ty=0B tt=5 B3=D2 pl=100D004DA4596200 crc=346F air=112
P n=489 dr=0 q=10 t=0106204014 dt=   +3144 OK m=5 rssi=-47 dn=14871 ty=0B tt=5 B3=D2 pl=100D004DA4596200 crc=346F air=112
P n=490 dr=0 q=11 t=0106207157 dt=   +3143 OK m=5 rssi=-47 dn=14871 ty=0B tt=5 B3=D2 pl=100D004DA4596200 crc=346F air=112
P n=491 dr=0 q=11 t=0106210300 dt=   +3143 OK m=5 rssi=-47 dn=14871 ty=0B tt=5 B3=D2 pl=100D004DA4596200 crc=346F air=112
P n=492 dr=0 q=12 t=0106213444 dt=   +3144 OK m=5 rssi=-47 dn=14871 ty=0B tt=5 B3=D2 pl=100D004DA4596200 crc=346F air=112
P n=493 dr=0 q=13 t=0106216587 dt=   +3143 OK m=5 rssi=-47 dn=14871 ty=0B tt=5 B3=D2 pl=100D004DA4596200 crc=346F air=111
P n=494 dr=0 q=13 t=0106219730 dt=   +3143 OK m=5 rssi=-47 dn=14871 ty=0B tt=5 B3=D2 pl=100D004DA4596200 crc=346F air=111
P n=495 dr=0 q=14 t=0106222873 dt=   +3143 OK m=5 rssi=-47 dn=14871 ty=0B tt=5 B3=D2 pl=100D004DA4596200 crc=346F air=112
P n=496 dr=0 q=15 t=0106226016 dt=   +3143 OK m=5 rssi=-47 dn=14871 ty=0B tt=5 B3=D2 pl=100D004DA4596200 crc=346F air=112
P n=497 dr=0 q=16 t=0106229159 dt=   +3143 OK m=5 rssi=-47 dn=14871 ty=0B tt=5 B3=D2 pl=100D004DA4596200 crc=346F air=113
P n=498 dr=0 q=16 t=0106232303 dt=   +3144 OK m=5 rssi=-47 dn=14871 ty=0B tt=5 B3=D2 pl=100D004DA4596200 crc=346F air=112
P n=499 dr=0 q=0 t=0106415413 dt= +183110 OK m=5 rssi=-47 dn=14871 ty=0B tt=5 B3=0A pl=100D004DA4596200 crc=AE05 air=112
P n=500 dr=0 q=0 t=0106665105 dt= +249692 OK m=5 rssi=-47 dn=14871 ty=0B tt=5 B3=0A pl=100E0052055A6100 crc=87E5 air=112
P n=501 dr=0 q=0 t=0106914797 dt= +249692 OK m=5 rssi=-47 dn=14871 ty=0B tt=5 B3=0A pl=100F0051695A6400 crc=3843 air=112
P n=502 dr=0 q=0 t=0107164488 dt= +249691 OK m=5 rssi=-47 dn=14871 ty=0B tt=5 B3=0A pl=10100050CE5A6500 crc=A7EA air=112
P n=503 dr=0 q=0 t=0107414179 dt= +249691 OK m=5 rssi=-47 dn=14871 ty=0B tt=5 B3=0A pl=10110053325B6400 crc=2527 air=112
P n=504 dr=0 q=0 t=0107663870 dt= +249691 OK m=5 rssi=-47 dn=14871 ty=0B tt=5 B3=0A pl=1012004F965B6400 crc=5253 air=113
P n=505 dr=0 q=0 t=0107913562 dt= +249692 OK m=5 rssi=-47 dn=14871 ty=0B tt=5 B3=0A pl=10130052FC5B6600 crc=9809 air=112
P n=506 dr=0 q=0 t=0108163254 dt= +249692 OK m=5 rssi=-47 dn=14871 ty=0B tt=5 B3=0A pl=1014004E625C6600 crc=EF69 air=112
P n=507 dr=0 q=0 t=0108412945 dt= +249691 OK m=5 rssi=-47 dn=14871 ty=0B tt=5 B3=0A pl=10150050C75C6500 crc=9F9A air=112
P n=508 dr=0 q=0 t=0108662636 dt= +249691 OK m=5 rssi=-47 dn=14871 ty=0B tt=5 B3=0A pl=101600502D5D6600 crc=C93A air=112
P n=509 dr=0 q=1 t=0108664828 dt=   +2192 OK m=5 rssi=-41 dn=14871 ty=0B tt=5 B3=82 pl=C0005AA500112233 crc=B467 air=112
P n=510 dr=0 q=2 t=0108666413 dt=   +1585 OK m=5 rssi=-47 dn=14871 ty=0B tt=5 B3=D2 pl=10170052905D6300 crc=9810 air=112
P n=511 dr=0 q=3 t=0108669495 dt=   +3082 OK m=5 rssi=-47 dn=14871 ty=0B tt=5 B3=D2 pl=10170052905D6300 crc=9810 air=112
P n=512 dr=0 q=4 t=0108672638 dt=   +3143 OK m=5 rssi=-47 dn=14871 ty=0B tt=5 B3=D2 pl=10170052905D6300 crc=9810 air=112
P n=513 dr=0 q=4 t=0108675782 dt=   +3144 OK m=5 rssi=-47 dn=14871 ty=0B tt=5 B3=D2 pl=10170052905D6300 crc=9810 air=112
P n=514 dr=0 q=5 t=0108678925 dt=   +3143 OK m=5 rssi=-47 dn=14871 ty=0B tt=5 B3=D2 pl=10170052905D6300 crc=9810 air=112
P n=515 dr=0 q=6 t=0108682068 dt=   +3143 OK m=5 rssi=-47 dn=14871 ty=0B tt=5 B3=D2 pl=10170052905D6300 crc=9810 air=112
P n=516 dr=0 q=6 t=0108685211 dt=   +3143 OK m=5 rssi=-47 dn=14871 ty=0B tt=5 B3=D2 pl=10170052905D6300 crc=9810 air=113
P n=517 dr=0 q=7 t=0108688355 dt=   +3144 OK m=5 rssi=-47 dn=14871 ty=0B tt=5 B3=D2 pl=10170052905D6300 crc=9810 air=112
P n=518 dr=0 q=8 t=0108691498 dt=   +3143 OK m=5 rssi=-47 dn=14871 ty=0B tt=5 B3=D2 pl=10170052905D6300 crc=9810 air=112
P n=519 dr=0 q=9 t=0108694641 dt=   +3143 OK m=5 rssi=-47 dn=14871 ty=0B tt=5 B3=D2 pl=10170052905D6300 crc=9810 air=112
P n=520 dr=0 q=9 t=0108697785 dt=   +3144 OK m=5 rssi=-47 dn=14871 ty=0B tt=5 B3=D2 pl=10170052905D6300 crc=9810 air=112
P n=521 dr=0 q=10 t=0108700928 dt=   +3143 OK m=5 rssi=-47 dn=14871 ty=0B tt=5 B3=D2 pl=10170052905D6300 crc=9810 air=112
P n=522 dr=0 q=11 t=0108704071 dt=   +3143 OK m=5 rssi=-47 dn=14871 ty=0B tt=5 B3=D2 pl=10170052905D6300 crc=9810 air=113
P n=523 dr=0 q=11 t=0108707215 dt=   +3144 OK m=5 rssi=-47 dn=14871 ty=0B tt=5 B3=D2 pl=10170052905D6300 crc=9810 air=112
P n=524 dr=0 q=12 t=0108710358 dt=   +3143 OK m=5 rssi=-47 dn=14871 ty=0B tt=5 B3=D2 pl=10170052905D6300 crc=9810 air=112
P n=525 dr=0 q=13 t=0108713501 dt=   +3143 OK m=5 rssi=-47 dn=14871 ty=0B tt=5 B3=D2 pl=10170052905D6300 crc=9810 air=112
P n=526 dr=0 q=14 t=0108716645 dt=   +3144 OK m=5 rssi=-47 dn=14871 ty=0B tt=5 B3=D2 pl=10170052905D6300 crc=9810 air=112
P n=527 dr=0 q=14 t=0108719787 dt=   +3142 OK m=5 rssi=-47 dn=14871 ty=0B tt=5 B3=D2 pl=10170052905D6300 crc=9810 air=112
P n=528 dr=0 q=15 t=0108722930 dt=   +3143 OK m=5 rssi=-47 dn=14871 ty=0B tt=5 B3=D2 pl=10170052905D6300 crc=9810 air=112
P n=529 dr=0 q=16 t=0108726074 dt=   +3144 OK m=5 rssi=-47 dn=14871 ty=0B tt=5 B3=D2 pl=10170052905D6300 crc=9810 air=112
P n=530 dr=0 q=16 t=0108729217 dt=   +3143 OK m=5 rssi=-47 dn=14871 ty=0B tt=5 B3=D2 pl=10170052905D6300 crc=9810 air=112
P n=531 dr=0 q=0 t=0108912327 dt= +183110 OK m=5 rssi=-47 dn=14871 ty=0B tt=5 B3=0A pl=10170052905D6300 crc=027A air=112
P n=532 dr=0 q=0 t=0109162019 dt= +249692 OK m=5 rssi=-49 dn=14871 ty=0B tt=5 B3=0A pl=10180051F45D6400 crc=6CF5 air=112
P n=533 dr=0 q=0 t=0109411711 dt= +249692 OK m=5 rssi=-47 dn=14871 ty=0B tt=5 B3=0A pl=1019004E575E6300 crc=045A air=112
P n=534 dr=0 q=0 t=0109661402 dt= +249691 OK m=5 rssi=-47 dn=14871 ty=0B tt=5 B3=0A pl=101A0052B85E6100 crc=65CF air=112
P n=535 dr=0 q=0 t=0109911094 dt= +249692 OK m=5 rssi=-48 dn=14871 ty=0B tt=5 B3=0A pl=101B00511E5F6600 crc=5034 air=120
P n=536 dr=0 q=0 t=0110160785 dt= +249691 OK m=5 rssi=-47 dn=14871 ty=0B tt=5 B3=0A pl=101C0053825F6400 crc=E23C air=112
P n=537 dr=0 q=0 t=0110410476 dt= +249691 OK m=5 rssi=-47 dn=14871 ty=0B tt=5 B3=0A pl=101D0052E65F6400 crc=632F air=112
P n=538 dr=0 q=0 t=0110660168 dt= +249692 OK m=5 rssi=-47 dn=14871 ty=0B tt=5 B3=0A pl=101E004F4A606400 crc=D25D air=112
P n=539 dr=0 q=0 t=0110909859 dt= +249691 OK m=5 rssi=-47 dn=14871 ty=0B tt=5 B3=0A pl=101F004FAC606200 crc=63E9 air=112
P n=540 dr=0 q=0 t=0111159551 dt= +249692 OK m=5 rssi=-47 dn=14871 ty=0B tt=5 B3=0A pl=1020005110616400 crc=580A air=112
P n=541 dr=0 q=0 t=0111409243 dt= +249692 OK m=5 rssi=-47 dn=14871 ty=0B tt=5 B3=0A pl=1021004E72616200 crc=9FD4 air=112
P n=542 dr=0 q=0 t=0111658938 dt= +249695 OK m=5 rssi=-47 dn=14871 ty=0B tt=5 B3=0A pl=10220050D3616100 crc=4535 air=107
P n=543 dr=0 q=0 t=0111908625 dt= +249687 OK m=5 rssi=-47 dn=14871 ty=0B tt=5 B3=0A pl=1023005137626400 crc=BFBB air=112
P n=544 dr=0 q=0 t=0112158316 dt= +249691 OK m=5 rssi=-47 dn=14871 ty=0B tt=5 B3=0A pl=1024004F9B626400 crc=C849 air=112
P n=545 dr=0 q=0 t=0112408008 dt= +249692 OK m=5 rssi=-47 dn=14871 ty=0B tt=5 B3=0A pl=1025005002636700 crc=4600 air=112
P n=546 dr=0 q=0 t=0112657700 dt= +249692 OK m=5 rssi=-47 dn=14871 ty=0B tt=5 B3=0A pl=1026005268636600 crc=D849 air=112
P n=547 dr=0 q=0 t=0112907390 dt= +249690 OK m=5 rssi=-47 dn=14871 ty=0B tt=5 B3=0A pl=1027004FC9636100 crc=405D air=112
P n=548 dr=0 q=0 t=0113157082 dt= +249692 OK m=5 rssi=-47 dn=14871 ty=0B tt=5 B3=0A pl=1028004F2E646500 crc=5627 air=112
P n=549 dr=0 q=0 t=0113406773 dt= +249691 OK m=5 rssi=-47 dn=14871 ty=0B tt=5 B3=0A pl=1029004E94646600 crc=883E air=112
P n=550 dr=0 q=0 t=0113656465 dt= +249692 OK m=5 rssi=-47 dn=14871 ty=0B tt=5 B3=0A pl=102A004DFA646600 crc=45E6 air=112
P n=551 dr=0 q=0 t=0113906157 dt= +249692 OK m=5 rssi=-47 dn=14871 ty=0B tt=5 B3=0A pl=102B004D5D656300 crc=8E19 air=112
P n=552 dr=0 q=0 t=0114155848 dt= +249691 OK m=5 rssi=-49 dn=14871 ty=0B tt=5 B3=0A pl=102C004DBF656200 crc=CDEE air=112
P n=553 dr=0 q=0 t=0114405539 dt= +249691 OK m=5 rssi=-47 dn=14871 ty=0B tt=5 B3=0A pl=102D004E26666700 crc=0810 air=112
P n=555 dr=0 q=0 t=0114655223 dt= +249684 OK m=5 rssi=-46 dn=14871 ty=0B tt=5 B3=0A pl=102E004D8C666600 crc=8FAC air=120
P n=556 dr=0 q=0 t=0114904922 dt= +249699 OK m=5 rssi=-46 dn=14871 ty=0B tt=5 B3=0A pl=102F0050EF666300 crc=2F16 air=112
P n=557 dr=0 q=0 t=0115154614 dt= +249692 OK m=5 rssi=-46 dn=14871 ty=0B tt=5 B3=0A pl=1030004F56676700 crc=0A75 air=112
P n=558 dr=0 q=0 t=0115404305 dt= +249691 OK m=5 rssi=-46 dn=14871 ty=0B tt=5 B3=0A pl=1031004FBA676400 crc=2C9F air=112
P n=560 dr=0 q=0 t=0115653997 dt= +249692 OK m=5 rssi=-46 dn=14871 ty=0B tt=5 B3=0A pl=103200501F686500 crc=DC8D air=112
P n=561 dr=0 q=0 t=0115903688 dt= +249691 OK m=5 rssi=-46 dn=14871 ty=0B tt=5 B3=0A pl=1033005083686400 crc=DE70 air=112
P n=563 dr=0 q=0 t=0116153379 dt= +249691 OK m=5 rssi=-46 dn=14871 ty=0B tt=5 B3=0A pl=10340050E5686200 crc=13D9 air=112
P n=564 dr=0 q=0 t=0116403071 dt= +249692 OK m=5 rssi=-49 dn=14871 ty=0B tt=5 B3=0A pl=103500514C696700 crc=D02D air=112
P n=565 dr=0 q=0 t=0116652762 dt= +249691 OK m=5 rssi=-52 dn=14871 ty=0B tt=5 B3=0A pl=10360053AD696100 crc=14D4 air=112
P n=566 dr=0 q=0 t=0116902454 dt= +249692 OK m=5 rssi=-48 dn=14871 ty=0B tt=5 B3=0A pl=1037004F116A6400 crc=3B82 air=112
P n=567 dr=0 q=0 t=0117152144 dt= +249690 OK m=5 rssi=-48 dn=14871 ty=0B tt=5 B3=0A pl=10380052746A6300 crc=E84B air=112
P n=569 dr=0 q=0 t=0117401836 dt= +249692 OK m=5 rssi=-49 dn=14871 ty=0B tt=5 B3=0A pl=1039004DDA6A6600 crc=8650 air=112
P n=571 dr=0 q=0 t=0117651528 dt= +249692 OK m=5 rssi=-49 dn=14871 ty=0B tt=5 B3=0A pl=103A00513F6B6500 crc=8B6F air=131
P n=572 dr=0 q=0 t=0117901219 dt= +249691 OK m=5 rssi=-49 dn=14871 ty=0B tt=5 B3=0A pl=103B004FA66B6700 crc=AB76 air=112
P n=573 dr=0 q=0 t=0118150911 dt= +249692 OK m=5 rssi=-49 dn=14871 ty=0B tt=5 B3=0A pl=103C00500D6C6700 crc=A268 air=112
P n=575 dr=0 q=0 t=0118400602 dt= +249691 OK m=5 rssi=-49 dn=14871 ty=0B tt=5 B3=0A pl=103D00526F6C6200 crc=15C5 air=112
P n=576 dr=0 q=0 t=0118650293 dt= +249691 OK m=5 rssi=-49 dn=14871 ty=0B tt=5 B3=0A pl=103E0053D36C6400 crc=7353 air=112
P n=578 dr=0 q=0 t=0118899985 dt= +249692 OK m=5 rssi=-49 dn=14871 ty=0B tt=5 B3=0A pl=103F0052386D6500 crc=FF97 air=112
P n=579 dr=0 q=0 t=0119149676 dt= +249691 OK m=5 rssi=-49 dn=14871 ty=0B tt=5 B3=0A pl=104000519D6D6500 crc=49FE air=112
P n=580 dr=0 q=0 t=0119399365 dt= +249689 OK m=5 rssi=-49 dn=14871 ty=0B tt=5 B3=0A pl=10410053FF6D6200 crc=9831 air=115
P n=581 dr=0 q=0 t=0119649059 dt= +249694 OK m=5 rssi=-49 dn=14871 ty=0B tt=5 B3=0A pl=10420050656E6600 crc=95C1 air=112
P n=582 dr=0 q=0 t=0119898751 dt= +249692 OK m=5 rssi=-49 dn=14871 ty=0B tt=5 B3=0A pl=10430051C96E6400 crc=44D7 air=112
S t=0120024718 ours=531 foreign=0 longframe=1 oddtype=0 crc_ok=531 crc_err=51 addr=582 end=582 dropped=0  B3: 0A=478 82=2 A2=5 D2=42 F2=4
P n=583 dr=0 q=0 t=0120148442 dt= +249691 OK m=5 rssi=-50 dn=14871 ty=0B tt=5 B3=0A pl=1044004F2E6F6500 crc=47A7 air=112
P n=584 dr=0 q=0 t=0120398133 dt= +249691 OK m=5 rssi=-51 dn=14871 ty=0B tt=5 B3=0A pl=104500528F6F6100 crc=8AE0 air=112
P n=585 dr=0 q=0 t=0120647825 dt= +249692 OK m=5 rssi=-50 dn=14871 ty=0B tt=5 B3=0A pl=1046004DF46F6500 crc=A36F air=112
P n=586 dr=0 q=0 t=0120897517 dt= +249692 OK m=5 rssi=-50 dn=14871 ty=0B tt=5 B3=0A pl=1047004F55706100 crc=60D9 air=112
P n=588 dr=0 q=0 t=0121147208 dt= +249691 OK m=5 rssi=-50 dn=14871 ty=0B tt=5 B3=0A pl=10480052B9706400 crc=FB3D air=112
P n=589 dr=0 q=0 t=0121396900 dt= +249692 OK m=5 rssi=-50 dn=14871 ty=0B tt=5 B3=0A pl=50FFFF01FF000100 crc=2C50 air=106
P n=590 dr=0 q=0 t=0121646590 dt= +249690 OK m=5 rssi=-50 dn=14871 ty=0B tt=5 B3=0A pl=011201FFFFFFFFFF crc=52B2 air=112
P n=591 dr=0 q=0 t=0121896282 dt= +249692 OK m=5 rssi=-50 dn=14871 ty=0B tt=5 B3=0A pl=51FF010153555400 crc=9BAC air=112
P n=594 dr=0 q=0 t=0122145974 dt= +249692 OK m=5 rssi=-50 dn=14871 ty=0B tt=5 B3=0A pl=104900531C716300 crc=1199 air=112
P n=596 dr=0 q=0 t=0122395665 dt= +249691 OK m=5 rssi=-50 dn=14871 ty=0B tt=5 B3=0A pl=104A004E83716700 crc=328E air=112
P n=597 dr=0 q=0 t=0122645357 dt= +249692 OK m=5 rssi=-50 dn=14871 ty=0B tt=5 B3=0A pl=104B004FE6716300 crc=09ED air=112
P n=598 dr=0 q=0 t=0122895047 dt= +249690 OK m=5 rssi=-50 dn=14871 ty=0B tt=5 B3=0A pl=104C005149726300 crc=BC93 air=112
P n=599 dr=0 q=0 t=0123144732 dt= +249685 OK m=5 rssi=-50 dn=14871 ty=0B tt=5 B3=0A pl=104D0051AF726600 crc=5874 air=119
P n=600 dr=0 q=0 t=0123394431 dt= +249699 OK m=5 rssi=-51 dn=14871 ty=0B tt=5 B3=0A pl=104E005311736200 crc=6C0A air=112
P n=601 dr=0 q=0 t=0123644122 dt= +249691 OK m=5 rssi=-50 dn=14871 ty=0B tt=5 B3=0A pl=104F005273736200 crc=CA80 air=112
P n=602 dr=0 q=0 t=0123893814 dt= +249692 OK m=5 rssi=-51 dn=14871 ty=0B tt=5 B3=0A pl=1050004DD4736100 crc=F8B9 air=112
P n=603 dr=0 q=0 t=0124143505 dt= +249691 OK m=5 rssi=-51 dn=14871 ty=0B tt=5 B3=0A pl=1051005137746300 crc=336D air=112
P n=604 dr=0 q=0 t=0124393196 dt= +249691 OK m=5 rssi=-50 dn=14871 ty=0B tt=5 B3=0A pl=1052004E9E746700 crc=5F89 air=110
P n=605 dr=0 q=0 t=0124642888 dt= +249692 OK m=5 rssi=-50 dn=14871 ty=0B tt=5 B3=0A pl=1053004DFF746100 crc=8CFA air=112
P n=606 dr=0 q=0 t=0124892579 dt= +249691 OK m=5 rssi=-51 dn=14871 ty=0B tt=5 B3=0A pl=1054005164756500 crc=39BB air=112
P n=607 dr=0 q=0 t=0125142271 dt= +249692 OK m=5 rssi=-50 dn=14871 ty=0B tt=5 B3=0A pl=1055004FCA756600 crc=5757 air=112
P n=608 dr=0 q=0 t=0125391962 dt= +249691 OK m=5 rssi=-50 dn=14871 ty=0B tt=5 B3=0A pl=1056005031766700 crc=0545 air=112
P n=609 dr=0 q=0 t=0125641654 dt= +249692 OK m=5 rssi=-51 dn=14871 ty=0B tt=5 B3=0A pl=1057005194766300 crc=8D82 air=112
P n=610 dr=0 q=0 t=0125891345 dt= +249691 OK m=5 rssi=-50 dn=14871 ty=0B tt=5 B3=0A pl=1058004FF7766300 crc=0E97 air=112
P n=611 dr=0 q=0 t=0126141032 dt= +249687 OK m=5 rssi=-51 dn=14871 ty=0B tt=5 B3=0A pl=1059004F5E776700 crc=5403 air=116
P n=612 dr=0 q=0 t=0126390728 dt= +249696 OK m=5 rssi=-51 dn=14871 ty=0B tt=5 B3=0A pl=105A004FC1776300 crc=5234 air=112
P n=613 dr=0 q=0 t=0126640420 dt= +249692 OK m=5 rssi=-50 dn=14871 ty=0B tt=5 B3=0A pl=105B004E27786600 crc=30B3 air=112
P n=615 dr=0 q=0 t=0126890111 dt= +249691 OK m=5 rssi=-50 dn=14871 ty=0B tt=5 B3=0A pl=105C004D8A786300 crc=EB20 air=112
P n=616 dr=0 q=0 t=0127139802 dt= +249691 OK m=5 rssi=-50 dn=14871 ty=0B tt=5 B3=0A pl=105D0050EE786400 crc=7CD5 air=112
P n=617 dr=0 q=0 t=0127389493 dt= +249691 OK m=5 rssi=-51 dn=14871 ty=0B tt=5 B3=0A pl=105E004F51796300 crc=4E6C air=112
P n=618 dr=0 q=0 t=0127639185 dt= +249692 OK m=5 rssi=-51 dn=14871 ty=0B tt=5 B3=0A pl=105F004DB3796200 crc=E83D air=112
P n=619 dr=0 q=0 t=0127888877 dt= +249692 OK m=5 rssi=-51 dn=14871 ty=0B tt=5 B3=0A pl=1060004D1A7A6700 crc=84FD air=112
P n=621 dr=0 q=0 t=0128138568 dt= +249691 OK m=5 rssi=-51 dn=14871 ty=0B tt=5 B3=0A pl=106100527D7A6300 crc=9904 air=112
P n=622 dr=0 q=0 t=0128388260 dt= +249692 OK m=5 rssi=-50 dn=14871 ty=0B tt=5 B3=0A pl=1062004EE17A6400 crc=DECD air=112
P n=623 dr=0 q=0 t=0128637950 dt= +249690 OK m=5 rssi=-50 dn=14871 ty=0B tt=5 B3=0A pl=1063004F447B6300 crc=3469 air=112
P n=624 dr=0 q=0 t=0128887642 dt= +249692 OK m=5 rssi=-51 dn=14871 ty=0B tt=5 B3=0A pl=10640052A77B6300 crc=173B air=112
P n=625 dr=0 q=0 t=0129137334 dt= +249692 OK m=5 rssi=-50 dn=14871 ty=0B tt=5 B3=0A pl=106500510B7C6400 crc=F8CB air=117
P n=626 dr=0 q=0 t=0129387025 dt= +249691 OK m=5 rssi=-50 dn=14871 ty=0B tt=5 B3=0A pl=1066004D727C6700 crc=4B69 air=112
P n=627 dr=0 q=0 t=0129636717 dt= +249692 OK m=5 rssi=-50 dn=14871 ty=0B tt=5 B3=0A pl=10670053D37C6100 crc=0E9E air=112
P n=628 dr=0 q=0 t=0129886408 dt= +249691 OK m=5 rssi=-50 dn=14871 ty=0B tt=5 B3=0A pl=1068004E3A7D6700 crc=4B5C air=112
P n=629 dr=0 q=0 t=0130136099 dt= +249691 OK m=5 rssi=-51 dn=14871 ty=0B tt=5 B3=0A pl=1069004E9C7D6200 crc=C127 air=112
P n=630 dr=0 q=0 t=0130385791 dt= +249692 OK m=5 rssi=-51 dn=14871 ty=0B tt=5 B3=0A pl=106A004E027E6600 crc=E8F4 air=112
P n=631 dr=0 q=0 t=0130635482 dt= +249691 OK m=5 rssi=-50 dn=14871 ty=0B tt=5 B3=0A pl=106B0051647E6200 crc=83B9 air=112
P n=632 dr=0 q=0 t=0130885175 dt= +249693 OK m=5 rssi=-50 dn=14871 ty=0B tt=5 B3=0A pl=106C0050C57E6100 crc=F93D air=111
P n=633 dr=0 q=0 t=0131134866 dt= +249691 OK m=5 rssi=-51 dn=14871 ty=0B tt=5 B3=0A pl=106D004E277F6200 crc=814F air=112
P n=634 dr=0 q=0 t=0131384556 dt= +249690 OK m=5 rssi=-51 dn=14871 ty=0B tt=5 B3=0A pl=106E004E887F6100 crc=3206 air=112
P n=635 dr=0 q=0 t=0131634248 dt= +249692 OK m=5 rssi=-50 dn=14871 ty=0B tt=5 B3=0A pl=106F0053EF7F6700 crc=0D1E air=112
P n=636 dr=0 q=0 t=0131883939 dt= +249691 OK m=5 rssi=-50 dn=14871 ty=0B tt=5 B3=0A pl=1070005354806500 crc=F643 air=112
P n=637 dr=0 q=0 t=0132133631 dt= +249692 OK m=5 rssi=-50 dn=14871 ty=0B tt=5 B3=0A pl=10710053B7806300 crc=FBB2 air=112
P n=638 dr=0 q=0 t=0132383323 dt= +249692 OK m=5 rssi=-50 dn=14871 ty=0B tt=5 B3=0A pl=107200511C816500 crc=0E4C air=112
P n=639 dr=0 q=0 t=0132633014 dt= +249691 OK m=5 rssi=-50 dn=14871 ty=0B tt=5 B3=0A pl=1073005280816400 crc=E263 air=112
P n=640 dr=0 q=0 t=0132882705 dt= +249691 OK m=5 rssi=-50 dn=14871 ty=0B tt=5 B3=0A pl=10740051E5816500 crc=C353 air=112
P n=641 dr=0 q=0 t=0133132396 dt= +249691 OK m=5 rssi=-50 dn=14871 ty=0B tt=5 B3=0A pl=1075005246826100 crc=71DE air=112
P n=642 dr=0 q=0 t=0133382088 dt= +249692 OK m=5 rssi=-51 dn=14871 ty=0B tt=5 B3=0A pl=10760051AA826400 crc=73A3 air=112
P n=643 dr=0 q=0 t=0133631780 dt= +249692 OK m=5 rssi=-50 dn=14871 ty=0B tt=5 B3=0A pl=1077004F0B836100 crc=5437 air=112
P n=644 dr=0 q=0 t=0133881464 dt= +249684 OK m=5 rssi=-50 dn=14871 ty=0B tt=5 B3=0A pl=1078004E70836500 crc=E421 air=119
P n=645 dr=0 q=0 t=0134131163 dt= +249699 OK m=5 rssi=-50 dn=14871 ty=0B tt=5 B3=0A pl=10790051D4836400 crc=2E55 air=112
P n=646 dr=0 q=0 t=0134380853 dt= +249690 OK m=5 rssi=-50 dn=14871 ty=0B tt=5 B3=0A pl=107A005239846500 crc=13C8 air=112
P n=647 dr=0 q=0 t=0134630545 dt= +249692 OK m=5 rssi=-50 dn=14871 ty=0B tt=5 B3=0A pl=107B00509C846300 crc=13BF air=112
P n=648 dr=0 q=0 t=0134880237 dt= +249692 OK m=5 rssi=-50 dn=14871 ty=0B tt=5 B3=0A pl=107C004F00856400 crc=4C52 air=112
S t=0135024874 ours=591 foreign=0 longframe=1 oddtype=0 crc_ok=591 crc_err=58 addr=649 end=649 dropped=0  B3: 0A=538 82=2 A2=5 D2=42 F2=4
P n=650 dr=0 q=0 t=0135129928 dt= +249691 OK m=5 rssi=-50 dn=14871 ty=0B tt=5 B3=0A pl=107D004F61856100 crc=24A0 air=112
P n=652 dr=0 q=0 t=0135379620 dt= +249692 OK m=5 rssi=-50 dn=14871 ty=0B tt=5 B3=0A pl=107E0051C8856700 crc=8477 air=112
P n=653 dr=0 q=0 t=0135629310 dt= +249690 OK m=5 rssi=-50 dn=14871 ty=0B tt=5 B3=0A pl=107F004F2A866200 crc=38C3 air=112
P n=654 dr=0 q=0 t=0135879002 dt= +249692 OK m=5 rssi=-51 dn=14871 ty=0B tt=5 B3=0A pl=108000508E866400 crc=7630 air=106
P n=655 dr=0 q=0 t=0136128694 dt= +249692 OK m=5 rssi=-50 dn=14871 ty=0B tt=5 B3=0A pl=1081004DF0866200 crc=A1F8 air=112
P n=656 dr=0 q=0 t=0136378385 dt= +249691 OK m=5 rssi=-51 dn=14871 ty=0B tt=5 B3=0A pl=1082004E53876300 crc=E203 air=112
P n=657 dr=0 q=0 t=0136628077 dt= +249692 OK m=5 rssi=-51 dn=14871 ty=0B tt=5 B3=0A pl=10830050B5876200 crc=01D2 air=112
P n=659 dr=0 q=0 t=0136877769 dt= +249692 OK m=5 rssi=-51 dn=14871 ty=0B tt=5 B3=0A pl=1084005217886200 crc=773A air=112
P n=660 dr=0 q=0 t=0137127459 dt= +249690 OK m=5 rssi=-51 dn=14871 ty=0B tt=5 B3=0A pl=1085004D79886200 crc=5570 air=112
P n=661 dr=0 q=0 t=0137377151 dt= +249692 OK m=5 rssi=-51 dn=14871 ty=0B tt=5 B3=0A pl=10860051DF886600 crc=03A8 air=112
P n=663 dr=0 q=0 t=0137626835 dt= +249684 OK m=5 rssi=-51 dn=14871 ty=0B tt=5 B3=0A pl=1087005041896200 crc=8EA9 air=120
P n=664 dr=0 q=0 t=0137876534 dt= +249699 OK m=5 rssi=-50 dn=14871 ty=0B tt=5 B3=0A pl=1088004EA5896400 crc=2B0F air=112
P n=665 dr=0 q=0 t=0138126226 dt= +249692 OK m=5 rssi=-51 dn=14871 ty=0B tt=5 B3=0A pl=108900500A8A6500 crc=0C65 air=112
P n=666 dr=0 q=0 t=0138375917 dt= +249691 OK m=5 rssi=-50 dn=14871 ty=0B tt=5 B3=0A pl=108A004D708A6600 crc=8E4A air=112
P n=668 dr=0 q=0 t=0138625608 dt= +249691 OK m=5 rssi=-51 dn=14871 ty=0B tt=5 B3=0A pl=108B0052D18A6100 crc=52DD air=112
P n=669 dr=0 q=0 t=0138875299 dt= +249691 OK m=5 rssi=-50 dn=14871 ty=0B tt=5 B3=0A pl=108C004D328B6100 crc=023C air=112
P n=670 dr=0 q=0 t=0139124991 dt= +249692 OK m=5 rssi=-53 dn=14871 ty=0B tt=5 B3=0A pl=108D0052978B6500 crc=4109 air=112
P n=671 dr=0 q=0 t=0139374683 dt= +249692 OK m=5 rssi=-51 dn=14871 ty=0B tt=5 B3=0A pl=108E0051FD8B6600 crc=1373 air=112
P n=672 dr=0 q=0 t=0139624374 dt= +249691 OK m=5 rssi=-50 dn=14871 ty=0B tt=5 B3=0A pl=108F0051648C6700 crc=285B air=112
P n=673 dr=0 q=0 t=0139874066 dt= +249692 OK m=5 rssi=-50 dn=14871 ty=0B tt=5 B3=0A pl=10900052C58C6100 crc=4D7F air=112
P n=674 dr=0 q=0 t=0140123756 dt= +249690 OK m=5 rssi=-50 dn=14871 ty=0B tt=5 B3=0A pl=10910053268D6100 crc=7749 air=112
P n=675 dr=0 q=0 t=0140373448 dt= +249692 OK m=5 rssi=-50 dn=14871 ty=0B tt=5 B3=0A pl=1092004D8A8D6400 crc=3E88 air=112
P n=676 dr=0 q=0 t=0140623140 dt= +249692 OK m=5 rssi=-50 dn=14871 ty=0B tt=5 B3=0A pl=10930052EE8D6400 crc=7469 air=105
P n=677 dr=0 q=0 t=0140872831 dt= +249691 OK m=5 rssi=-50 dn=14871 ty=0B tt=5 B3=0A pl=1094004F508E6200 crc=E870 air=112
P n=679 dr=0 q=0 t=0141122523 dt= +249692 OK m=5 rssi=-50 dn=14871 ty=0B tt=5 B3=0A pl=1095004EB58E6500 crc=5B78 air=112
P n=680 dr=0 q=0 t=0141621905 dt= +499382 OK m=5 rssi=-50 dn=14871 ty=0B tt=5 B3=0A pl=109700527A8F6400 crc=D7A1 air=112
P n=681 dr=0 q=0 t=0141871597 dt= +249692 OK m=5 rssi=-50 dn=14871 ty=0B tt=5 B3=0A pl=1098004DE18F6700 crc=B138 air=112
P n=682 dr=0 q=0 t=0142121288 dt= +249691 OK m=5 rssi=-50 dn=14871 ty=0B tt=5 B3=0A pl=1099005345906400 crc=D82D air=112
P n=684 dr=0 q=0 t=0142370980 dt= +249692 OK m=5 rssi=-50 dn=14871 ty=0B tt=5 B3=0A pl=109A004FA7906200 crc=4CFA air=112
P n=685 dr=0 q=0 t=0142620672 dt= +249692 OK m=5 rssi=-50 dn=14871 ty=0B tt=5 B3=0A pl=109B004E0A916300 crc=893B air=112
P n=686 dr=0 q=0 t=0142870362 dt= +249690 OK m=5 rssi=-50 dn=14871 ty=0B tt=5 B3=0A pl=109C00506C916200 crc=16F7 air=112
P n=687 dr=0 q=0 t=0143120054 dt= +249692 OK m=5 rssi=-51 dn=14871 ty=0B tt=5 B3=0A pl=109D0052CF916300 crc=A88E air=112
P n=688 dr=0 q=0 t=0143369745 dt= +249691 OK m=5 rssi=-51 dn=14871 ty=0B tt=5 B3=0A pl=109E004F36926700 crc=AC82 air=112
P n=689 dr=0 q=0 t=0143619437 dt= +249692 OK m=5 rssi=-53 dn=14871 ty=0B tt=5 B3=0A pl=109F004D9D926700 crc=A409 air=106
P n=690 dr=0 q=0 t=0143869129 dt= +249692 OK m=5 rssi=-52 dn=14871 ty=0B tt=5 B3=0A pl=10A0005302936500 crc=FFBC air=112
P n=691 dr=0 q=0 t=0144118820 dt= +249691 OK m=5 rssi=-51 dn=14871 ty=0B tt=5 B3=0A pl=10A1005166936400 crc=A34C air=112
P n=692 dr=0 q=0 t=0144368511 dt= +249691 OK m=5 rssi=-51 dn=14871 ty=0B tt=5 B3=0A pl=10A2004DC9936300 crc=53B0 air=112
P n=693 dr=0 q=0 t=0144618202 dt= +249691 OK m=5 rssi=-51 dn=14871 ty=0B tt=5 B3=0A pl=10A300532A946100 crc=DCE7 air=112
P n=694 dr=0 q=0 t=0144867894 dt= +249692 OK m=5 rssi=-51 dn=14871 ty=0B tt=5 B3=0A pl=10A4004D91946700 crc=4B39 air=112
P n=695 dr=0 q=0 t=0145117586 dt= +249692 OK m=5 rssi=-51 dn=14871 ty=0B tt=5 B3=0A pl=10A5004FF4946300 crc=9E88 air=112
P n=696 dr=0 q=0 t=0145367270 dt= +249684 OK m=5 rssi=-51 dn=14871 ty=0B tt=5 B3=0A pl=10A6004E5B956700 crc=2937 air=119
P n=697 dr=0 q=0 t=0145616968 dt= +249698 OK m=5 rssi=-51 dn=14871 ty=0B tt=5 B3=0A pl=10A70050C2956700 crc=6F4C air=112
P n=698 dr=0 q=0 t=0145866659 dt= +249691 OK m=5 rssi=-51 dn=14871 ty=0B tt=5 B3=0A pl=10A8005028966600 crc=6385 air=112
P n=699 dr=0 q=0 t=0146116351 dt= +249692 OK m=5 rssi=-52 dn=14871 ty=0B tt=5 B3=0A pl=10A9004E8A966200 crc=DBCC air=112
P n=700 dr=0 q=0 t=0146366043 dt= +249692 OK m=5 rssi=-52 dn=14871 ty=0B tt=5 B3=0A pl=10AA004FEF966500 crc=D51F air=112
P n=701 dr=0 q=0 t=0146615734 dt= +249691 OK m=5 rssi=-51 dn=14871 ty=0B tt=5 B3=0A pl=10AB005151976200 crc=5BA0 air=112
P n=702 dr=0 q=0 t=0146865426 dt= +249692 OK m=5 rssi=-51 dn=14871 ty=0B tt=5 B3=0A pl=10AC0053B4976300 crc=0DF9 air=112
P n=703 dr=0 q=0 t=0147115116 dt= +249690 OK m=5 rssi=-51 dn=14871 ty=0B tt=5 B3=0A pl=10AD004F19986500 crc=6F8E air=112
P n=704 dr=0 q=0 t=0147364808 dt= +249692 OK m=5 rssi=-51 dn=14871 ty=0B tt=5 B3=0A pl=10AE00517E986500 crc=7401 air=112
P n=705 dr=0 q=0 t=0147614500 dt= +249692 OK m=5 rssi=-51 dn=14871 ty=0B tt=5 B3=0A pl=10AF0051E4986600 crc=3707 air=112
P n=706 dr=0 q=0 t=0147864191 dt= +249691 OK m=5 rssi=-51 dn=14871 ty=0B tt=5 B3=0A pl=10B0005047996300 crc=99AB air=112
P n=708 dr=0 q=0 t=0148113883 dt= +249692 OK m=5 rssi=-51 dn=14871 ty=0B tt=5 B3=0A pl=10B10053A9996200 crc=DA99 air=112
P n=710 dr=0 q=0 t=0148363574 dt= +249691 OK m=5 rssi=-51 dn=14871 ty=0B tt=5 B3=0A pl=10B2004E0A9A6100 crc=5A92 air=115
P n=711 dr=0 q=0 t=0148613265 dt= +249691 OK m=5 rssi=-51 dn=14871 ty=0B tt=5 B3=0A pl=10B3004F6E9A6400 crc=2474 air=112
P n=712 dr=0 q=0 t=0148862957 dt= +249692 OK m=5 rssi=-51 dn=14871 ty=0B tt=5 B3=0A pl=10B40051D39A6500 crc=0DA4 air=112
P n=713 dr=0 q=0 t=0149112648 dt= +249691 OK m=5 rssi=-52 dn=14871 ty=0B tt=5 B3=0A pl=10B50051379B6400 crc=FFDF air=112
P n=714 dr=0 q=0 t=0149362340 dt= +249692 OK m=5 rssi=-51 dn=14871 ty=0B tt=5 B3=0A pl=10B600529A9B6300 crc=83E8 air=112
P n=715 dr=0 q=0 t=0149612032 dt= +249692 OK m=5 rssi=-48 dn=14871 ty=0B tt=5 B3=0A pl=10B7004FFB9B6100 crc=57AD air=112
P n=716 dr=0 q=0 t=0149861722 dt= +249690 OK m=5 rssi=-47 dn=14871 ty=0B tt=5 B3=0A pl=10B80050619C6600 crc=0ED4 air=112
S t=0150022925 ours=650 foreign=0 longframe=1 oddtype=0 crc_ok=650 crc_err=66 addr=716 end=716 dropped=0  B3: 0A=597 82=2 A2=5 D2=42 F2=4
P n=717 dr=0 q=0 t=0150111414 dt= +249692 OK m=5 rssi=-47 dn=14871 ty=0B tt=5 B3=0A pl=10B90053C39C6200 crc=93BD air=112
P n=718 dr=0 q=0 t=0150361105 dt= +249691 OK m=5 rssi=-47 dn=14871 ty=0B tt=5 B3=0A pl=10BA004D249D6100 crc=3769 air=112
P n=719 dr=0 q=0 t=0150610797 dt= +249692 OK m=5 rssi=-47 dn=14871 ty=0B tt=5 B3=0A pl=10BB0050889D6400 crc=F099 air=112
P n=721 dr=0 q=0 t=0150860489 dt= +249692 OK m=5 rssi=-47 dn=14871 ty=0B tt=5 B3=0A pl=10BC004DEC9D6400 crc=5FDE air=112
P n=722 dr=0 q=0 t=0151110180 dt= +249691 OK m=5 rssi=-47 dn=14871 ty=0B tt=5 B3=0A pl=10BD004E509E6400 crc=EEDE air=112
P n=723 dr=0 q=0 t=0151359871 dt= +249691 OK m=5 rssi=-47 dn=14871 ty=0B tt=5 B3=0A pl=10BE004FB69E6600 crc=591C air=112
P n=724 dr=0 q=0 t=0151609562 dt= +249691 OK m=5 rssi=-47 dn=14871 ty=0B tt=5 B3=0A pl=10BF0052179F6100 crc=F638 air=112
P n=725 dr=0 q=0 t=0151859254 dt= +249692 OK m=5 rssi=-47 dn=14871 ty=0B tt=5 B3=0A pl=50FFFF01FF000100 crc=2C50 air=112
P n=726 dr=0 q=0 t=0152108946 dt= +249692 OK m=5 rssi=-47 dn=14871 ty=0B tt=5 B3=0A pl=011201FFFFFFFFFF crc=52B2 air=111
P n=727 dr=0 q=0 t=0152358637 dt= +249691 OK m=5 rssi=-47 dn=14871 ty=0B tt=5 B3=0A pl=51FF010153555400 crc=9BAC air=112
P n=728 dr=0 q=0 t=0152608329 dt= +249692 OK m=5 rssi=-47 dn=14871 ty=0B tt=5 B3=0A pl=10C000507E9F6700 crc=BC30 air=112
P n=729 dr=0 q=0 t=0152858019 dt= +249690 OK m=5 rssi=-47 dn=14871 ty=0B tt=5 B3=0A pl=10C1004EE49F6600 crc=52A6 air=112
P n=730 dr=0 q=0 t=0153107711 dt= +249692 OK m=5 rssi=-47 dn=14871 ty=0B tt=5 B3=0A pl=10C200514AA06600 crc=4A3F air=112
P n=731 dr=0 q=0 t=0153357403 dt= +249692 OK m=5 rssi=-47 dn=14871 ty=0B tt=5 B3=0A pl=10C3004DB1A06700 crc=CF4C air=112
P n=732 dr=0 q=0 t=0153607094 dt= +249691 OK m=5 rssi=-47 dn=14871 ty=0B tt=5 B3=0A pl=10C4005118A16700 crc=7748 air=112
P n=733 dr=0 q=0 t=0153856786 dt= +249692 OK m=5 rssi=-47 dn=14871 ty=0B tt=5 B3=0A pl=10C500517DA16500 crc=4CDC air=112
P n=734 dr=0 q=0 t=0154106476 dt= +249690 OK m=5 rssi=-47 dn=14871 ty=0B tt=5 B3=0A pl=10C6004EDFA16200 crc=6B74 air=112
P n=735 dr=0 q=0 t=0154356168 dt= +249692 OK m=5 rssi=-47 dn=14871 ty=0B tt=5 B3=0A pl=10C7004F42A26300 crc=EC3C air=112
P n=736 dr=0 q=0 t=0154605860 dt= +249692 OK m=5 rssi=-47 dn=14871 ty=0B tt=5 B3=0A pl=10C80053A8A26600 crc=FA10 air=112
P n=737 dr=0 q=0 t=0154855551 dt= +249691 OK m=5 rssi=-46 dn=14871 ty=0B tt=5 B3=0A pl=10C9004D0CA36400 crc=F856 air=112
P n=738 dr=0 q=0 t=0155105243 dt= +249692 OK m=5 rssi=-47 dn=14871 ty=0B tt=5 B3=0A pl=10CA005072A36600 crc=83B9 air=112
P n=739 dr=0 q=0 t=0155354934 dt= +249691 OK m=5 rssi=-47 dn=14871 ty=0B tt=5 B3=0A pl=10CB0050D3A36100 crc=3E8D air=112
P n=740 dr=0 q=0 t=0155604625 dt= +249691 OK m=5 rssi=-47 dn=14871 ty=0B tt=5 B3=0A pl=10CC004E37A46400 crc=D845 air=112
P n=741 dr=0 q=0 t=0155854317 dt= +249692 OK m=5 rssi=-47 dn=14871 ty=0B tt=5 B3=0A pl=10CD004F9AA46300 crc=8012 air=112
P n=742 dr=0 q=0 t=0156104008 dt= +249691 OK m=5 rssi=-47 dn=14871 ty=0B tt=5 B3=0A pl=10CE004FFDA46300 crc=506F air=112
P n=743 dr=0 q=0 t=0156353700 dt= +249692 OK m=5 rssi=-47 dn=14871 ty=0B tt=5 B3=0A pl=10CF004F62A56500 crc=67E9 air=112
P n=744 dr=0 q=0 t=0156603391 dt= +249691 OK m=5 rssi=-47 dn=14871 ty=0B tt=5 B3=0A pl=10D00051C4A56200 crc=45F1 air=112
P n=745 dr=0 q=0 t=0156853076 dt= +249685 OK m=5 rssi=-47 dn=14871 ty=0B tt=5 B3=0A pl=10D1005028A66400 crc=6FEF air=119
P n=746 dr=0 q=0 t=0157102774 dt= +249698 OK m=5 rssi=-47 dn=14871 ty=0B tt=5 B3=0A pl=10D200528DA66500 crc=96EC air=112
P n=747 dr=0 q=0 t=0157352465 dt= +249691 OK m=5 rssi=-47 dn=14871 ty=0B tt=5 B3=0A pl=10D3004EEFA66200 crc=8CD1 air=112
P n=748 dr=0 q=0 t=0157602157 dt= +249692 OK m=5 rssi=-47 dn=14871 ty=0B tt=5 B3=0A pl=10D4005155A76600 crc=96B8 air=112
P n=749 dr=0 q=0 t=0157851849 dt= +249692 OK m=5 rssi=-47 dn=14871 ty=0B tt=5 B3=0A pl=10D50053B7A76200 crc=CF1C air=112
P n=750 dr=0 q=0 t=0158101540 dt= +249691 OK m=5 rssi=-47 dn=14871 ty=0B tt=5 B3=0A pl=10D6004E1AA86300 crc=FE4E air=112
P n=751 dr=0 q=0 t=0158351231 dt= +249691 OK m=5 rssi=-47 dn=14871 ty=0B tt=5 B3=0A pl=10D7005380A86600 crc=32CE air=112
P n=752 dr=0 q=0 t=0158600922 dt= +249691 OK m=5 rssi=-47 dn=14871 ty=0B tt=5 B3=0A pl=10D80052E1A86100 crc=A487 air=112
P n=753 dr=0 q=0 t=0158850614 dt= +249692 OK m=5 rssi=-47 dn=14871 ty=0B tt=5 B3=0A pl=10D9004F46A96500 crc=7969 air=112
P n=754 dr=0 q=0 t=0159100306 dt= +249692 OK m=5 rssi=-47 dn=14871 ty=0B tt=5 B3=0A pl=10DA004FABA96500 crc=1C87 air=112
P n=755 dr=0 q=0 t=0159599689 dt= +499383 OK m=5 rssi=-47 dn=14871 ty=0B tt=5 B3=0A pl=10DC004E74AA6300 crc=98E8 air=112
P n=756 dr=0 q=0 t=0159849380 dt= +249691 OK m=5 rssi=-47 dn=14871 ty=0B tt=5 B3=0A pl=10DD0053D5AA6100 crc=FF09 air=119
P n=757 dr=0 q=0 t=0160099071 dt= +249691 OK m=5 rssi=-47 dn=14871 ty=0B tt=5 B3=0A pl=10DE004D3BAB6600 crc=646E air=112
P n=758 dr=0 q=0 t=0160348763 dt= +249692 OK m=5 rssi=-47 dn=14871 ty=0B tt=5 B3=0A pl=10DF004F9EAB6300 crc=314A air=112
P n=759 dr=0 q=0 t=0160598454 dt= +249691 OK m=5 rssi=-47 dn=14871 ty=0B tt=5 B3=0A pl=10E0004E05AC6700 crc=D9AB air=112
P n=760 dr=0 q=0 t=0160848146 dt= +249692 OK m=5 rssi=-47 dn=14871 ty=0B tt=5 B3=0A pl=10E1005366AC6100 crc=2C42 air=112
P n=761 dr=0 q=0 t=0161097838 dt= +249692 OK m=5 rssi=-47 dn=14871 ty=0B tt=5 B3=0A pl=10E2004EC7AC6100 crc=4D22 air=112
P n=763 dr=0 q=0 t=0161347528 dt= +249690 OK m=5 rssi=-47 dn=14871 ty=0B tt=5 B3=0A pl=10E300502AAD6300 crc=D28F air=112
P n=764 dr=0 q=0 t=0161597220 dt= +249692 OK m=5 rssi=-47 dn=14871 ty=0B tt=5 B3=0A pl=10E400518EAD6400 crc=D88A air=112
P n=765 dr=0 q=0 t=0161846911 dt= +249691 OK m=5 rssi=-47 dn=14871 ty=0B tt=5 B3=0A pl=10E50052F5AD6700 crc=8700 air=112
P n=766 dr=0 q=0 t=0162096603 dt= +249692 OK m=5 rssi=-47 dn=14871 ty=0B tt=5 B3=0A pl=10E6004E56AE6100 crc=52AF air=112
P n=767 dr=0 q=0 t=0162346295 dt= +249692 OK m=5 rssi=-47 dn=14871 ty=0B tt=5 B3=0A pl=10E70053B7AE6100 crc=3DB0 air=112
P n=768 dr=0 q=0 t=0162595986 dt= +249691 OK m=5 rssi=-47 dn=14871 ty=0B tt=5 B3=0A pl=10E800531CAF6500 crc=B8C4 air=112
P n=769 dr=0 q=0 t=0162845677 dt= +249691 OK m=5 rssi=-47 dn=14871 ty=0B tt=5 B3=0A pl=10E900527EAF6200 crc=87D9 air=104
P n=770 dr=0 q=0 t=0163095368 dt= +249691 OK m=5 rssi=-47 dn=14871 ty=0B tt=5 B3=0A pl=10EA004EE4AF6600 crc=B2DA air=112
P n=771 dr=0 q=0 t=0163345060 dt= +249692 OK m=5 rssi=-47 dn=14871 ty=0B tt=5 B3=0A pl=10EB00504BB06700 crc=A3B2 air=112
P n=772 dr=0 q=0 t=0163594751 dt= +249691 OK m=5 rssi=-47 dn=14871 ty=0B tt=5 B3=0A pl=10EC0053AFB06400 crc=4F6C air=112
P n=773 dr=0 q=0 t=0163844443 dt= +249692 OK m=5 rssi=-47 dn=14871 ty=0B tt=5 B3=0A pl=10ED004E16B16700 crc=B2E8 air=112
P n=774 dr=0 q=0 t=0164094134 dt= +249691 OK m=5 rssi=-47 dn=14871 ty=0B tt=5 B3=0A pl=10EE005278B16200 crc=E166 air=112
P n=775 dr=0 q=0 t=0164343825 dt= +249691 OK m=5 rssi=-47 dn=14871 ty=0B tt=5 B3=0A pl=10EF0053DAB16200 crc=F448 air=112
P n=776 dr=0 q=0 t=0164593518 dt= +249693 OK m=5 rssi=-47 dn=14871 ty=0B tt=5 B3=0A pl=10F0004E3CB26200 crc=96D9 air=111
P n=777 dr=0 q=0 t=0164843209 dt= +249691 OK m=5 rssi=-47 dn=14871 ty=0B tt=5 B3=0A pl=10F100509FB26300 crc=A7D1 air=112
S t=0165023082 ours=709 foreign=0 longframe=1 oddtype=0 crc_ok=709 crc_err=68 addr=777 end=777 dropped=0  B3: 0A=656 82=2 A2=5 D2=42 F2=4
P n=778 dr=0 q=0 t=0165092900 dt= +249691 OK m=5 rssi=-47 dn=14871 ty=0B tt=5 B3=0A pl=10F2004D05B36600 crc=3C82 air=112
P n=779 dr=0 q=0 t=0165342592 dt= +249692 OK m=5 rssi=-47 dn=14871 ty=0B tt=5 B3=0A pl=10F3005368B36300 crc=D0B0 air=112
P n=780 dr=0 q=0 t=0165592283 dt= +249691 OK m=5 rssi=-47 dn=14871 ty=0B tt=5 B3=0A pl=10F40051CFB36700 crc=FAE8 air=112
P n=781 dr=0 q=0 t=0165841974 dt= +249691 OK m=5 rssi=-47 dn=14871 ty=0B tt=5 B3=0A pl=10F5005032B46300 crc=0747 air=112
P n=782 dr=0 q=0 t=0166091666 dt= +249692 OK m=5 rssi=-47 dn=14871 ty=0B tt=5 B3=0A pl=10F6005396B46400 crc=8807 air=112
P n=784 dr=0 q=0 t=0166341357 dt= +249691 OK m=5 rssi=-47 dn=14871 ty=0B tt=5 B3=0A pl=10F70050F9B46300 crc=CA1F air=112
P n=787 dr=0 q=0 t=0166591049 dt= +249692 OK m=5 rssi=-47 dn=14871 ty=0B tt=5 B3=0A pl=10F8004D5CB56300 crc=04D5 air=110
P n=788 dr=0 q=0 t=0166840741 dt= +249692 OK m=5 rssi=-47 dn=14871 ty=0B tt=5 B3=0A pl=10F9004DC2B56600 crc=2784 air=112
P n=789 dr=0 q=0 t=0167090431 dt= +249690 OK m=5 rssi=-47 dn=14871 ty=0B tt=5 B3=0A pl=10FA004E27B66500 crc=2578 air=112
P n=790 dr=0 q=0 t=0167340123 dt= +249692 OK m=5 rssi=-47 dn=14871 ty=0B tt=5 B3=0A pl=10FB004F8BB66400 crc=A13D air=112
P n=791 dr=0 q=0 t=0167589814 dt= +249691 OK m=5 rssi=-47 dn=14871 ty=0B tt=5 B3=0A pl=10FC004EF0B66500 crc=7D73 air=112
P n=792 dr=0 q=0 t=0167839506 dt= +249692 OK m=5 rssi=-47 dn=14871 ty=0B tt=5 B3=0A pl=10FD004D51B76100 crc=4CF6 air=112
P n=794 dr=0 q=0 t=0168089198 dt= +249692 OK m=5 rssi=-47 dn=14871 ty=0B tt=5 B3=0A pl=10FE004DB7B76600 crc=AE90 air=112
P n=795 dr=0 q=0 t=0168338904 dt= +249706 OK m=5 rssi=-47 dn=14871 ty=0B tt=5 B3=0A pl=10FF004E19B86200 crc=50FA air=96
P n=796 dr=0 q=0 t=0168588580 dt= +249676 OK m=5 rssi=-47 dn=14871 ty=0B tt=5 B3=0A pl=100000507FB86600 crc=8CF6 air=112
P n=797 dr=0 q=0 t=0168838271 dt= +249691 OK m=5 rssi=-47 dn=14871 ty=0B tt=5 B3=0A pl=10010051E4B86500 crc=1315 air=112
P n=798 dr=0 q=0 t=0169087963 dt= +249692 OK m=5 rssi=-47 dn=14871 ty=0B tt=5 B3=0A pl=1002004E48B96400 crc=0B71 air=112
P n=799 dr=0 q=0 t=0169337655 dt= +249692 OK m=5 rssi=-47 dn=14871 ty=0B tt=5 B3=0A pl=10030050ACB96400 crc=36F9 air=112
P n=800 dr=0 q=0 t=0169587346 dt= +249691 OK m=5 rssi=-47 dn=14871 ty=0B tt=5 B3=0A pl=100400510DBA6100 crc=BF8B air=129
P n=802 dr=0 q=0 t=0169837037 dt= +249691 OK m=5 rssi=-47 dn=14871 ty=0B tt=5 B3=0A pl=1005004E74BA6700 crc=7DED air=112
P n=803 dr=0 q=0 t=0170086728 dt= +249691 OK m=5 rssi=-47 dn=14871 ty=0B tt=5 B3=0A pl=1006004ED9BA6500 crc=10FD air=112
P n=804 dr=0 q=0 t=0170336420 dt= +249692 OK m=5 rssi=-47 dn=14871 ty=0B tt=5 B3=0A pl=1007004F3ABB6100 crc=E60F air=112
P n=805 dr=0 q=0 t=0170586112 dt= +249692 OK m=5 rssi=-47 dn=14871 ty=0B tt=5 B3=0A pl=1008004F9DBB6300 crc=B1DF air=112
P n=806 dr=0 q=0 t=0170835803 dt= +249691 OK m=5 rssi=-47 dn=14871 ty=0B tt=5 B3=0A pl=1009005000BC6300 crc=1294 air=112
P n=807 dr=0 q=0 t=0171085495 dt= +249692 OK m=5 rssi=-47 dn=14871 ty=0B tt=5 B3=0A pl=100A005063BC6300 crc=0818 air=112
P n=808 dr=0 q=0 t=0171335181 dt= +249686 OK m=5 rssi=-47 dn=14871 ty=0B tt=5 B3=0A pl=100B004FC4BC6100 crc=0CE3 air=116
P n=809 dr=0 q=0 t=0171584877 dt= +249696 OK m=5 rssi=-47 dn=14871 ty=0B tt=5 B3=0A pl=100C005028BD6400 crc=7719 air=112
P n=810 dr=0 q=0 t=0171834569 dt= +249692 OK m=5 rssi=-47 dn=14871 ty=0B tt=5 B3=0A pl=100D004F8DBD6500 crc=CBD9 air=112
P n=811 dr=0 q=0 t=0172084260 dt= +249691 OK m=5 rssi=-47 dn=14871 ty=0B tt=5 B3=0A pl=100E0053F0BD6300 crc=4D7F air=112
P n=812 dr=0 q=0 t=0172333952 dt= +249692 OK m=5 rssi=-47 dn=14871 ty=0B tt=5 B3=0A pl=100F005156BE6600 crc=DAD7 air=112
P n=813 dr=0 q=0 t=0172583642 dt= +249690 OK m=5 rssi=-47 dn=14871 ty=0B tt=5 B3=0A pl=1010004FBCBE6600 crc=40F6 air=112
P n=814 dr=0 q=0 t=0172833334 dt= +249692 OK m=5 rssi=-47 dn=14871 ty=0B tt=5 B3=0A pl=1011004E1FBF6300 crc=EBA9 air=112
P n=815 dr=0 q=0 t=0173083026 dt= +249692 OK m=5 rssi=-47 dn=14871 ty=0B tt=5 B3=0A pl=1012004E85BF6600 crc=62EA air=112
P n=816 dr=0 q=0 t=0173332717 dt= +249691 OK m=5 rssi=-47 dn=14871 ty=0B tt=5 B3=0A pl=10130053E7BF6200 crc=87D5 air=112
P n=817 dr=0 q=0 t=0173582409 dt= +249692 OK m=5 rssi=-47 dn=14871 ty=0B tt=5 B3=0A pl=101400524BC06400 crc=CF1B air=112
P n=818 dr=0 q=0 t=0173832101 dt= +249692 OK m=5 rssi=-47 dn=14871 ty=0B tt=5 B3=0A pl=10150052ADC06200 crc=7EAF air=112
P n=819 dr=0 q=0 t=0174081791 dt= +249690 OK m=5 rssi=-47 dn=14871 ty=0B tt=5 B3=0A pl=1016005314C16700 crc=C61F air=112
P n=820 dr=0 q=0 t=0174331481 dt= +249690 OK m=5 rssi=-47 dn=14871 ty=0B tt=5 B3=0A pl=1017005377C16300 crc=70B4 air=114
P n=821 dr=0 q=0 t=0174581174 dt= +249693 OK m=5 rssi=-47 dn=14871 ty=0B tt=5 B3=0A pl=1018004FDCC16500 crc=2BE3 air=112
P n=822 dr=0 q=0 t=0174830866 dt= +249692 OK m=5 rssi=-47 dn=14871 ty=0B tt=5 B3=0A pl=1019004E43C26700 crc=1490 air=112
P n=823 dr=0 q=0 t=0175080558 dt= +249692 OK m=5 rssi=-47 dn=14871 ty=0B tt=5 B3=0A pl=101A0050A6C26300 crc=F38B air=112
P n=824 dr=0 q=0 t=0175330249 dt= +249691 OK m=5 rssi=-47 dn=14871 ty=0B tt=5 B3=0A pl=101B004E0BC36500 crc=CE7E air=112
P n=825 dr=0 q=0 t=0175579940 dt= +249691 OK m=5 rssi=-47 dn=14871 ty=0B tt=5 B3=0A pl=101C004F71C36600 crc=02E6 air=112
P n=826 dr=0 q=0 t=0175829631 dt= +249691 OK m=5 rssi=-47 dn=14871 ty=0B tt=5 B3=0A pl=101D004FD2C36100 crc=52BA air=112
P n=827 dr=0 q=0 t=0176079323 dt= +249692 OK m=5 rssi=-47 dn=14871 ty=0B tt=5 B3=0A pl=101E004D39C46700 crc=7B78 air=112
P n=828 dr=0 q=0 t=0176329015 dt= +249692 OK m=5 rssi=-47 dn=14871 ty=0B tt=5 B3=0A pl=101F00509FC46600 crc=18E7 air=112
P n=829 dr=0 q=0 t=0176578706 dt= +249691 OK m=5 rssi=-47 dn=14871 ty=0B tt=5 B3=0A pl=1020005300C56100 crc=9987 air=112
P n=830 dr=0 q=0 t=0176828397 dt= +249691 OK m=5 rssi=-47 dn=14871 ty=0B tt=5 B3=0A pl=1021004E61C56100 crc=2BA0 air=112
P n=831 dr=0 q=0 t=0177078088 dt= +249691 OK m=5 rssi=-47 dn=14871 ty=0B tt=5 B3=0A pl=10220053C6C56500 crc=A19D air=112
P n=832 dr=0 q=0 t=0177327780 dt= +249692 OK m=5 rssi=-47 dn=14871 ty=0B tt=5 B3=0A pl=1023004E27C66100 crc=5B16 air=105
P n=833 dr=0 q=0 t=0177577472 dt= +249692 OK m=5 rssi=-47 dn=14871 ty=0B tt=5 B3=0A pl=102400508AC66300 crc=3C32 air=112
P n=834 dr=0 q=0 t=0177827163 dt= +249691 OK m=5 rssi=-47 dn=14871 ty=0B tt=5 B3=0A pl=1025004DEBC66100 crc=E877 air=112
P n=836 dr=0 q=0 t=0178076855 dt= +249692 OK m=5 rssi=-47 dn=14871 ty=0B tt=5 B3=0A pl=102600514EC76300 crc=B8E5 air=112
P n=837 dr=0 q=0 t=0178326545 dt= +249690 OK m=5 rssi=-47 dn=14871 ty=0B tt=5 B3=0A pl=10270050B3C76500 crc=A6B8 air=112
P n=838 dr=0 q=0 t=0178576237 dt= +249692 OK m=5 rssi=-47 dn=14871 ty=0B tt=5 B3=0A pl=1028005319C86600 crc=393C air=112
P n=839 dr=0 q=0 t=0178825929 dt= +249692 OK m=5 rssi=-47 dn=14871 ty=0B tt=5 B3=0A pl=102900537AC86100 crc=DAC4 air=112
P n=840 dr=0 q=0 t=0179075626 dt= +249697 OK m=5 rssi=-47 dn=14871 ty=0B tt=5 B3=0A pl=102A004EDBC86100 crc=BBA4 air=106
P n=841 dr=0 q=0 t=0179325312 dt= +249686 OK m=5 rssi=-47 dn=14871 ty=0B tt=5 B3=0A pl=102B004F3EC96300 crc=C069 air=112
P n=843 dr=0 q=0 t=0179575003 dt= +249691 OK m=5 rssi=-47 dn=14871 ty=0B tt=5 B3=0A pl=102C0053A4C96600 crc=079D air=112
P n=844 dr=0 q=0 t=0179824694 dt= +249691 OK m=5 rssi=-47 dn=14871 ty=0B tt=5 B3=0A pl=102D004F08CA6400 crc=AAFB air=112
S t=0180023147 ours=769 foreign=0 longframe=1 oddtype=0 crc_ok=769 crc_err=75 addr=844 end=844 dropped=0  B3: 0A=716 82=2 A2=5 D2=42 F2=4
P n=845 dr=0 q=0 t=0180074386 dt= +249692 OK m=5 rssi=-47 dn=14871 ty=0B tt=5 B3=0A pl=102E004D6ACA6200 crc=28E6 air=112
P n=846 dr=0 q=0 t=0180324077 dt= +249691 OK m=5 rssi=-47 dn=14871 ty=0B tt=5 B3=0A pl=102F004ECCCA6200 crc=B3BA air=112
P n=847 dr=0 q=0 t=0180573769 dt= +249692 OK m=5 rssi=-47 dn=14871 ty=0B tt=5 B3=0A pl=1030005232CB6600 crc=47BA air=112
P n=848 dr=0 q=0 t=0180823461 dt= +249692 OK m=5 rssi=-47 dn=14871 ty=0B tt=5 B3=0A pl=1031004F96CB6400 crc=9C1E air=112
P n=849 dr=0 q=0 t=0181073151 dt= +249690 OK m=5 rssi=-47 dn=14871 ty=0B tt=5 B3=0A pl=1032004DF9CB6300 crc=14B4 air=116
P n=850 dr=0 q=0 t=0181322843 dt= +249692 OK m=5 rssi=-47 dn=14871 ty=0B tt=5 B3=0A pl=1033004D5DCC6400 crc=9055 air=112
P n=851 dr=0 q=0 t=0181572534 dt= +249691 OK m=5 rssi=-47 dn=14871 ty=0B tt=5 B3=0A pl=10340051C2CC6500 crc=2720 air=112
P n=852 dr=0 q=0 t=0181822226 dt= +249692 OK m=5 rssi=-47 dn=14871 ty=0B tt=5 B3=0A pl=1035004D24CD6200 crc=1DE4 air=112
P n=853 dr=0 q=0 t=0182071918 dt= +249692 OK m=5 rssi=-47 dn=14871 ty=0B tt=5 B3=0A pl=1036005386CD6200 crc=098A air=112
P n=854 dr=0 q=0 t=0182321609 dt= +249691 OK m=5 rssi=-47 dn=14871 ty=0B tt=5 B3=0A pl=50FFFF01FF000100 crc=2C50 air=112
P n=855 dr=0 q=0 t=0182571300 dt= +249691 OK m=5 rssi=-47 dn=14871 ty=0B tt=5 B3=0A pl=011201FFFFFFFFFF crc=52B2 air=112
P n=856 dr=0 q=0 t=0182820991 dt= +249691 OK m=5 rssi=-47 dn=14871 ty=0B tt=5 B3=0A pl=51FF010153555400 crc=9BAC air=112
P n=857 dr=0 q=0 t=0183070683 dt= +249692 OK m=5 rssi=-47 dn=14871 ty=0B tt=5 B3=0A pl=10370050E7CD6100 crc=250C air=112
P n=859 dr=0 q=0 t=0183320375 dt= +249692 OK m=5 rssi=-47 dn=14871 ty=0B tt=5 B3=0A pl=1038005148CE6100 crc=627C air=112
P n=860 dr=0 q=0 t=0183570066 dt= +249691 OK m=5 rssi=-47 dn=14871 ty=0B tt=5 B3=0A pl=10390053AFCE6700 crc=E1FF air=112
P n=861 dr=0 q=0 t=0183819758 dt= +249692 OK m=5 rssi=-47 dn=14871 ty=0B tt=5 B3=0A pl=103A005215CF6600 crc=0E57 air=112
P n=862 dr=0 q=0 t=0184069448 dt= +249690 OK m=5 rssi=-47 dn=14871 ty=0B tt=5 B3=0A pl=103B00527ACF6500 crc=6E59 air=112
P n=863 dr=0 q=0 t=0184319140 dt= +249692 OK m=5 rssi=-47 dn=14871 ty=0B tt=5 B3=0A pl=103C0053DFCF6500 crc=8B7F air=112
P n=864 dr=0 q=0 t=0184568832 dt= +249692 OK m=5 rssi=-47 dn=14871 ty=0B tt=5 B3=0A pl=103D005142D06300 crc=4D70 air=112
P n=865 dr=0 q=0 t=0184818523 dt= +249691 OK m=5 rssi=-47 dn=14871 ty=0B tt=5 B3=0A pl=103E004DA9D06700 crc=4CB2 air=112
P n=867 dr=0 q=0 t=0185068215 dt= +249692 OK m=5 rssi=-47 dn=14871 ty=0B tt=5 B3=0A pl=103F004F0CD16300 crc=1D97 air=112
P n=868 dr=0 q=0 t=0185317906 dt= +249691 OK m=5 rssi=-46 dn=14871 ty=0B tt=5 B3=0A pl=104000536ED16200 crc=1BE5 air=112
P n=869 dr=0 q=0 t=0185567597 dt= +249691 OK m=5 rssi=-46 dn=14871 ty=0B tt=5 B3=0A pl=10410051D4D16600 crc=B2B9 air=112
P n=871 dr=0 q=0 t=0185817283 dt= +249686 OK m=5 rssi=-46 dn=14871 ty=0B tt=5 B3=0A pl=104200503AD26600 crc=BF8A air=118
P n=872 dr=0 q=0 t=0186066980 dt= +249697 OK m=5 rssi=-46 dn=14871 ty=0B tt=5 B3=0A pl=104300519ED26400 crc=EB5F air=112
P n=873 dr=0 q=0 t=0186316672 dt= +249692 OK m=5 rssi=-45 dn=14871 ty=0B tt=5 B3=0A pl=1044005103D36500 crc=0903 air=112
P n=874 dr=0 q=0 t=0186566364 dt= +249692 OK m=5 rssi=-46 dn=14871 ty=0B tt=5 B3=0A pl=1045005164D36100 crc=7559 air=112
P n=875 dr=0 q=0 t=0186816054 dt= +249690 OK m=5 rssi=-46 dn=14871 ty=0B tt=5 B3=0A pl=10460053C8D36400 crc=B3E9 air=112
P n=876 dr=0 q=0 t=0187065746 dt= +249692 OK m=5 rssi=-46 dn=14871 ty=0B tt=5 B3=0A pl=1047004E29D46100 crc=A693 air=112
P n=877 dr=0 q=0 t=0187315437 dt= +249691 OK m=5 rssi=-45 dn=14871 ty=0B tt=5 B3=0A pl=104800518DD46400 crc=92AB air=112
P n=878 dr=0 q=0 t=0187565129 dt= +249692 OK m=5 rssi=-45 dn=14871 ty=0B tt=5 B3=0A pl=10490052F4D46700 crc=2049 air=112
P n=879 dr=0 q=0 t=0187814821 dt= +249692 OK m=5 rssi=-45 dn=14871 ty=0B tt=5 B3=0A pl=104A004F5BD56700 crc=D443 air=112
P n=880 dr=0 q=0 t=0188064512 dt= +249691 OK m=5 rssi=-45 dn=14871 ty=0B tt=5 B3=0A pl=104B0051BDD56200 crc=FB56 air=112
P n=881 dr=0 q=0 t=0188314203 dt= +249691 OK m=5 rssi=-46 dn=14871 ty=0B tt=5 B3=0A pl=104C005220D66300 crc=99B8 air=112
P n=882 dr=0 q=0 t=0188563894 dt= +249691 OK m=5 rssi=-46 dn=14871 ty=0B tt=5 B3=0A pl=104D005082D66200 crc=5175 air=112
P n=883 dr=0 q=0 t=0188813586 dt= +249692 OK m=5 rssi=-46 dn=14871 ty=0B tt=5 B3=0A pl=104E004EE6D66400 crc=7B80 air=127
P n=884 dr=0 q=0 t=0189063278 dt= +249692 OK m=5 rssi=-46 dn=14871 ty=0B tt=5 B3=0A pl=104F00514CD76600 crc=71CD air=112
P n=885 dr=0 q=0 t=0189312969 dt= +249691 OK m=5 rssi=-46 dn=14871 ty=0B tt=5 B3=0A pl=1050004FADD76100 crc=6C64 air=112
P n=886 dr=0 q=0 t=0189562661 dt= +249692 OK m=5 rssi=-46 dn=14871 ty=0B tt=5 B3=0A pl=1051004D0ED86100 crc=CD1D air=112
P n=888 dr=0 q=0 t=0189812352 dt= +249691 OK m=5 rssi=-46 dn=14871 ty=0B tt=5 B3=0A pl=1052004F73D86500 crc=E62B air=112
P n=889 dr=0 q=0 t=0190062043 dt= +249691 OK m=5 rssi=-46 dn=14871 ty=0B tt=5 B3=0A pl=10530053D8D86500 crc=2552 air=112
P n=890 dr=0 q=0 t=0190311735 dt= +249692 OK m=5 rssi=-46 dn=14871 ty=0B tt=5 B3=0A pl=105400533FD96700 crc=B883 air=112
P n=891 dr=0 q=0 t=0190561419 dt= +249684 OK m=5 rssi=-45 dn=14871 ty=0B tt=5 B3=0A pl=10550050A4D96500 crc=50D2 air=119
P n=892 dr=0 q=0 t=0190811118 dt= +249699 OK m=5 rssi=-45 dn=14871 ty=0B tt=5 B3=0A pl=1056005208DA6400 crc=03F6 air=112
P n=893 dr=0 q=0 t=0191060809 dt= +249691 OK m=5 rssi=-44 dn=14871 ty=0B tt=5 B3=0A pl=1057005169DA6100 crc=85D6 air=112
P n=894 dr=0 q=0 t=0191310500 dt= +249691 OK m=5 rssi=-46 dn=14871 ty=0B tt=5 B3=0A pl=10580052CEDA6500 crc=9672 air=112
P n=896 dr=0 q=0 t=0191560192 dt= +249692 OK m=5 rssi=-45 dn=14871 ty=0B tt=5 B3=0A pl=1059005331DB6300 crc=5277 air=112
P n=897 dr=0 q=0 t=0191809883 dt= +249691 OK m=5 rssi=-45 dn=14871 ty=0B tt=5 B3=0A pl=105A004D96DB6500 crc=50FA air=112
P n=898 dr=0 q=0 t=0192059575 dt= +249692 OK m=5 rssi=-46 dn=14871 ty=0B tt=5 B3=0A pl=105B0052F9DB6300 crc=AEA2 air=112
P n=899 dr=0 q=0 t=0192309267 dt= +249692 OK m=5 rssi=-46 dn=14871 ty=0B tt=5 B3=0A pl=105C004F5EDC6500 crc=06AB air=112
P n=900 dr=0 q=0 t=0192558957 dt= +249690 OK m=5 rssi=-46 dn=14871 ty=0B tt=5 B3=0A pl=105D004DC3DC6500 crc=0550 air=112
P n=901 dr=0 q=0 t=0192808649 dt= +249692 OK m=5 rssi=-49 dn=14871 ty=0B tt=5 B3=0A pl=105E00512ADD6700 crc=746C air=112
P n=902 dr=0 q=0 t=0193058341 dt= +249692 OK m=5 rssi=-50 dn=14871 ty=0B tt=5 B3=0A pl=105F004F8DDD6300 crc=7060 air=112
P n=903 dr=0 q=0 t=0193308032 dt= +249691 OK m=5 rssi=-50 dn=14871 ty=0B tt=5 B3=0A pl=10600051F0DD6300 crc=1305 air=112
P n=904 dr=0 q=0 t=0193557719 dt= +249687 OK m=5 rssi=-49 dn=14871 ty=0B tt=5 B3=0A pl=1061004F51DE6100 crc=C366 air=117
P n=905 dr=0 q=0 t=0193807415 dt= +249696 OK m=5 rssi=-52 dn=14871 ty=0B tt=5 B3=0A pl=1062004EB7DE6600 crc=8B51 air=112
P n=906 dr=0 q=0 t=0194057106 dt= +249691 OK m=5 rssi=-50 dn=14871 ty=0B tt=5 B3=0A pl=1063005218DF6100 crc=2C7E air=112
P n=907 dr=0 q=0 t=0194306798 dt= +249692 OK m=5 rssi=-48 dn=14871 ty=0B tt=5 B3=0A pl=1064004F7FDF6700 crc=B243 air=112
P n=909 dr=0 q=0 t=0194556489 dt= +249691 OK m=5 rssi=-49 dn=14871 ty=0B tt=5 B3=0A pl=1065004EE3DF6400 crc=7C8D air=112
P n=910 dr=0 q=0 t=0194806181 dt= +249692 OK m=5 rssi=-48 dn=14871 ty=0B tt=5 B3=0A pl=1066005144E06100 crc=6896 air=112
S t=0195023303 ours=829 foreign=0 longframe=1 oddtype=0 crc_ok=829 crc_err=81 addr=910 end=910 dropped=0  B3: 0A=776 82=2 A2=5 D2=42 F2=4
P n=911 dr=0 q=0 t=0195055872 dt= +249691 OK m=5 rssi=-48 dn=14871 ty=0B tt=5 B3=0A pl=1067004FAAE06600 crc=A422 air=112
P n=912 dr=0 q=0 t=0195305563 dt= +249691 OK m=5 rssi=-47 dn=14871 ty=0B tt=5 B3=0A pl=106800510FE16500 crc=D169 air=112
P n=913 dr=0 q=0 t=0195555255 dt= +249692 OK m=5 rssi=-47 dn=14871 ty=0B tt=5 B3=0A pl=1069004E71E16200 crc=7113 air=104
P n=914 dr=0 q=0 t=0195804946 dt= +249691 OK m=5 rssi=-47 dn=14871 ty=0B tt=5 B3=0A pl=106A004FD4E16300 crc=66C2 air=112
P n=915 dr=0 q=0 t=0196054638 dt= +249692 OK m=5 rssi=-47 dn=14871 ty=0B tt=5 B3=0A pl=106B004E39E26500 crc=3A68 air=112
P n=917 dr=0 q=0 t=0196304329 dt= +249691 OK m=5 rssi=-47 dn=14871 ty=0B tt=5 B3=0A pl=106C004E9AE26100 crc=9E42 air=112
P n=918 dr=0 q=0 t=0196554021 dt= +249692 OK m=5 rssi=-47 dn=14871 ty=0B tt=5 B3=0A pl=106D005000E36600 crc=ED42 air=112
P n=919 dr=0 q=0 t=0196803712 dt= +249691 ER m=5 rssi=-47 dn=14871 ty=0B tt=5 B3=0A pl=106E005164E36400 crc=6AF0 air=112
P n=920 dr=0 q=0 t=0197053403 dt= +249691 OK m=5 rssi=-47 dn=14871 ty=0B tt=5 B3=0A pl=106F0050CAE36600 crc=56AE air=112
P n=921 dr=0 q=0 t=0197303096 dt= +249693 OK m=5 rssi=-46 dn=14871 ty=0B tt=5 B3=0A pl=1070004F2EE46400 crc=2776 air=111
P n=924 dr=0 q=0 t=0197552786 dt= +249690 OK m=5 rssi=-46 dn=14871 ty=0B tt=5 B3=0A pl=1071004E93E46500 crc=CE20 air=112
P n=925 dr=0 q=0 t=0197802478 dt= +249692 OK m=5 rssi=-46 dn=14871 ty=0B tt=5 B3=0A pl=1072004EFAE46700 crc=DA65 air=112
P n=926 dr=0 q=0 t=0198052170 dt= +249692 OK m=5 rssi=-45 dn=14871 ty=0B tt=5 B3=0A pl=1073004D5FE56500 crc=8BB7 air=112
P n=927 dr=0 q=0 t=0198301860 dt= +249690 OK m=5 rssi=-46 dn=14871 ty=0B tt=5 B3=0A pl=1074004DC4E56500 crc=4A73 air=112
P n=928 dr=0 q=0 t=0198551552 dt= +249692 OK m=5 rssi=-46 dn=14871 ty=0B tt=5 B3=0A pl=1075005126E66200 crc=D426 air=112
P n=930 dr=0 q=0 t=0198801244 dt= +249692 OK m=5 rssi=-48 dn=14871 ty=0B tt=5 B3=0A pl=1076004F8DE66700 crc=CCCA air=112
P n=931 dr=0 q=0 t=0199050935 dt= +249691 OK m=5 rssi=-49 dn=14871 ty=0B tt=5 B3=0A pl=10770051EFE66200 crc=F416 air=112
P n=932 dr=0 q=0 t=0199300627 dt= +249692 OK m=5 rssi=-49 dn=14871 ty=0B tt=5 B3=0A pl=1078005053E76400 crc=F7DB air=112
P n=933 dr=0 q=0 t=0199550317 dt= +249690 OK m=5 rssi=-47 dn=14871 ty=0B tt=5 B3=0A pl=10790051B8E76500 crc=4C2F air=112
P n=934 dr=0 q=0 t=0199800009 dt= +249692 OK m=5 rssi=-46 dn=14871 ty=0B tt=5 B3=0A pl=107A005319E86100 crc=AC19 air=112
P n=935 dr=0 q=0 t=0200049701 dt= +249692 OK m=5 rssi=-46 dn=14871 ty=0B tt=5 B3=0A pl=107B00537DE86400 crc=78AE air=112
P n=936 dr=0 q=0 t=0200299392 dt= +249691 OK m=5 rssi=-45 dn=14871 ty=0B tt=5 B3=0A pl=107C0052E1E86400 crc=4216 air=113
P n=937 dr=0 q=0 t=0200549084 dt= +249692 OK m=5 rssi=-45 dn=14871 ty=0B tt=5 B3=0A pl=107D004F48E96700 crc=A435 air=112
P n=939 dr=0 q=0 t=0200798775 dt= +249691 OK m=5 rssi=-45 dn=14871 ty=0B tt=5 B3=0A pl=107E0051A9E96100 crc=EFBD air=112
P n=940 dr=0 q=0 t=0201048466 dt= +249691 OK m=5 rssi=-45 dn=14871 ty=0B tt=5 B3=0A pl=107F004E0AEA6100 crc=1E85 air=112
P n=941 dr=0 q=0 t=0201298158 dt= +249692 OK m=5 rssi=-46 dn=14871 ty=0B tt=5 B3=0A pl=108000536EEA6400 crc=F202 air=112
P n=942 dr=0 q=0 t=0201547849 dt= +249691 OK m=5 rssi=-46 dn=14871 ty=0B tt=5 B3=0A pl=1081004ED1EA6300 crc=D3EB air=112
P n=943 dr=0 q=0 t=0201797541 dt= +249692 OK m=5 rssi=-46 dn=14871 ty=0B tt=5 B3=0A pl=1082004E36EB6500 crc=4338 air=112
P n=944 dr=0 q=0 t=0202047229 dt= +249688 OK m=5 rssi=-45 dn=14871 ty=0B tt=5 B3=0A pl=1083005397EB6100 crc=8E7F air=115
P n=945 dr=0 q=0 t=0202296924 dt= +249695 OK m=5 rssi=-46 dn=14871 ty=0B tt=5 B3=0A pl=10840051FBEB6400 crc=3AAD air=112
P n=946 dr=0 q=0 t=0202546615 dt= +249691 OK m=5 rssi=-46 dn=14871 ty=0B tt=5 B3=0A pl=1085005060EC6500 crc=46BC air=112
P n=947 dr=0 q=0 t=0202796306 dt= +249691 OK m=5 rssi=-45 dn=14871 ty=0B tt=5 B3=0A pl=10860050C5EC6500 crc=C80D air=112
P n=948 dr=0 q=0 t=0203045998 dt= +249692 OK m=5 rssi=-46 dn=14871 ty=0B tt=5 B3=0A pl=1087004E27ED6200 crc=7CBB air=112
P n=949 dr=0 q=0 t=0203295689 dt= +249691 OK m=5 rssi=-45 dn=14871 ty=0B tt=5 B3=0A pl=108800518DED6600 crc=D9E8 air=112
P n=950 dr=0 q=0 t=0203545381 dt= +249692 OK m=5 rssi=-45 dn=14871 ty=0B tt=5 B3=0A pl=10890051F2ED6500 crc=A241 air=112
P n=951 dr=0 q=0 t=0203795073 dt= +249692 OK m=5 rssi=-45 dn=14871 ty=0B tt=5 B3=0A pl=108A005259EE6700 crc=5F4A air=112
P n=952 dr=0 q=0 t=0204044763 dt= +249690 OK m=5 rssi=-45 dn=14871 ty=0B tt=5 B3=0A pl=108B0053BAEE6100 crc=F8EA air=112
P n=953 dr=0 q=0 t=0204294455 dt= +249692 OK m=5 rssi=-45 dn=14871 ty=0B tt=5 B3=0A pl=108C00521EEF6400 crc=A3BD air=112
P n=954 dr=0 q=0 t=0204544147 dt= +249692 OK m=5 rssi=-45 dn=14871 ty=0B tt=5 B3=0A pl=108D00517FEF6100 crc=259D air=112
P n=955 dr=0 q=0 t=0204793838 dt= +249691 OK m=5 rssi=-46 dn=14871 ty=0B tt=5 B3=0A pl=108E004DE4EF6500 crc=662A air=112
P n=956 dr=0 q=0 t=0205043531 dt= +249693 OK m=5 rssi=-46 dn=14871 ty=0B tt=5 B3=0A pl=108F004E49F06500 crc=8C3B air=111
P n=957 dr=0 q=0 t=0205293220 dt= +249689 OK m=5 rssi=-46 dn=14871 ty=0B tt=5 B3=0A pl=10900052B0F06700 crc=B480 air=112
P n=958 dr=0 q=0 t=0205542912 dt= +249692 OK m=5 rssi=-45 dn=14871 ty=0B tt=5 B3=0A pl=1091004D16F16600 crc=A4AC air=112
P n=959 dr=0 q=0 t=0205792604 dt= +249692 OK m=5 rssi=-45 dn=14871 ty=0B tt=5 B3=0A pl=1092004D77F16100 crc=CADF air=112
P n=960 dr=0 q=0 t=0206042295 dt= +249691 OK m=5 rssi=-45 dn=14871 ty=0B tt=5 B3=0A pl=1093004DDCF16500 crc=4A13 air=112
P n=961 dr=0 q=0 t=0206291987 dt= +249692 OK m=5 rssi=-45 dn=14871 ty=0B tt=5 B3=0A pl=109400503FF26300 crc=9AB7 air=112
P n=962 dr=0 q=0 t=0206541679 dt= +249692 OK m=5 rssi=-45 dn=14871 ty=0B tt=5 B3=0A pl=1095004DA3F26400 crc=17CC air=112
P n=963 dr=0 q=0 t=0206791369 dt= +249690 OK m=5 rssi=-45 dn=14871 ty=0B tt=5 B3=0A pl=1096004F0AF36700 crc=F0AF air=112
P n=964 dr=0 q=0 t=0207041061 dt= +249692 OK m=5 rssi=-45 dn=14871 ty=0B tt=5 B3=0A pl=1097005171F36700 crc=DF56 air=112
P n=965 dr=0 q=0 t=0207290752 dt= +249691 OK m=5 rssi=-46 dn=14871 ty=0B tt=5 B3=0A pl=10980050D2F36100 crc=24E2 air=112
P n=966 dr=0 q=0 t=0207540444 dt= +249692 OK m=5 rssi=-45 dn=14871 ty=0B tt=5 B3=0A pl=1099004E35F46300 crc=6144 air=112
P n=967 dr=0 q=0 t=0207790136 dt= +249692 OK m=5 rssi=-46 dn=14871 ty=0B tt=5 B3=0A pl=109A005299F46400 crc=0A64 air=112
P n=968 dr=0 q=0 t=0208039827 dt= +249691 OK m=5 rssi=-46 dn=14871 ty=0B tt=5 B3=0A pl=109B004EFCF46300 crc=4174 air=123
P n=969 dr=0 q=0 t=0208289518 dt= +249691 OK m=5 rssi=-46 dn=14871 ty=0B tt=5 B3=0A pl=109C00515DF56100 crc=F403 air=112
P n=970 dr=0 q=0 t=0208539209 dt= +249691 OK m=5 rssi=-45 dn=14871 ty=0B tt=5 B3=0A pl=109D0053C1F56400 crc=7EB9 air=112
P n=971 dr=0 q=0 t=0208788901 dt= +249692 OK m=5 rssi=-45 dn=14871 ty=0B tt=5 B3=0A pl=109E005027F66600 crc=D4A8 air=112
P n=972 dr=0 q=0 t=0209038593 dt= +249692 OK m=5 rssi=-45 dn=14871 ty=0B tt=5 B3=0A pl=109F005388F66100 crc=2514 air=112
P n=973 dr=0 q=0 t=0209288284 dt= +249691 OK m=5 rssi=-45 dn=14871 ty=0B tt=5 B3=0A pl=10A0004FEEF66600 crc=9EDD air=112
P n=974 dr=0 q=0 t=0209537975 dt= +249691 OK m=5 rssi=-45 dn=14871 ty=0B tt=5 B3=0A pl=10A100534FF76100 crc=9BA8 air=112
P n=976 dr=0 q=0 t=0209787674 dt= +249699 OK m=5 rssi=-45 dn=14871 ty=0B tt=5 B3=0A pl=10A20051B0F76100 crc=4C0A air=104
S t=0210023460 ours=888 foreign=0 longframe=2 oddtype=0 crc_ok=888 crc_err=88 addr=976 end=976 dropped=0  B3: 0A=835 82=2 A2=5 D2=42 F2=4
P n=977 dr=0 q=0 t=0210037358 dt= +249684 OK m=5 rssi=-45 dn=14871 ty=0B tt=5 B3=0A pl=10A3005113F86300 crc=CF92 air=112
P n=978 dr=0 q=0 t=0210287050 dt= +249692 OK m=5 rssi=-45 dn=14871 ty=0B tt=5 B3=0A pl=10A4005078F86500 crc=91EC air=112
P n=980 dr=0 q=0 t=0210536741 dt= +249691 OK m=5 rssi=-45 dn=14871 ty=0B tt=5 B3=0A pl=10A50053DEF86600 crc=5FE3 air=112
P n=981 dr=0 q=0 t=0210786433 dt= +249692 OK m=5 rssi=-46 dn=14871 ty=0B tt=5 B3=0A pl=10A6004D42F96400 crc=946C air=112
P n=982 dr=0 q=0 t=0211036124 dt= +249691 OK m=5 rssi=-45 dn=14871 ty=0B tt=5 B3=0A pl=10A70050A9F96700 crc=C68B air=112
P n=983 dr=0 q=0 t=0211285815 dt= +249691 OK m=5 rssi=-45 dn=14871 ty=0B tt=5 B3=0A pl=10A800530BFA6200 crc=030B air=112
P n=984 dr=0 q=0 t=0211535507 dt= +249692 OK m=5 rssi=-45 dn=14871 ty=0B tt=5 B3=0A pl=10A9004D6DFA6200 crc=0ED3 air=112
P n=985 dr=0 q=0 t=0211785198 dt= +249691 OK m=5 rssi=-46 dn=14871 ty=0B tt=5 B3=0A pl=10AA0053D1FA6400 crc=09E6 air=117
P n=986 dr=0 q=0 t=0212034890 dt= +249692 OK m=5 rssi=-46 dn=14871 ty=0B tt=5 B3=0A pl=10AB005232FB6100 crc=CC25 air=112
P n=988 dr=0 q=0 t=0212284582 dt= +249692 OK m=5 rssi=-45 dn=14871 ty=0B tt=5 B3=0A pl=10AC005194FB6200 crc=A30F air=112
P n=989 dr=0 q=0 t=0212534272 dt= +249690 OK m=5 rssi=-45 dn=14871 ty=0B tt=5 B3=0A pl=10AD004DF7FB6300 crc=6520 air=112
P n=990 dr=0 q=0 t=0212783964 dt= +249692 OK m=5 rssi=-45 dn=14871 ty=0B tt=5 B3=0A pl=50FFFF01FF000100 crc=2C50 air=112
P n=991 dr=0 q=0 t=0213033655 dt= +249691 OK m=5 rssi=-45 dn=14871 ty=0B tt=5 B3=0A pl=011201FFFFFFFFFF crc=52B2 air=112
P n=992 dr=0 q=0 t=0213283347 dt= +249692 OK m=5 rssi=-45 dn=14871 ty=0B tt=5 B3=0A pl=51FF010153555400 crc=9BAC air=112
P n=993 dr=0 q=0 t=0213533039 dt= +249692 OK m=5 rssi=-45 dn=14871 ty=0B tt=5 B3=0A pl=10AE00535CFC6500 crc=AD0F air=112
P n=994 dr=0 q=0 t=0213782729 dt= +249690 OK m=5 rssi=-45 dn=14871 ty=0B tt=5 B3=0A pl=10AF0051BFFC6300 crc=E47D air=112
P n=995 dr=0 q=0 t=0214032421 dt= +249692 OK m=5 rssi=-46 dn=14871 ty=0B tt=5 B3=0A pl=10B0005026FD6700 crc=3DA2 air=112
P n=996 dr=0 q=0 t=0214282112 dt= +249691 OK m=5 rssi=-45 dn=14871 ty=0B tt=5 B3=0A pl=10B100508DFD6700 crc=71AA air=112
P n=997 dr=0 q=0 t=0214531804 dt= +249692 OK m=5 rssi=-45 dn=14871 ty=0B tt=5 B3=0A pl=10B20050F3FD6600 crc=7A36 air=112
P n=998 dr=0 q=0 t=0214781496 dt= +249692 OK m=5 rssi=-45 dn=14871 ty=0B tt=5 B3=0A pl=10B300525AFE6700 crc=F5B4 air=104
P n=999 dr=0 q=0 t=0215031187 dt= +249691 OK m=5 rssi=-45 dn=14871 ty=0B tt=5 B3=0A pl=10B40052BCFE6200 crc=B076 air=112
P n=1001 dr=0 q=0 t=0215280878 dt= +249691 OK m=5 rssi=-45 dn=14871 ty=0B tt=5 B3=0A pl=10B5004F22FF6600 crc=B206 air=112
P n=1002 dr=0 q=0 t=0215530570 dt= +249692 OK m=5 rssi=-45 dn=14871 ty=0B tt=5 B3=0A pl=10B6005283FF6100 crc=4AF1 air=112
P n=1004 dr=0 q=0 t=0215780261 dt= +249691 OK m=5 rssi=-45 dn=14871 ty=0B tt=5 B3=0A pl=10B70051EAFF6700 crc=1C41 air=112
P n=1005 dr=0 q=0 t=0216029953 dt= +249692 OK m=5 rssi=-45 dn=14871 ty=0B tt=5 B3=0A pl=10B800524E006400 crc=C2CD air=112
P n=1006 dr=0 q=0 t=0216279644 dt= +249691 OK m=5 rssi=-45 dn=14871 ty=0B tt=5 B3=0A pl=10B9004FB2006400 crc=8FF3 air=112
P n=1007 dr=0 q=0 t=0216529336 dt= +249692 OK m=5 rssi=-45 dn=14871 ty=0B tt=5 B3=0A pl=10BA005114016200 crc=CCFA air=112
P n=1008 dr=0 q=0 t=0216779027 dt= +249691 OK m=5 rssi=-45 dn=14871 ty=0B tt=5 B3=0A pl=10BB004E7A016600 crc=2274 air=112
P n=1009 dr=0 q=0 t=0217028718 dt= +249691 OK m=5 rssi=-45 dn=14871 ty=0B tt=5 B3=0A pl=10BC0051DD016300 crc=1E3D air=112
P n=1010 dr=0 q=0 t=0217278410 dt= +249692 OK m=5 rssi=-45 dn=14871 ty=0B tt=5 B3=0A pl=10BD005044026700 crc=AC71 air=112
P n=1011 dr=0 q=0 t=0217528101 dt= +249691 OK m=5 rssi=-45 dn=14871 ty=0B tt=5 B3=0A pl=10BE0051A8026400 crc=4029 air=112
P n=1012 dr=0 q=0 t=0217777793 dt= +249692 OK m=5 rssi=-46 dn=14871 ty=0B tt=5 B3=0A pl=10BF005309036100 crc=E8CC air=112
P n=1013 dr=0 q=0 t=0218027476 dt= +249683 OK m=5 rssi=-45 dn=14871 ty=0B tt=5 B3=0A pl=10C000536B036200 crc=07AD air=120
P n=1014 dr=0 q=0 t=0218277175 dt= +249699 OK m=5 rssi=-46 dn=14871 ty=0B tt=5 B3=0A pl=10C1004DCE036300 crc=113C air=112
P n=1015 dr=0 q=0 t=0218526867 dt= +249692 OK m=5 rssi=-46 dn=14871 ty=0B tt=5 B3=0A pl=10C2005231046300 crc=662E air=112
P n=1016 dr=0 q=0 t=0218776559 dt= +249692 OK m=5 rssi=-45 dn=14871 ty=0B tt=5 B3=0A pl=10C3005394046300 crc=222D air=112
P n=1017 dr=0 q=0 t=0219026250 dt= +249691 OK m=5 rssi=-45 dn=14871 ty=0B tt=5 B3=0A pl=10C40052F7046300 crc=5336 air=112
P n=1018 dr=0 q=0 t=0219275942 dt= +249692 OK m=5 rssi=-45 dn=14871 ty=0B tt=5 B3=0A pl=10C5005258056100 crc=849D air=112
P n=1019 dr=0 q=0 t=0219525632 dt= +249690 OK m=5 rssi=-46 dn=14871 ty=0B tt=5 B3=0A pl=10C6004EBF056700 crc=AC0F air=112
P n=1020 dr=0 q=0 t=0219775324 dt= +249692 OK m=5 rssi=-45 dn=14871 ty=0B tt=5 B3=0A pl=10C7004E26066700 crc=78D6 air=112
P n=1021 dr=0 q=0 t=0220025016 dt= +249692 OK m=5 rssi=-45 dn=14871 ty=0B tt=5 B3=0A pl=10C8005088066200 crc=8E14 air=112
P n=1022 dr=0 q=0 t=0220274707 dt= +249691 OK m=5 rssi=-45 dn=14871 ty=0B tt=5 B3=0A pl=10C90053EE066600 crc=6A28 air=112
P n=1023 dr=0 q=0 t=0220524399 dt= +249692 OK m=5 rssi=-45 dn=14871 ty=0B tt=5 B3=0A pl=10CA005150076200 crc=5E56 air=112
P n=1024 dr=0 q=0 t=0220774090 dt= +249691 OK m=5 rssi=-45 dn=14871 ty=0B tt=5 B3=0A pl=10CB004DB4076400 crc=8DFB air=112
P n=1025 dr=0 q=0 t=0221023781 dt= +249691 OK m=5 rssi=-45 dn=14871 ty=0B tt=5 B3=0A pl=10CC00531B086700 crc=18B7 air=112
P n=1026 dr=0 q=0 t=0221273470 dt= +249689 OK m=5 rssi=-45 dn=14871 ty=0B tt=5 B3=0A pl=10CD004D81086600 crc=F621 air=115
P n=1027 dr=0 q=0 t=0221523164 dt= +249694 OK m=5 rssi=-45 dn=14871 ty=0B tt=5 B3=0A pl=10CE0051E8086700 crc=3846 air=112
P n=1028 dr=0 q=0 t=0221772856 dt= +249692 OK m=5 rssi=-46 dn=14871 ty=0B tt=5 B3=0A pl=10CF00514F096700 crc=0C4C air=112
P n=1029 dr=0 q=0 t=0222022547 dt= +249691 OK m=5 rssi=-45 dn=14871 ty=0B tt=5 B3=0A pl=10D0004EB5096600 crc=14AA air=112
P n=1030 dr=0 q=0 t=0222272238 dt= +249691 OK m=5 rssi=-46 dn=14871 ty=0B tt=5 B3=0A pl=10D10051170A6200 crc=5FE2 air=112
P n=1031 dr=0 q=0 t=0222521930 dt= +249692 OK m=5 rssi=-46 dn=14871 ty=0B tt=5 B3=0A pl=10D200507B0A6400 crc=9177 air=112
P n=1032 dr=0 q=0 t=0222771621 dt= +249691 OK m=5 rssi=-46 dn=14871 ty=0B tt=5 B3=0A pl=10D30052E20A6700 crc=0D2E air=112
P n=1034 dr=0 q=0 t=0223021313 dt= +249692 OK m=5 rssi=-45 dn=14871 ty=0B tt=5 B3=0A pl=10D4004F450B6300 crc=71E5 air=112
P n=1035 dr=0 q=0 t=0223271005 dt= +249692 OK m=5 rssi=-45 dn=14871 ty=0B tt=5 B3=0A pl=10D50053A70B6200 crc=1C46 air=112
P n=1036 dr=0 q=0 t=0223520696 dt= +249691 OK m=5 rssi=-46 dn=14871 ty=0B tt=5 B3=0A pl=10D600520A0C6300 crc=0BC4 air=112
P n=1037 dr=0 q=0 t=0223770387 dt= +249691 OK m=5 rssi=-45 dn=14871 ty=0B tt=5 B3=0A pl=10D700506F0C6500 crc=B817 air=112
P n=1038 dr=0 q=0 t=0224020078 dt= +249691 OK m=5 rssi=-45 dn=14871 ty=0B tt=5 B3=0A pl=10D8004FD10C6200 crc=9941 air=112
P n=1039 dr=0 q=0 t=0224269770 dt= +249692 OK m=5 rssi=-45 dn=14871 ty=0B tt=5 B3=0A pl=10D90050320D6100 crc=3DD6 air=112
P n=1040 dr=0 q=0 t=0224519462 dt= +249692 OK m=5 rssi=-45 dn=14871 ty=0B tt=5 B3=0A pl=10DA0053940D6200 crc=933A air=107
P n=1041 dr=0 q=0 t=0224769153 dt= +249691 OK m=5 rssi=-45 dn=14871 ty=0B tt=5 B3=0A pl=10DB0052F60D6200 crc=35B0 air=112
P n=1042 dr=0 q=0 t=0225018845 dt= +249692 OK m=5 rssi=-45 dn=14871 ty=0B tt=5 B3=0A pl=10DC004D580E6200 crc=5C2B air=112
S t=0225031489 ours=949 foreign=0 longframe=2 oddtype=0 crc_ok=949 crc_err=93 addr=1042 end=1042 dropped=0  B3: 0A=896 82=2 A2=5 D2=42 F2=4
P n=1043 dr=0 q=0 t=0225268535 dt= +249690 OK m=5 rssi=-45 dn=14871 ty=0B tt=5 B3=0A pl=10DD0051BD0E6500 crc=CA03 air=112
P n=1045 dr=0 q=0 t=0225518227 dt= +249692 OK m=5 rssi=-45 dn=14871 ty=0B tt=5 B3=0A pl=10DE004F200F6300 crc=BBFC air=112
P n=1046 dr=0 q=0 t=0225767919 dt= +249692 OK m=5 rssi=-45 dn=14871 ty=0B tt=5 B3=0A pl=10DF004E810F6100 crc=536C air=112
P n=1047 dr=0 q=0 t=0226017610 dt= +249691 OK m=5 rssi=-45 dn=14871 ty=0B tt=5 B3=0A pl=10E00050E60F6500 crc=8FC1 air=112
P n=1048 dr=0 q=0 t=0226267302 dt= +249692 OK m=5 rssi=-46 dn=14871 ty=0B tt=5 B3=0A pl=10E1004D48106200 crc=AC69 air=112
P n=1049 dr=0 q=0 t=0226516993 dt= +249691 OK m=5 rssi=-45 dn=14871 ty=0B tt=5 B3=0A pl=10E2004FA9106100 crc=9765 air=112
P n=1050 dr=0 q=0 t=0226766677 dt= +249684 OK m=5 rssi=-45 dn=14871 ty=0B tt=5 B3=0A pl=10E3005310116700 crc=3F45 air=119
P n=1051 dr=0 q=0 t=0227016376 dt= +249699 OK m=5 rssi=-45 dn=14871 ty=0B tt=5 B3=0A pl=10E4004E73116300 crc=0DEB air=112
P n=1052 dr=0 q=0 t=0227266067 dt= +249691 OK m=5 rssi=-45 dn=14871 ty=0B tt=5 B3=0A pl=10E5004DD6116300 crc=0D6B air=112
P n=1054 dr=0 q=0 t=0227515759 dt= +249692 OK m=5 rssi=-45 dn=14871 ty=0B tt=5 B3=0A pl=10E600533C126600 crc=54FF air=112
P n=1055 dr=0 q=0 t=0227765450 dt= +249691 OK m=5 rssi=-45 dn=14871 ty=0B tt=5 B3=0A pl=10E70053A3126700 crc=CDDE air=112
P n=1056 dr=0 q=0 t=0228015141 dt= +249691 OK m=5 rssi=-45 dn=14871 ty=0B tt=5 B3=0A pl=10E8004E0A136700 crc=4C26 air=112
