# Spike B part 2, run C - the bit-3 control. 2026-08-09.
# Same Feather, same payloads, same stack, opposite channel role: it is the
#   MASTER here and there is no peer, which is exactly part 1 run 3 repeated on a
#   different sniffer and different silicon.
# Host command:
#   spike_b_drive.py --role master --serial 6183 --broadcast-secs 8 --acks 2
#                    --ack-gap 2 --burst-plan 1,3,9 --tail-secs 5
# Caveat, stated because it is visible in the log: sim/ on the nRF54L15 was halted
#   over SWD before this run to clear the channel, but J-Link resumed the core
#   when JLink.exe exited, so the nRF54L15 was transmitting throughout after all.
#   Both transmitters therefore appear. It does not affect the reading: frames are
#   attributed by payload marker, not by timing, and the Feather-as-master frames
#   are the ones whose payload starts A0/B0/C0.
#
P n=4445 dr=0 q=0 t=0916913840 dt= +249690 OK m=5 rssi=-48 dn=14871 ty=0B tt=5 B3=0A pl=106A00528A2D6200 crc=F424 air=112
P n=4446 dr=0 q=0 t=0917163532 dt= +249692 OK m=5 rssi=-48 dn=14871 ty=0B tt=5 B3=0A pl=106B0052F12D6700 crc=EFDA air=112
P n=4448 dr=0 q=0 t=0917413224 dt= +249692 OK m=5 rssi=-47 dn=14871 ty=0B tt=5 B3=0A pl=106C0052572E6600 crc=5110 air=112
P n=4449 dr=0 q=0 t=0917662915 dt= +249691 OK m=5 rssi=-47 dn=14871 ty=0B tt=5 B3=0A pl=106D004FBA2E6300 crc=8EC8 air=112
P n=4450 dr=0 q=0 t=0917912607 dt= +249692 OK m=5 rssi=-47 dn=14871 ty=0B tt=5 B3=0A pl=106E004E1E2F6400 crc=723B air=112
P n=4451 dr=0 q=0 t=0918162299 dt= +249692 OK m=5 rssi=-48 dn=14871 ty=0B tt=5 B3=0A pl=106F0051812F6300 crc=201F air=112
P n=4452 dr=0 q=0 t=0918411989 dt= +249690 OK m=5 rssi=-48 dn=14871 ty=0B tt=5 B3=0A pl=10700052E32F6200 crc=F4D4 air=112
P n=4453 dr=0 q=0 t=0918661681 dt= +249692 OK m=5 rssi=-47 dn=14871 ty=0B tt=5 B3=0A pl=1071004E48306500 crc=C168 air=112
P n=4454 dr=0 q=0 t=0918911373 dt= +249692 OK m=5 rssi=-48 dn=14871 ty=0B tt=5 B3=0A pl=10720053AE306600 crc=CAEA air=112
P n=4455 dr=0 q=0 t=0919161065 dt= +249692 OK m=5 rssi=-48 dn=14871 ty=0B tt=5 B3=0A pl=1073005310316200 crc=DAF4 air=112
P n=4456 dr=0 q=0 t=0919410756 dt= +249691 OK m=5 rssi=-47 dn=14871 ty=0B tt=5 B3=0A pl=1074005172316200 crc=3389 air=112
P n=4457 dr=0 q=0 t=0919660448 dt= +249692 OK m=5 rssi=-47 dn=14871 ty=0B tt=5 B3=0A pl=1075004ED9316700 crc=E1D7 air=112
P n=4458 dr=0 q=0 t=0919910138 dt= +249690 OK m=5 rssi=-47 dn=14871 ty=0B tt=5 B3=0A pl=1076004E3A326100 crc=D595 air=105
P n=4459 dr=0 q=0 t=0920159830 dt= +249692 OK m=5 rssi=-47 dn=14871 ty=0B tt=5 B3=0A pl=107700529C326200 crc=7A39 air=112
P n=4460 dr=0 q=0 t=0920409522 dt= +249692 OK m=5 rssi=-47 dn=14871 ty=0B tt=5 B3=0A pl=1078004EFF326300 crc=8E9E air=112
P n=4461 dr=0 q=0 t=0920659214 dt= +249692 OK m=5 rssi=-47 dn=14871 ty=0B tt=5 B3=0A pl=1079004D60336100 crc=9B0E air=112
P n=4462 dr=0 q=0 t=0920908905 dt= +249691 OK m=5 rssi=-49 dn=14871 ty=0B tt=5 B3=0A pl=107A004FC3336300 crc=10C7 air=112
P n=4464 dr=0 q=0 t=0921158596 dt= +249691 OK m=5 rssi=-47 dn=14871 ty=0B tt=5 B3=0A pl=107B005125346200 crc=7686 air=112
P n=4465 dr=0 q=0 t=0921408288 dt= +249692 OK m=5 rssi=-48 dn=14871 ty=0B tt=5 B3=0A pl=107C005387346200 crc=2C5F air=112
P n=4466 dr=0 q=0 t=0921657979 dt= +249691 OK m=5 rssi=-48 dn=14871 ty=0B tt=5 B3=0A pl=107D004DE8346100 crc=87A3 air=112
P n=4467 dr=0 q=0 t=0921907671 dt= +249692 OK m=5 rssi=-48 dn=14871 ty=0B tt=5 B3=0A pl=107E00524A356200 crc=5BFF air=112
P n=4468 dr=0 q=0 t=0922157363 dt= +249692 OK m=5 rssi=-47 dn=14871 ty=0B tt=5 B3=0A pl=107F004EAD356300 crc=8A19 air=112
P n=4469 dr=0 q=0 t=0922407054 dt= +249691 OK m=5 rssi=-50 dn=14871 ty=0B tt=5 B3=0A pl=108000530E366100 crc=44D0 air=112
P n=4470 dr=0 q=0 t=0922656745 dt= +249691 OK m=5 rssi=-47 dn=14871 ty=0B tt=5 B3=0A pl=1081005173366500 crc=0F05 air=112
P n=4471 dr=0 q=0 t=0922906437 dt= +249692 OK m=5 rssi=-47 dn=14871 ty=0B tt=5 B3=0A pl=1082004FD8366500 crc=E81C air=112
P n=4472 dr=0 q=0 t=0923156128 dt= +249691 OK m=5 rssi=-48 dn=14871 ty=0B tt=5 B3=0A pl=108300503E376600 crc=F0CE air=109
P n=4473 dr=0 q=0 t=0923405820 dt= +249692 OK m=5 rssi=-47 dn=14871 ty=0B tt=5 B3=0A pl=108400539F376100 crc=020D air=112
P n=4474 dr=0 q=0 t=0923655533 dt= +249713 OK m=5 rssi=-48 dn=14871 ty=0B tt=5 B3=0A pl=1085005202386300 crc=A577 air=91
P n=4476 dr=0 q=0 t=0923905203 dt= +249670 OK m=5 rssi=-47 dn=14871 ty=0B tt=5 B3=0A pl=1086005368386600 crc=1928 air=112
P n=4477 dr=0 q=0 t=0924154894 dt= +249691 OK m=5 rssi=-48 dn=14871 ty=0B tt=5 B3=0A pl=1087004ECF386700 crc=0C03 air=112
P n=4478 dr=0 q=0 t=0924404586 dt= +249692 OK m=5 rssi=-48 dn=14871 ty=0B tt=5 B3=0A pl=1088004F32396300 crc=7184 air=112
P n=4479 dr=0 q=0 t=0924654277 dt= +249691 OK m=5 rssi=-48 dn=14871 ty=0B tt=5 B3=0A pl=1089005393396100 crc=BC34 air=112
P n=4480 dr=0 q=0 t=0924903969 dt= +249692 OK m=5 rssi=-48 dn=14871 ty=0B tt=5 B3=0A pl=108A004EF7396400 crc=2D40 air=112
P n=4481 dr=0 q=0 t=0925153661 dt= +249692 OK m=5 rssi=-48 dn=14871 ty=0B tt=5 B3=0A pl=108B0051593A6200 crc=4F58 air=112
P n=4482 dr=0 q=0 t=0925403351 dt= +249690 OK m=5 rssi=-48 dn=14871 ty=0B tt=5 B3=0A pl=108C0051BF3A6600 crc=39AB air=112
P n=4483 dr=0 q=0 t=0925653043 dt= +249692 OK m=5 rssi=-48 dn=14871 ty=0B tt=5 B3=0A pl=108D0050213B6200 crc=B4AA air=112
P n=4484 dr=0 q=0 t=0925902735 dt= +249692 OK m=5 rssi=-48 dn=14871 ty=0B tt=5 B3=0A pl=108E0052883B6700 crc=CE5F air=112
P n=4485 dr=0 q=0 t=0926066057 dt= +163322 OK m=5 rssi=-30 dn=14871 ty=0B tt=5 B3=0A pl=B0005AA500112233 crc=9226 air=112
P n=4486 dr=0 q=0 t=0926152427 dt=  +86370 OK m=5 rssi=-49 dn=14871 ty=0B tt=5 B3=0A pl=108F004EEA3B6200 crc=B200 air=112
P n=4487 dr=0 q=0 t=0926315750 dt= +163323 OK m=5 rssi=-31 dn=14871 ty=0B tt=5 B3=0A pl=B0015AA500112233 crc=2A47 air=112
P n=4488 dr=0 q=0 t=0926402118 dt=  +86368 OK m=5 rssi=-48 dn=14871 ty=0B tt=5 B3=0A pl=10900051513C6700 crc=FB9A air=112
P n=4489 dr=0 q=0 t=0926565444 dt= +163326 OK m=5 rssi=-30 dn=14871 ty=0B tt=5 B3=0A pl=B0025AA500112233 crc=F2C5 air=112
P n=4490 dr=0 q=0 t=0926651810 dt=  +86366 OK m=5 rssi=-47 dn=14871 ty=0B tt=5 B3=0A pl=1091004FB33C6200 crc=1E7E air=112
P n=4491 dr=0 q=0 t=0926815137 dt= +163327 OK m=5 rssi=-30 dn=14871 ty=0B tt=5 B3=0A pl=B0035AA500112233 crc=4AA4 air=112
P n=4492 dr=0 q=0 t=0926901501 dt=  +86364 OK m=5 rssi=-48 dn=14871 ty=0B tt=5 B3=0A pl=1092004F193D6600 crc=BFD5 air=112
P n=4493 dr=0 q=0 t=0927064829 dt= +163328 OK m=5 rssi=-30 dn=14871 ty=0B tt=5 B3=0A pl=B0045AA500112233 crc=53E0 air=112
P n=4494 dr=0 q=0 t=0927151192 dt=  +86363 OK m=5 rssi=-47 dn=14871 ty=0B tt=5 B3=0A pl=1093004D803D6700 crc=45EE air=112
P n=4495 dr=0 q=0 t=0927314522 dt= +163330 OK m=5 rssi=-30 dn=14871 ty=0B tt=5 B3=0A pl=B0055AA500112233 crc=EB81 air=112
P n=4497 dr=0 q=0 t=0927400884 dt=  +86362 OK m=5 rssi=-47 dn=14871 ty=0B tt=5 B3=0A pl=1094004FE63D6600 crc=5553 air=112
P n=4498 dr=0 q=0 t=0927564216 dt= +163332 OK m=5 rssi=-30 dn=14871 ty=0B tt=5 B3=0A pl=B0065AA500112233 crc=3303 air=112
P n=4499 dr=0 q=0 t=0927650576 dt=  +86360 OK m=5 rssi=-47 dn=14871 ty=0B tt=5 B3=0A pl=1095004F493E6300 crc=750F air=112
P n=4500 dr=0 q=0 t=0927813908 dt= +163332 OK m=5 rssi=-30 dn=14871 ty=0B tt=5 B3=0A pl=B0075AA500112233 crc=8B62 air=112
P n=4501 dr=0 q=0 t=0927900267 dt=  +86359 OK m=5 rssi=-47 dn=14871 ty=0B tt=5 B3=0A pl=1096004FAF3E6600 crc=F10B air=112
P n=4502 dr=0 q=0 t=0928063602 dt= +163335 OK m=5 rssi=-30 dn=14871 ty=0B tt=5 B3=0A pl=B0085AA500112233 crc=018B air=112
P n=4503 dr=0 q=0 t=0928149959 dt=  +86357 OK m=5 rssi=-50 dn=14871 ty=0B tt=5 B3=0A pl=1097004F163F6700 crc=4FCD air=112
P n=4504 dr=0 q=0 t=0928313296 dt= +163337 OK m=5 rssi=-30 dn=14871 ty=0B tt=5 B3=0A pl=B0095AA500112233 crc=B9EA air=112
P n=4505 dr=0 q=0 t=0928399650 dt=  +86354 OK m=5 rssi=-51 dn=14871 ty=0B tt=5 B3=0A pl=109800527C3F6600 crc=E24C air=112
P n=4506 dr=0 q=0 t=0928562988 dt= +163338 OK m=5 rssi=-30 dn=14871 ty=0B tt=5 B3=0A pl=B00A5AA500112233 crc=6168 air=112
P n=4507 dr=0 q=0 t=0928649341 dt=  +86353 OK m=5 rssi=-47 dn=14871 ty=0B tt=5 B3=0A pl=10990051E33F6700 crc=95BF air=112
P n=4508 dr=0 q=0 t=0928812681 dt= +163340 OK m=5 rssi=-30 dn=14871 ty=0B tt=5 B3=0A pl=B00B5AA500112233 crc=D909 air=112
P n=4509 dr=0 q=0 t=0928899033 dt=  +86352 OK m=5 rssi=-48 dn=14871 ty=0B tt=5 B3=0A pl=109A004D46406300 crc=AC82 air=112
P n=4510 dr=0 q=0 t=0929062374 dt= +163341 OK m=5 rssi=-30 dn=14871 ty=0B tt=5 B3=0A pl=B00C5AA500112233 crc=C04D air=112
P n=4511 dr=0 q=0 t=0929148725 dt=  +86351 OK m=5 rssi=-48 dn=14871 ty=0B tt=5 B3=0A pl=109B004FAA406400 crc=022F air=112
P n=4512 dr=0 q=0 t=0929312067 dt= +163342 OK m=5 rssi=-30 dn=14871 ty=0B tt=5 B3=0A pl=B00D5AA500112233 crc=782C air=112
P n=4513 dr=0 q=0 t=0929398416 dt=  +86349 OK m=5 rssi=-47 dn=14871 ty=0B tt=5 B3=0A pl=109C005111416700 crc=5D34 air=112
P n=4514 dr=0 q=0 t=0929561762 dt= +163346 OK m=5 rssi=-30 dn=14871 ty=0B tt=5 B3=0A pl=B00E5AA500112233 crc=A0AE air=112
P n=4515 dr=0 q=0 t=0929648108 dt=  +86346 OK m=5 rssi=-47 dn=14871 ty=0B tt=5 B3=0A pl=109D005373416200 crc=EA99 air=112
P n=4516 dr=0 q=0 t=0929811454 dt= +163346 OK m=5 rssi=-30 dn=14871 ty=0B tt=5 B3=0A pl=B00F5AA500112233 crc=18CF air=112
P n=4517 dr=0 q=0 t=0929897799 dt=  +86345 OK m=5 rssi=-47 dn=14871 ty=0B tt=5 B3=0A pl=109E0052D5416200 crc=55A5 air=112
S t=0930007852 ours=4085 foreign=0 longframe=8 oddtype=0 crc_ok=4085 crc_err=432 addr=4517 end=4517 dropped=0  B3: 0A=3709 82=76 92=71 A2=21 B2=3 C2=68 D2=114 E2=3 F2=20
P n=4519 dr=0 q=0 t=0930061147 dt= +163348 OK m=5 rssi=-30 dn=14871 ty=0B tt=5 B3=0A pl=B0105AA500112233 crc=A55D air=112
P n=4520 dr=0 q=0 t=0930147491 dt=  +86344 OK m=5 rssi=-47 dn=14871 ty=0B tt=5 B3=0A pl=109F004D3C426700 crc=5D5F air=112
P n=4521 dr=0 q=0 t=0930310840 dt= +163349 OK m=5 rssi=-31 dn=14871 ty=0B tt=5 B3=0A pl=B0115AA500112233 crc=1D3C air=112
P n=4522 dr=0 q=0 t=0930397182 dt=  +86342 OK m=5 rssi=-48 dn=14871 ty=0B tt=5 B3=0A pl=10A0004EA0426400 crc=BC17 air=112
P n=4523 dr=0 q=0 t=0930560533 dt= +163351 OK m=5 rssi=-30 dn=14871 ty=0B tt=5 B3=0A pl=B0125AA500112233 crc=C5BE air=112
P n=4524 dr=0 q=0 t=0930646874 dt=  +86341 OK m=5 rssi=-48 dn=14871 ty=0B tt=5 B3=0A pl=10A1004E04436400 crc=13C1 air=112
P n=4525 dr=0 q=0 t=0930810226 dt= +163352 OK m=5 rssi=-30 dn=14871 ty=0B tt=5 B3=0A pl=B0135AA500112233 crc=7DDF air=112
P n=4527 dr=0 q=0 t=0930896566 dt=  +86340 OK m=5 rssi=-49 dn=14871 ty=0B tt=5 B3=0A pl=10A2004F68436400 crc=77F2 air=112
P n=4528 dr=0 q=0 t=0931059920 dt= +163354 OK m=5 rssi=-30 dn=14871 ty=0B tt=5 B3=0A pl=B0145AA500112233 crc=649B air=112
P n=4529 dr=0 q=0 t=0931146256 dt=  +86336 OK m=5 rssi=-48 dn=14871 ty=0B tt=5 B3=0A pl=10A3004ECF436700 crc=8BCA air=112
P n=4530 dr=0 q=0 t=0931309613 dt= +163357 OK m=5 rssi=-30 dn=14871 ty=0B tt=5 B3=0A pl=B0155AA500112233 crc=DCFA air=112
P n=4531 dr=0 q=0 t=0931395948 dt=  +86335 OK m=5 rssi=-47 dn=14871 ty=0B tt=5 B3=0A pl=10A4004F32446300 crc=D740 air=112
P n=4532 dr=0 q=0 t=0931559305 dt= +163357 OK m=5 rssi=-30 dn=14871 ty=0B tt=5 B3=0A pl=B0165AA500112233 crc=0478 air=112
P n=4533 dr=0 q=0 t=0931645640 dt=  +86335 OK m=5 rssi=-47 dn=14871 ty=0B tt=5 B3=0A pl=10A5004E96446400 crc=7C60 air=112
P n=4534 dr=0 q=0 t=0931808999 dt= +163359 OK m=5 rssi=-30 dn=14871 ty=0B tt=5 B3=0A pl=B0175AA500112233 crc=BC19 air=112
P n=4535 dr=0 q=0 t=0931895331 dt=  +86332 OK m=5 rssi=-47 dn=14871 ty=0B tt=5 B3=0A pl=10A6004FF8446200 crc=5F9D air=112
P n=4536 dr=0 q=0 t=0932058692 dt= +163361 OK m=5 rssi=-30 dn=14871 ty=0B tt=5 B3=0A pl=B0185AA500112233 crc=36F0 air=112
P n=4537 dr=0 q=0 t=0932145023 dt=  +86331 OK m=5 rssi=-47 dn=14871 ty=0B tt=5 B3=0A pl=10A700515E456600 crc=1A15 air=112
P n=4539 dr=0 q=0 t=0932308385 dt= +163362 OK m=5 rssi=-30 dn=14871 ty=0B tt=5 B3=0A pl=B0195AA500112233 crc=8E91 air=112
P n=4540 dr=0 q=0 t=0932394715 dt=  +86330 OK m=5 rssi=-48 dn=14871 ty=0B tt=5 B3=0A pl=10A80053C1456300 crc=39FB air=112
P n=4541 dr=0 q=0 t=0932558078 dt= +163363 OK m=5 rssi=-30 dn=14871 ty=0B tt=5 B3=0A pl=B01A5AA500112233 crc=5613 air=112
P n=4542 dr=0 q=0 t=0932644405 dt=  +86327 OK m=5 rssi=-47 dn=14871 ty=0B tt=5 B3=0A pl=10A9004E27466600 crc=A16C air=112
P n=4544 dr=0 q=0 t=0932807771 dt= +163366 OK m=5 rssi=-30 dn=14871 ty=0B tt=5 B3=0A pl=B01B5AA500112233 crc=EE72 air=112
P n=4545 dr=0 q=0 t=0932894097 dt=  +86326 OK m=5 rssi=-47 dn=14871 ty=0B tt=5 B3=0A pl=10AA004E88466100 crc=DEE1 air=112
P n=4546 dr=0 q=0 t=0933057465 dt= +163368 OK m=5 rssi=-30 dn=14871 ty=0B tt=5 B3=0A pl=B01C5AA500112233 crc=F736 air=112
P n=4547 dr=0 q=0 t=0933143789 dt=  +86324 OK m=5 rssi=-48 dn=14871 ty=0B tt=5 B3=0A pl=10AB004DEA466200 crc=69BB air=112
P n=4548 dr=0 q=0 t=0933307157 dt= +163368 OK m=5 rssi=-30 dn=14871 ty=0B tt=5 B3=0A pl=B01D5AA500112233 crc=4F57 air=112
P n=4549 dr=0 q=0 t=0933393480 dt=  +86323 OK m=5 rssi=-48 dn=14871 ty=0B tt=5 B3=0A pl=10AC004E4C476200 crc=64F2 air=112
P n=4550 dr=0 q=0 t=0933556850 dt= +163370 OK m=5 rssi=-30 dn=14871 ty=0B tt=5 B3=0A pl=B01E5AA500112233 crc=97D5 air=112
P n=4551 dr=0 q=0 t=0933643172 dt=  +86322 OK m=5 rssi=-48 dn=14871 ty=0B tt=5 B3=0A pl=10AD0053B1476500 crc=C6EF air=112
P n=4552 dr=0 q=0 t=0933806545 dt= +163373 OK m=5 rssi=-30 dn=14871 ty=0B tt=5 B3=0A pl=B01F5AA500112233 crc=2FB4 air=112
P n=4553 dr=0 q=0 t=0933892864 dt=  +86319 OK m=5 rssi=-49 dn=14871 ty=0B tt=5 B3=0A pl=10AE004D14486300 crc=053B air=112
P n=4554 dr=0 q=0 t=0934056237 dt= +163373 OK m=5 rssi=-30 dn=14871 ty=0B tt=5 B3=0A pl=B0205AA500112233 crc=FCD0 air=112
P n=4555 dr=0 q=0 t=0934142554 dt=  +86317 OK m=5 rssi=-48 dn=14871 ty=0B tt=5 B3=0A pl=10AF00517B486700 crc=73D3 air=112
P n=4556 dr=0 q=0 t=0934305930 dt= +163376 OK m=5 rssi=-30 dn=14871 ty=0B tt=5 B3=0A pl=B0215AA500112233 crc=44B1 air=112
P n=4557 dr=0 q=0 t=0934392246 dt=  +86316 OK m=5 rssi=-48 dn=14871 ty=0B tt=5 B3=0A pl=10B00050E0486500 crc=DAF2 air=112
P n=4558 dr=0 q=0 t=0934555622 dt= +163376 OK m=5 rssi=-30 dn=14871 ty=0B tt=5 B3=AA pl=A0005AA500112233 crc=B7DC air=112
P n=4559 dr=0 q=0 t=0934641938 dt=  +86316 OK m=5 rssi=-48 dn=14871 ty=0B tt=5 B3=0A pl=10B1005243496300 crc=CA2C air=112
P n=4560 dr=0 q=0 t=0934805316 dt= +163378 OK m=5 rssi=-30 dn=14871 ty=0B tt=5 B3=0A pl=A0005AA500112233 crc=AF92 air=112
P n=4561 dr=0 q=0 t=0934891629 dt=  +86313 OK m=5 rssi=-49 dn=14871 ty=0B tt=5 B3=0A pl=10B20053A4496100 crc=0B5A air=112
P n=4562 dr=0 q=0 t=0935055009 dt= +163380 OK m=5 rssi=-30 dn=14871 ty=0B tt=5 B3=0A pl=A0005AA500112233 crc=AF92 air=112
P n=4563 dr=0 q=0 t=0935141321 dt=  +86312 OK m=5 rssi=-48 dn=14871 ty=0B tt=5 B3=0A pl=10B30053084A6400 crc=B0DA air=112
P n=4565 dr=0 q=0 t=0935304703 dt= +163382 OK m=5 rssi=-30 dn=14871 ty=0B tt=5 B3=0A pl=A0005AA500112233 crc=AF92 air=112
P n=4566 dr=0 q=0 t=0935391012 dt=  +86309 OK m=5 rssi=-48 dn=14871 ty=0B tt=5 B3=0A pl=10B4004F6A4A6200 crc=38F3 air=112
P n=4567 dr=0 q=0 t=0935554395 dt= +163383 OK m=5 rssi=-30 dn=14871 ty=0B tt=5 B3=0A pl=A0005AA500112233 crc=AF92 air=112
P n=4568 dr=0 q=0 t=0935640703 dt=  +86308 OK m=5 rssi=-48 dn=14871 ty=0B tt=5 B3=0A pl=10B50052CF4A6500 crc=6A16 air=112
P n=4569 dr=0 q=0 t=0935804088 dt= +163385 OK m=5 rssi=-30 dn=14871 ty=0B tt=5 B3=0A pl=A0005AA500112233 crc=AF92 air=112
P n=4570 dr=0 q=0 t=0935890395 dt=  +86307 OK m=5 rssi=-48 dn=14871 ty=0B tt=5 B3=0A pl=10B6004E324B6300 crc=06B8 air=112
P n=4571 dr=0 q=0 t=0936053781 dt= +163386 OK m=5 rssi=-30 dn=14871 ty=0B tt=5 B3=0A pl=A0005AA500112233 crc=AF92 air=112
P n=4572 dr=0 q=0 t=0936140087 dt=  +86306 OK m=5 rssi=-48 dn=14871 ty=0B tt=5 B3=0A pl=10B70051944B6200 crc=21A4 air=112
P n=4574 dr=0 q=0 t=0936303474 dt= +163387 OK m=5 rssi=-30 dn=14871 ty=0B tt=5 B3=0A pl=A0005AA500112233 crc=AF92 air=112
P n=4575 dr=0 q=0 t=0936389778 dt=  +86304 OK m=5 rssi=-48 dn=14871 ty=0B tt=5 B3=0A pl=10B80052F54B6100 crc=3FAA air=112
P n=4576 dr=0 q=0 t=0936553167 dt= +163389 OK m=5 rssi=-30 dn=14871 ty=0B tt=5 B3=0A pl=A0005AA500112233 crc=AF92 air=112
P n=4577 dr=0 q=0 t=0936639470 dt=  +86303 OK m=5 rssi=-48 dn=14871 ty=0B tt=5 B3=0A pl=10B9004D594C6400 crc=3949 air=112
P n=4578 dr=0 q=0 t=0936802861 dt= +163391 OK m=5 rssi=-30 dn=14871 ty=0B tt=5 B3=0A pl=A0005AA500112233 crc=AF92 air=112
P n=4579 dr=0 q=0 t=0936889161 dt=  +86300 OK m=5 rssi=-49 dn=14871 ty=0B tt=5 B3=0A pl=10BA0051BA4C6100 crc=8E79 air=112
P n=4580 dr=0 q=0 t=0937052554 dt= +163393 OK m=5 rssi=-30 dn=14871 ty=0B tt=5 B3=AA pl=A0015AA500112233 crc=0FBD air=112
P n=4581 dr=0 q=0 t=0937138853 dt=  +86299 OK m=5 rssi=-48 dn=14871 ty=0B tt=5 B3=0A pl=10BB00521D4D6300 crc=32C3 air=112
P n=4582 dr=0 q=0 t=0937302247 dt= +163394 OK m=5 rssi=-30 dn=14871 ty=0B tt=5 B3=0A pl=A0015AA500112233 crc=17F3 air=112
P n=4583 dr=0 q=0 t=0937388544 dt=  +86297 OK m=5 rssi=-48 dn=14871 ty=0B tt=5 B3=0A pl=10BC0052824D6500 crc=9350 air=112
P n=4584 dr=0 q=0 t=0937551940 dt= +163396 OK m=5 rssi=-30 dn=14871 ty=0B tt=5 B3=0A pl=A0015AA500112233 crc=17F3 air=112
P n=4585 dr=0 q=0 t=0937638236 dt=  +86296 OK m=5 rssi=-48 dn=14871 ty=0B tt=5 B3=0A pl=10BD0051E34D6100 crc=2641 air=112
P n=4587 dr=0 q=0 t=0937801633 dt= +163397 OK m=5 rssi=-30 dn=14871 ty=0B tt=5 B3=0A pl=A0015AA500112233 crc=17F3 air=112
P n=4588 dr=0 q=0 t=0937887928 dt=  +86295 OK m=5 rssi=-48 dn=14871 ty=0B tt=5 B3=0A pl=10BE004D474E6400 crc=F790 air=112
P n=4589 dr=0 q=0 t=0938051328 dt= +163400 OK m=5 rssi=-30 dn=14871 ty=0B tt=5 B3=0A pl=A0015AA500112233 crc=17F3 air=112
P n=4590 dr=0 q=0 t=0938137619 dt=  +86291 OK m=5 rssi=-51 dn=14871 ty=0B tt=5 B3=0A pl=10BF0053AC4E6500 crc=2DC7 air=112
P n=4591 dr=0 q=0 t=0938301019 dt= +163400 OK m=5 rssi=-30 dn=14871 ty=0B tt=5 B3=0A pl=A0015AA500112233 crc=17F3 air=112
P n=4592 dr=0 q=0 t=0938387310 dt=  +86291 OK m=5 rssi=-49 dn=14871 ty=0B tt=5 B3=0A pl=10C0004F114F6500 crc=5359 air=112
P n=4593 dr=0 q=0 t=0938550712 dt= +163402 OK m=5 rssi=-30 dn=14871 ty=0B tt=5 B3=0A pl=A0015AA500112233 crc=17F3 air=112
P n=4594 dr=0 q=0 t=0938637002 dt=  +86290 OK m=5 rssi=-51 dn=14871 ty=0B tt=5 B3=0A pl=10C1004F744F6300 crc=A409 air=112
P n=4595 dr=0 q=0 t=0938800405 dt= +163403 OK m=5 rssi=-30 dn=14871 ty=0B tt=5 B3=0A pl=A0015AA500112233 crc=17F3 air=112
P n=4596 dr=0 q=0 t=0938886693 dt=  +86288 OK m=5 rssi=-47 dn=14871 ty=0B tt=5 B3=0A pl=10C20051DB4F6700 crc=4525 air=112
P n=4597 dr=0 q=0 t=0939050098 dt= +163405 OK m=5 rssi=-30 dn=14871 ty=0B tt=5 B3=0A pl=A0015AA500112233 crc=17F3 air=112
P n=4598 dr=0 q=0 t=0939136380 dt=  +86282 OK m=5 rssi=-48 dn=14871 ty=0B tt=5 B3=0A pl=10C3004E40506500 crc=4D57 air=117
P n=4599 dr=0 q=0 t=0939299792 dt= +163412 OK m=5 rssi=-30 dn=14871 ty=0B tt=5 B3=AA pl=C0005AA500112233 crc=3A64 air=112
P n=4601 dr=0 q=0 t=0939386077 dt=  +86285 OK m=5 rssi=-48 dn=14871 ty=0B tt=5 B3=0A pl=10C40050A3506300 crc=2A71 air=112
P n=4602 dr=0 q=0 t=0939549485 dt= +163408 OK m=5 rssi=-30 dn=14871 ty=0B tt=5 B3=0A pl=C0005AA500112233 crc=222A air=112
P n=4603 dr=0 q=0 t=0939635772 dt=  +86287 OK m=5 rssi=-48 dn=14871 ty=0B tt=5 B3=0A pl=10C5004D06516300 crc=D633 air=107
P n=4604 dr=0 q=0 t=0939799177 dt= +163405 OK m=5 rssi=-30 dn=14871 ty=0B tt=5 B3=0A pl=C0005AA500112233 crc=222A air=112
P n=4605 dr=0 q=0 t=0939885459 dt=  +86282 OK m=5 rssi=-48 dn=14871 ty=0B tt=5 B3=0A pl=10C6004E69516300 crc=6D5F air=112
P n=4606 dr=0 q=0 t=0940048871 dt= +163412 OK m=5 rssi=-30 dn=14871 ty=0B tt=5 B3=0A pl=C0005AA500112233 crc=222A air=112
P n=4607 dr=0 q=0 t=0940135144 dt=  +86273 OK m=5 rssi=-48 dn=14871 ty=0B tt=5 B3=0A pl=10C70053CF516600 crc=C204 air=119
P n=4608 dr=0 q=0 t=0940298564 dt= +163420 OK m=5 rssi=-30 dn=14871 ty=0B tt=5 B3=0A pl=C0005AA500112233 crc=222A air=112
P n=4609 dr=0 q=0 t=0940384842 dt=  +86278 OK m=5 rssi=-49 dn=14871 ty=0B tt=5 B3=0A pl=10C8005132526300 crc=0C00 air=112
P n=4610 dr=0 q=0 t=0940548257 dt= +163415 OK m=5 rssi=-30 dn=14871 ty=0B tt=5 B3=0A pl=C0005AA500112233 crc=222A air=112
P n=4611 dr=0 q=0 t=0940634526 dt=  +86269 OK m=5 rssi=-49 dn=14871 ty=0B tt=5 B3=0A pl=10C9005295526300 crc=E1E8 air=120
P n=4612 dr=0 q=0 t=0940797950 dt= +163424 OK m=5 rssi=-30 dn=14871 ty=0B tt=5 B3=0A pl=C0005AA500112233 crc=222A air=112
P n=4613 dr=0 q=0 t=0940884226 dt=  +86276 OK m=5 rssi=-47 dn=14871 ty=0B tt=5 B3=0A pl=10CA0050FC526700 crc=1B88 air=112
P n=4615 dr=0 q=0 t=0941047644 dt= +163418 OK m=5 rssi=-30 dn=14871 ty=0B tt=5 B3=0A pl=C0005AA500112233 crc=222A air=112
P n=4616 dr=0 q=0 t=0941133916 dt=  +86272 OK m=5 rssi=-48 dn=14871 ty=0B tt=5 B3=0A pl=10CB00515E536200 crc=C663 air=112
P n=4617 dr=0 q=0 t=0941297337 dt= +163421 OK m=5 rssi=-30 dn=14871 ty=0B tt=5 B3=0A pl=C0005AA500112233 crc=222A air=112
P n=4618 dr=0 q=0 t=0941383608 dt=  +86271 OK m=5 rssi=-47 dn=14871 ty=0B tt=5 B3=0A pl=10CC0053C2536400 crc=B8AF air=112
P n=4619 dr=0 q=0 t=0941547029 dt= +163421 OK m=5 rssi=-30 dn=14871 ty=0B tt=5 B3=8A pl=C0005AA500112233 crc=9D98 air=112
P n=4620 dr=0 q=0 t=0941633300 dt=  +86271 OK m=5 rssi=-48 dn=14871 ty=0B tt=5 B3=0A pl=10CD005126546400 crc=8FC6 air=113
P n=4621 dr=0 q=0 t=0941796722 dt= +163422 OK m=5 rssi=-30 dn=14871 ty=0B tt=5 B3=0A pl=C0005AA500112233 crc=222A air=112
P n=4622 dr=0 q=0 t=0941882991 dt=  +86269 OK m=5 rssi=-48 dn=14871 ty=0B tt=5 B3=0A pl=10CE005088546200 crc=1F9F air=112
P n=4623 dr=0 q=0 t=0942046417 dt= +163426 OK m=5 rssi=-30 dn=14871 ty=0B tt=5 B3=0A pl=C0005AA500112233 crc=222A air=111
P n=4624 dr=0 q=0 t=0942132683 dt=  +86266 OK m=5 rssi=-49 dn=14871 ty=0B tt=5 B3=0A pl=10CF0050EB546300 crc=56C1 air=105
P n=4625 dr=0 q=0 t=0942296110 dt= +163427 OK m=5 rssi=-30 dn=14871 ty=0B tt=5 B3=0A pl=C0005AA500112233 crc=222A air=112
P n=4626 dr=0 q=0 t=0942382375 dt=  +86265 OK m=5 rssi=-48 dn=14871 ty=0B tt=5 B3=0A pl=10D0005152556700 crc=B850 air=112
P n=4627 dr=0 q=0 t=0942545809 dt= +163434 OK m=5 rssi=-30 dn=14871 ty=0B tt=5 B3=0A pl=C0005AA500112233 crc=222A air=105
P n=4628 dr=0 q=0 t=0942632065 dt=  +86256 OK m=5 rssi=-48 dn=14871 ty=0B tt=5 B3=0A pl=10D10050B3556100 crc=F298 air=105
P n=4629 dr=0 q=0 t=0942795495 dt= +163430 OK m=5 rssi=-30 dn=14871 ty=0B tt=5 B3=0A pl=C0005AA500112233 crc=222A air=112
P n=4630 dr=0 q=0 t=0942881757 dt=  +86262 OK m=5 rssi=-48 dn=14871 ty=0B tt=5 B3=0A pl=10D2005215566200 crc=AF75 air=112
P n=4631 dr=0 q=0 t=0943045182 dt= +163425 OK m=5 rssi=-30 dn=14871 ty=0B tt=5 B3=0A pl=C0005AA500112233 crc=222A air=118
P n=4632 dr=0 q=0 t=0943131449 dt=  +86267 OK m=5 rssi=-48 dn=14871 ty=0B tt=5 B3=0A pl=10D300507A566500 crc=473C air=112
P n=4633 dr=0 q=0 t=0943294881 dt= +163432 OK m=5 rssi=-30 dn=14871 ty=0B tt=5 B3=0A pl=C0005AA500112233 crc=222A air=112
P n=4634 dr=0 q=0 t=0943381141 dt=  +86260 OK m=5 rssi=-48 dn=14871 ty=0B tt=5 B3=0A pl=10D4004FE0566600 crc=C4BC air=112
P n=4635 dr=0 q=0 t=0943544567 dt= +163426 OK m=5 rssi=-30 dn=14871 ty=0B tt=5 B3=0A pl=C0005AA500112233 crc=222A air=119
P n=4636 dr=0 q=0 t=0943630832 dt=  +86265 OK m=5 rssi=-48 dn=14871 ty=0B tt=5 B3=0A pl=10D5005041576100 crc=2F1B air=112
P n=4637 dr=0 q=0 t=0943794269 dt= +163437 OK m=5 rssi=-30 dn=14871 ty=0B tt=5 B3=8A pl=C0005AA500112233 crc=9D98 air=112
P n=4638 dr=0 q=0 t=0943880523 dt=  +86254 OK m=5 rssi=-49 dn=14871 ty=0B tt=5 B3=0A pl=50FFFF01FF000100 crc=2C50 air=112
P n=4639 dr=0 q=0 t=0944043960 dt= +163437 OK m=5 rssi=-30 dn=14871 ty=0B tt=5 B3=0A pl=C0005AA500112233 crc=222A air=112
P n=4641 dr=0 q=0 t=0944130215 dt=  +86255 OK m=5 rssi=-48 dn=14871 ty=0B tt=5 B3=0A pl=011201FFFFFFFFFF crc=52B2 air=112
P n=4642 dr=0 q=0 t=0944293654 dt= +163439 OK m=5 rssi=-30 dn=14871 ty=0B tt=5 B3=0A pl=C0005AA500112233 crc=222A air=112
P n=4643 dr=0 q=0 t=0944379906 dt=  +86252 OK m=5 rssi=-50 dn=14871 ty=0B tt=5 B3=0A pl=51FF010153555400 crc=9BAC air=112
P n=4644 dr=0 q=0 t=0944543347 dt= +163441 OK m=5 rssi=-30 dn=14871 ty=0B tt=5 B3=0A pl=C0005AA500112233 crc=222A air=105
P n=4645 dr=0 q=0 t=0944629598 dt=  +86251 OK m=5 rssi=-48 dn=14871 ty=0B tt=5 B3=0A pl=10D6004DA4576300 crc=8C74 air=112
P n=4646 dr=0 q=0 t=0944793040 dt= +163442 OK m=5 rssi=-30 dn=14871 ty=0B tt=5 B3=0A pl=C0005AA500112233 crc=222A air=112
P n=4647 dr=0 q=0 t=0944879290 dt=  +86250 OK m=5 rssi=-48 dn=14871 ty=0B tt=5 B3=0A pl=10D7004D05586100 crc=E284 air=112
S t=0945007032 ours=4205 foreign=0 longframe=8 oddtype=0 crc_ok=4205 crc_err=442 addr=4647 end=4647 dropped=0  B3: 0A=3824 82=76 8A=2 92=71 A2=21 AA=3 B2=3 C2=68 D2=114 E2=3 F2=20
P n=4648 dr=0 q=0 t=0945042733 dt= +163443 OK m=5 rssi=-30 dn=14871 ty=0B tt=5 B3=0A pl=C0005AA500112233 crc=222A air=112
P n=4649 dr=0 q=0 t=0945128981 dt=  +86248 OK m=5 rssi=-48 dn=14871 ty=0B tt=5 B3=0A pl=10D8005168586300 crc=E12A air=112
P n=4650 dr=0 q=0 t=0945292427 dt= +163446 OK m=5 rssi=-30 dn=14871 ty=0B tt=5 B3=0A pl=C0005AA500112233 crc=222A air=112
P n=4651 dr=0 q=0 t=0945378672 dt=  +86245 OK m=5 rssi=-48 dn=14871 ty=0B tt=5 B3=0A pl=10D90051CB586300 crc=28E1 air=110
P n=4652 dr=0 q=0 t=0945542119 dt= +163447 OK m=5 rssi=-30 dn=14871 ty=0B tt=5 B3=0A pl=C0005AA500112233 crc=222A air=112
P n=4653 dr=0 q=0 t=0945628364 dt=  +86245 OK m=5 rssi=-48 dn=14871 ty=0B tt=5 B3=0A pl=10DA004D2E596300 crc=708D air=112
P n=4654 dr=0 q=0 t=0945791805 dt= +163441 OK m=5 rssi=-30 dn=14871 ty=0B tt=5 B3=0A pl=C0005AA500112233 crc=222A air=119
P n=4655 dr=0 q=0 t=0945878055 dt=  +86250 OK m=5 rssi=-48 dn=14871 ty=0B tt=5 B3=0A pl=10DB005293596500 crc=CBBE air=112
P n=4656 dr=0 q=0 t=0946041506 dt= +163451 OK m=5 rssi=-30 dn=14871 ty=0B tt=5 B3=0A pl=C0005AA500112233 crc=222A air=112
P n=4657 dr=0 q=0 t=0946127747 dt=  +86241 OK m=5 rssi=-48 dn=14871 ty=0B tt=5 B3=0A pl=10DC0051F9596600 crc=5802 air=112
P n=4658 dr=0 q=0 t=0946291198 dt= +163451 OK m=5 rssi=-30 dn=14871 ty=0B tt=5 B3=0A pl=C0005AA500112233 crc=222A air=113
P n=4659 dr=0 q=0 t=0946377439 dt=  +86241 OK m=5 rssi=-48 dn=14871 ty=0B tt=5 B3=0A pl=10DD00535C5A6300 crc=5476 air=112
P n=4660 dr=0 q=0 t=0946540891 dt= +163452 OK m=5 rssi=-30 dn=14871 ty=0B tt=5 B3=0A pl=B0235AA500112233 crc=2452 air=112
P n=4661 dr=0 q=0 t=0946627130 dt=  +86239 OK m=5 rssi=-48 dn=14871 ty=0B tt=5 B3=0A pl=10DE0051BE5A6200 crc=92C4 air=112
P n=4662 dr=0 q=0 t=0946790585 dt= +163455 OK m=5 rssi=-30 dn=14871 ty=0B tt=5 B3=0A pl=B0245AA500112233 crc=3D16 air=112
P n=4663 dr=0 q=0 t=0946876821 dt=  +86236 OK m=5 rssi=-48 dn=14871 ty=0B tt=5 B3=0A pl=10DF004F245B6600 crc=B497 air=112
P n=4664 dr=0 q=0 t=0947040278 dt= +163457 OK m=5 rssi=-30 dn=14871 ty=0B tt=5 B3=0A pl=B0255AA500112233 crc=8577 air=112
P n=4666 dr=0 q=0 t=0947126513 dt=  +86235 OK m=5 rssi=-51 dn=14871 ty=0B tt=5 B3=0A pl=10E00051855B6100 crc=A954 air=112
P n=4668 dr=0 q=0 t=0947289971 dt= +163458 OK m=5 rssi=-30 dn=14871 ty=0B tt=5 B3=0A pl=B0265AA500112233 crc=5DF5 air=115
P n=4669 dr=0 q=0 t=0947376204 dt=  +86233 OK m=5 rssi=-48 dn=14871 ty=0B tt=5 B3=0A pl=10E1004DEA5B6500 crc=DFBC air=112
P n=4670 dr=0 q=0 t=0947539664 dt= +163460 OK m=5 rssi=-30 dn=14871 ty=0B tt=5 B3=0A pl=B0275AA500112233 crc=E594 air=112
P n=4671 dr=0 q=0 t=0947625896 dt=  +86232 OK m=5 rssi=-49 dn=14871 ty=0B tt=5 B3=0A pl=10E2004F4B5C6100 crc=962B air=112
P n=4672 dr=0 q=0 t=0947789357 dt= +163461 OK m=5 rssi=-30 dn=14871 ty=0B tt=5 B3=0A pl=B0285AA500112233 crc=6F7D air=121
P n=4673 dr=0 q=0 t=0947875588 dt=  +86231 OK m=5 rssi=-49 dn=14871 ty=0B tt=5 B3=0A pl=10E30050AD5C6200 crc=B9C9 air=112
P n=4674 dr=0 q=0 t=0948039051 dt= +163463 OK m=5 rssi=-30 dn=14871 ty=0B tt=5 B3=0A pl=B0295AA500112233 crc=D71C air=112
P n=4675 dr=0 q=0 t=0948125278 dt=  +86227 OK m=5 rssi=-49 dn=14871 ty=0B tt=5 B3=0A pl=10E40052115D6400 crc=C77B air=112
P n=4676 dr=0 q=0 t=0948288743 dt= +163465 OK m=5 rssi=-30 dn=14871 ty=0B tt=5 B3=0A pl=B02A5AA500112233 crc=0F9E air=107
P n=4677 dr=0 q=0 t=0948374970 dt=  +86227 OK m=5 rssi=-48 dn=14871 ty=0B tt=5 B3=0A pl=10E50052745D6300 crc=031A air=112
P n=4678 dr=0 q=0 t=0948538436 dt= +163466 OK m=5 rssi=-30 dn=14871 ty=0B tt=5 B3=0A pl=B02B5AA500112233 crc=B7FF air=112
P n=4679 dr=0 q=0 t=0948624662 dt=  +86226 OK m=5 rssi=-48 dn=14871 ty=0B tt=5 B3=0A pl=10E6004FDA5D6600 crc=4961 air=112
P n=4680 dr=0 q=0 t=0948788130 dt= +163468 OK m=5 rssi=-30 dn=14871 ty=0B tt=5 B3=0A pl=B02C5AA500112233 crc=AEBB air=105
P n=4681 dr=0 q=0 t=0948874354 dt=  +86224 OK m=5 rssi=-48 dn=14871 ty=0B tt=5 B3=0A pl=10E7004F3E5E6400 crc=8029 air=112
P n=4682 dr=0 q=0 t=0949037823 dt= +163469 OK m=5 rssi=-30 dn=14871 ty=0B tt=5 B3=0A pl=B02D5AA500112233 crc=16DA air=112
P n=4683 dr=0 q=0 t=0949124045 dt=  +86222 OK m=5 rssi=-48 dn=14871 ty=0B tt=5 B3=0A pl=10E8004EA35E6500 crc=6CB9 air=112
P n=4684 dr=0 q=0 t=0949287516 dt= +163471 OK m=5 rssi=-30 dn=14871 ty=0B tt=5 B3=0A pl=B02E5AA500112233 crc=CE58 air=112
P n=4685 dr=0 q=0 t=0949373737 dt=  +86221 OK m=5 rssi=-48 dn=14871 ty=0B tt=5 B3=0A pl=10E9004D055F6200 crc=5942 air=112
P n=4686 dr=0 q=0 t=0949537210 dt= +163473 OK m=5 rssi=-30 dn=14871 ty=0B tt=5 B3=0A pl=B02F5AA500112233 crc=7639 air=112
P n=4687 dr=0 q=0 t=0949623428 dt=  +86218 OK m=5 rssi=-51 dn=14871 ty=0B tt=5 B3=0A pl=10EA0051665F6100 crc=99EC air=112
P n=4688 dr=0 q=0 t=0949786902 dt= +163474 OK m=5 rssi=-30 dn=14871 ty=0B tt=5 B3=0A pl=B0305AA500112233 crc=CBAB air=112
P n=4689 dr=0 q=0 t=0949873119 dt=  +86217 OK m=5 rssi=-48 dn=14871 ty=0B tt=5 B3=0A pl=10EB004FCA5F6400 crc=B0CE air=112
P n=4690 dr=0 q=0 t=0950036595 dt= +163476 OK m=5 rssi=-30 dn=14871 ty=0B tt=5 B3=0A pl=B0315AA500112233 crc=73CA air=112
P n=4691 dr=0 q=0 t=0950122811 dt=  +86216 OK m=5 rssi=-49 dn=14871 ty=0B tt=5 B3=0A pl=10EC005030606600 crc=B039 air=112
P n=4692 dr=0 q=0 t=0950286288 dt= +163477 OK m=5 rssi=-30 dn=14871 ty=0B tt=5 B3=0A pl=B0325AA500112233 crc=AB48 air=112
P n=4693 dr=0 q=0 t=0950372503 dt=  +86215 OK m=5 rssi=-48 dn=14871 ty=0B tt=5 B3=0A pl=10ED005095606500 crc=0B38 air=112
P n=4694 dr=0 q=0 t=0950535981 dt= +163478 OK m=5 rssi=-30 dn=14871 ty=0B tt=5 B3=0A pl=B0335AA500112233 crc=1329 air=112
P n=4695 dr=0 q=0 t=0950622194 dt=  +86213 OK m=5 rssi=-48 dn=14871 ty=0B tt=5 B3=0A pl=10EE0050F7606200 crc=FE97 air=112
P n=4696 dr=0 q=0 t=0950785674 dt= +163480 OK m=5 rssi=-30 dn=14871 ty=0B tt=5 B3=0A pl=B0345AA500112233 crc=0A6D air=112
P n=4698 dr=0 q=0 t=0950871886 dt=  +86212 OK m=5 rssi=-50 dn=14871 ty=0B tt=5 B3=0A pl=10EF00535D616600 crc=D10D air=112
P n=4699 dr=0 q=0 t=0951035367 dt= +163481 OK m=5 rssi=-30 dn=14871 ty=0B tt=5 B3=0A pl=B0355AA500112233 crc=B20C air=112
P n=4700 dr=0 q=0 t=0951121577 dt=  +86210 OK m=5 rssi=-48 dn=14871 ty=0B tt=5 B3=0A pl=10F00053C2616500 crc=2BBD air=112
P n=4701 dr=0 q=0 t=0951285061 dt= +163484 OK m=5 rssi=-30 dn=14871 ty=0B tt=5 B3=0A pl=B0365AA500112233 crc=6A8E air=112
P n=4702 dr=0 q=0 t=0951371269 dt=  +86208 OK m=5 rssi=-48 dn=14871 ty=0B tt=5 B3=0A pl=10F1004E26626400 crc=9286 air=112
P n=4703 dr=0 q=0 t=0951620960 dt= +249691 OK m=5 rssi=-48 dn=14871 ty=0B tt=5 B3=0A pl=10F2004F88626200 crc=02DF air=112
P n=4704 dr=0 q=0 t=0951870652 dt= +249692 OK m=5 rssi=-48 dn=14871 ty=0B tt=5 B3=0A pl=10F30053ED626500 crc=49CF air=112
P n=4705 dr=0 q=0 t=0952120343 dt= +249691 OK m=5 rssi=-47 dn=14871 ty=0B tt=5 B3=0A pl=10F4005050636300 crc=EB98 air=112
P n=4707 dr=0 q=0 t=0952370035 dt= +249692 OK m=5 rssi=-50 dn=14871 ty=0B tt=5 B3=0A pl=10F5004DB7636700 crc=6FDA air=112
P n=4708 dr=0 q=0 t=0952619726 dt= +249691 OK m=5 rssi=-49 dn=14871 ty=0B tt=5 B3=0A pl=10F6005318646100 crc=6D04 air=112
P n=4709 dr=0 q=0 t=0952869415 dt= +249689 OK m=5 rssi=-48 dn=14871 ty=0B tt=5 B3=0A pl=10F7005079646100 crc=14D1 air=115
P n=4710 dr=0 q=0 t=0953119109 dt= +249694 OK m=5 rssi=-49 dn=14871 ty=0B tt=5 B3=0A pl=10F80051E0646700 crc=AB27 air=112
P n=4711 dr=0 q=0 t=0953368801 dt= +249692 OK m=5 rssi=-47 dn=14871 ty=0B tt=5 B3=0A pl=10F9004E45656500 crc=7584 air=112
P n=4712 dr=0 q=0 t=0953618493 dt= +249692 OK m=5 rssi=-49 dn=14871 ty=0B tt=5 B3=0A pl=10FA004FAC656700 crc=16A8 air=112
P n=4713 dr=0 q=0 t=0953868183 dt= +249690 OK m=5 rssi=-48 dn=14871 ty=0B tt=5 B3=0A pl=10FB004F0F666300 crc=4AF7 air=112
P n=4714 dr=0 q=0 t=0954117875 dt= +249692 OK m=5 rssi=-48 dn=14871 ty=0B tt=5 B3=0A pl=10FC004F74666500 crc=A57F air=112
P n=4716 dr=0 q=0 t=0954367567 dt= +249692 OK m=5 rssi=-48 dn=14871 ty=0B tt=5 B3=0A pl=10FD0052D8666400 crc=AE4B air=112
P n=4718 dr=0 q=0 t=0954617258 dt= +249691 OK m=5 rssi=-49 dn=14871 ty=0B tt=5 B3=0A pl=10FE00523E676600 crc=84E8 air=112
P n=4719 dr=0 q=0 t=0954866950 dt= +249692 OK m=5 rssi=-48 dn=14871 ty=0B tt=5 B3=0A pl=10FF0051A1676300 crc=3FDF air=112
P n=4720 dr=0 q=0 t=0955116642 dt= +249692 OK m=5 rssi=-47 dn=14871 ty=0B tt=5 B3=0A pl=1000004D08686700 crc=EC2B air=112
P n=4721 dr=0 q=0 t=0955366332 dt= +249690 OK m=5 rssi=-47 dn=14871 ty=0B tt=5 B3=0A pl=100100516B686300 crc=D5F1 air=112
P n=4722 dr=0 q=0 t=0955616024 dt= +249692 OK m=5 rssi=-47 dn=14871 ty=0B tt=5 B3=0A pl=10020050D1686600 crc=C1AD air=112
P n=4723 dr=0 q=0 t=0955865716 dt= +249692 OK m=5 rssi=-48 dn=14871 ty=0B tt=5 B3=0A pl=1003005336696500 crc=20BA air=112
P n=4724 dr=0 q=0 t=0956365099 dt= +499383 OK m=5 rssi=-50 dn=14871 ty=0B tt=5 B3=0A pl=10050053006A6700 crc=B5DD air=112
P n=4725 dr=0 q=0 t=0956614791 dt= +249692 OK m=5 rssi=-47 dn=14871 ty=0B tt=5 B3=0A pl=10060052626A6200 crc=8C41 air=112
P n=4726 dr=0 q=0 t=0956864482 dt= +249691 OK m=5 rssi=-49 dn=14871 ty=0B tt=5 B3=0A pl=10070052C66A6400 crc=BE01 air=112
P n=4727 dr=0 q=0 t=0957114173 dt= +249691 OK m=5 rssi=-47 dn=14871 ty=0B tt=5 B3=0A pl=10080053276B6100 crc=A422 air=112
P n=4728 dr=0 q=0 t=0957363865 dt= +249692 OK m=5 rssi=-48 dn=14871 ty=0B tt=5 B3=0A pl=1009004D886B6100 crc=E929 air=112
P n=4730 dr=0 q=0 t=0957613556 dt= +249691 OK m=5 rssi=-48 dn=14871 ty=0B tt=5 B3=0A pl=100A004DEC6B6400 crc=5D7D air=112
P n=4731 dr=0 q=0 t=0957863248 dt= +249692 OK m=5 rssi=-47 dn=14871 ty=0B tt=5 B3=0A pl=100B00524D6C6100 crc=6218 air=112
P n=4732 dr=0 q=0 t=0958112939 dt= +249691 OK m=5 rssi=-47 dn=14871 ty=0B tt=5 B3=0A pl=100C004DB16C6400 crc=3575 air=112
P n=4733 dr=0 q=0 t=0958362630 dt= +249691 OK m=5 rssi=-47 dn=14871 ty=0B tt=5 B3=0A pl=100D0051176D6600 crc=9ED8 air=112
P n=4734 dr=0 q=0 t=0958612322 dt= +249692 OK m=5 rssi=-47 dn=14871 ty=0B tt=5 B3=0A pl=100E004D7B6D6400 crc=B9A9 air=112
P n=4735 dr=0 q=0 t=0958862014 dt= +249692 OK m=5 rssi=-48 dn=14871 ty=0B tt=5 B3=0A pl=100F004FDD6D6200 crc=2202 air=109
P n=4736 dr=0 q=0 t=0959111706 dt= +249692 OK m=5 rssi=-47 dn=14871 ty=0B tt=5 B3=0A pl=10100053426E6500 crc=C257 air=112
P n=4737 dr=0 q=0 t=0959361390 dt= +249684 OK m=5 rssi=-47 dn=14871 ty=0B tt=5 B3=0A pl=10110050A46E6200 crc=AE00 air=119
P n=4738 dr=0 q=0 t=0959611088 dt= +249698 OK m=5 rssi=-48 dn=14871 ty=0B tt=5 B3=0A pl=1012004F096F6500 crc=6A76 air=112
P n=4739 dr=0 q=0 t=0959860780 dt= +249692 OK m=5 rssi=-50 dn=14871 ty=0B tt=5 B3=0A pl=101300516E6F6500 crc=111A air=112
S t=0960008103 ours=4290 foreign=0 longframe=8 oddtype=0 crc_ok=4290 crc_err=449 addr=4739 end=4739 dropped=0  B3: 0A=3909 82=76 8A=2 92=71 A2=21 AA=3 B2=3 C2=68 D2=114 E2=3 F2=20
P n=4740 dr=0 q=0 t=0960110471 dt= +249691 OK m=5 rssi=-47 dn=14871 ty=0B tt=5 B3=0A pl=1014004FD26F6400 crc=4E7E air=112
P n=4741 dr=0 q=0 t=0960360163 dt= +249692 OK m=5 rssi=-47 dn=14871 ty=0B tt=5 B3=0A pl=1015005133706100 crc=5F14 air=112
P n=4742 dr=0 q=0 t=0960609855 dt= +249692 OK m=5 rssi=-47 dn=14871 ty=0B tt=5 B3=0A pl=1016004F9A706700 crc=FFC3 air=112
P n=4743 dr=0 q=0 t=0960859546 dt= +249691 OK m=5 rssi=-47 dn=14871 ty=0B tt=5 B3=0A pl=1017004FFE706400 crc=81D2 air=112
P n=4744 dr=0 q=0 t=0961109237 dt= +249691 OK m=5 rssi=-48 dn=14871 ty=0B tt=5 B3=0A pl=1018005065716700 crc=D07B air=112
P n=4745 dr=0 q=0 t=0961358929 dt= +249692 OK m=5 rssi=-48 dn=14871 ty=0B tt=5 B3=0A pl=10190050C9716400 crc=980D air=112
P n=4747 dr=0 q=0 t=0961608620 dt= +249691 OK m=5 rssi=-48 dn=14871 ty=0B tt=5 B3=0A pl=101A00512E726500 crc=5578 air=112
P n=4748 dr=0 q=0 t=0961858312 dt= +249692 OK m=5 rssi=-49 dn=14871 ty=0B tt=5 B3=0A pl=101B004F94726600 crc=EAC2 air=109
P n=4749 dr=0 q=0 t=0962108004 dt= +249692 OK m=5 rssi=-48 dn=14871 ty=0B tt=5 B3=0A pl=101C004DF8726400 crc=C787 air=112
P n=4750 dr=0 q=0 t=0962357697 dt= +249693 OK m=5 rssi=-48 dn=14871 ty=0B tt=5 B3=0A pl=101D004D5C736400 crc=6851 air=109
P n=4751 dr=0 q=0 t=0962607386 dt= +249689 OK m=5 rssi=-47 dn=14871 ty=0B tt=5 B3=0A pl=101E004FC0736400 crc=7DFD air=112
P n=4752 dr=0 q=0 t=0962857078 dt= +249692 OK m=5 rssi=-51 dn=14871 ty=0B tt=5 B3=0A pl=101F005224746400 crc=2B37 air=112
P n=4753 dr=0 q=0 t=0963106769 dt= +249691 OK m=5 rssi=-47 dn=14871 ty=0B tt=5 B3=0A pl=1020005387746300 crc=BA3F air=112
P n=4754 dr=0 q=0 t=0963356461 dt= +249692 OK m=5 rssi=-48 dn=14871 ty=0B tt=5 B3=0A pl=10210053EB746400 crc=8D29 air=112
P n=4755 dr=0 q=0 t=0963606153 dt= +249692 OK m=5 rssi=-48 dn=14871 ty=0B tt=5 B3=0A pl=102200534E756300 crc=AD3F air=112
P n=4756 dr=0 q=0 t=0963855844 dt= +249691 OK m=5 rssi=-51 dn=14871 ty=0B tt=5 B3=0A pl=1023004FB0756200 crc=9409 air=112
P n=4757 dr=0 q=0 t=0964105535 dt= +249691 OK m=5 rssi=-51 dn=14871 ty=0B tt=5 B3=0A pl=1024004E11766100 crc=B7DD air=112
P n=4758 dr=0 q=0 t=0964355227 dt= +249692 OK m=5 rssi=-48 dn=14871 ty=0B tt=5 B3=0A pl=1025005174766300 crc=EDEA air=112
P n=4759 dr=0 q=0 t=0964604919 dt= +249692 OK m=5 rssi=-49 dn=14871 ty=0B tt=5 B3=0A pl=10260052D5766100 crc=211A air=112
P n=4760 dr=0 q=0 t=0964854610 dt= +249691 ER m=5 rssi=-48 dn=14871 ty=0B tt=5 B3=0A pl=102700513A574500 crc=DC51 air=112
P n=4761 dr=0 q=0 t=0965104302 dt= +249692 OK m=5 rssi=-47 dn=14871 ty=0B tt=5 B3=0A pl=102800529E776400 crc=ABD4 air=112
P n=4762 dr=0 q=0 t=0965353993 dt= +249691 OK m=5 rssi=-48 dn=14871 ty=0B tt=5 B3=0A pl=1029005002786400 crc=F2AA air=112
P n=4763 dr=0 q=0 t=0965603687 dt= +249694 OK m=5 rssi=-48 dn=14871 ty=0B tt=5 B3=0A pl=102A005164786200 crc=5494 air=109
P n=4764 dr=0 q=0 t=0965853376 dt= +249689 OK m=5 rssi=-49 dn=14871 ty=0B tt=5 B3=0A pl=102B0051C7786300 crc=AE6E air=112
P n=4766 dr=0 q=0 t=0966103068 dt= +249692 OK m=5 rssi=-48 dn=14871 ty=0B tt=5 B3=0A pl=102C00522B796400 crc=3C87 air=112
P n=4767 dr=0 q=0 t=0966352759 dt= +249691 OK m=5 rssi=-48 dn=14871 ty=0B tt=5 B3=0A pl=102D00518F796400 crc=4AB3 air=112
P n=4768 dr=0 q=0 t=0966602450 dt= +249691 OK m=5 rssi=-48 dn=14871 ty=0B tt=5 B3=0A pl=102E004DF6796700 crc=F911 air=112
P n=4769 dr=0 q=0 t=0966852142 dt= +249692 OK m=5 rssi=-48 dn=14871 ty=0B tt=5 B3=0A pl=102F004E5D7A6700 crc=029B air=112
P n=4770 dr=0 q=0 t=0967101833 dt= +249691 OK m=5 rssi=-47 dn=14871 ty=0B tt=5 B3=0A pl=10300053BF7A6200 crc=0C5E air=112
P n=4771 dr=0 q=0 t=0967351525 dt= +249692 OK m=5 rssi=-47 dn=14871 ty=0B tt=5 B3=0A pl=1031004E247B6500 crc=E738 air=112
P n=4773 dr=0 q=0 t=0967601217 dt= +249692 OK m=5 rssi=-49 dn=14871 ty=0B tt=5 B3=0A pl=103200508B7B6700 crc=ACB2 air=112
P n=4774 dr=0 q=0 t=0967850908 dt= +249691 OK m=5 rssi=-48 dn=14871 ty=0B tt=5 B3=0A pl=1033004EEF7B6400 crc=1951 air=112
P n=4775 dr=0 q=0 t=0968100599 dt= +249691 OK m=5 rssi=-48 dn=14871 ty=0B tt=5 B3=0A pl=1034004F537C6400 crc=9137 air=112
P n=4776 dr=0 q=0 t=0968350291 dt= +249692 OK m=5 rssi=-48 dn=14871 ty=0B tt=5 B3=0A pl=10350050B97C6600 crc=C2D6 air=112
P n=4778 dr=0 q=0 t=0968599982 dt= +249691 OK m=5 rssi=-51 dn=14871 ty=0B tt=5 B3=0A pl=1036004F1B7D6200 crc=871D air=112
P n=4779 dr=0 q=0 t=0968849674 dt= +249692 OK m=5 rssi=-48 dn=14871 ty=0B tt=5 B3=0A pl=10370052827D6700 crc=D041 air=112
P n=4780 dr=0 q=0 t=0969099366 dt= +249692 OK m=5 rssi=-48 dn=14871 ty=0B tt=5 B3=0A pl=1038004DE57D6300 crc=FF30 air=112
P n=4781 dr=0 q=0 t=0969349057 dt= +249691 OK m=5 rssi=-48 dn=14871 ty=0B tt=5 B3=0A pl=103900524A7E6500 crc=EB9C air=112
P n=4782 dr=0 q=0 t=0969598748 dt= +249691 OK m=5 rssi=-48 dn=14871 ty=0B tt=5 B3=0A pl=103A004FAF7E6500 crc=2E91 air=112
P n=4783 dr=0 q=0 t=0969848440 dt= +249692 OK m=5 rssi=-48 dn=14871 ty=0B tt=5 B3=0A pl=103B004F137F6400 crc=2C12 air=112
P n=4784 dr=0 q=0 t=0970098132 dt= +249692 OK m=5 rssi=-48 dn=14871 ty=0B tt=5 B3=0A pl=103C0052777F6400 crc=8355 air=112
P n=4785 dr=0 q=0 t=0970347823 dt= +249691 OK m=5 rssi=-48 dn=14871 ty=0B tt=5 B3=0A pl=103D004DDA7F6300 crc=10F0 air=112
P n=4786 dr=0 q=0 t=0970597515 dt= +249692 OK m=5 rssi=-48 dn=14871 ty=0B tt=5 B3=0A pl=103E004E40806600 crc=B802 air=112
P n=4787 dr=0 q=0 t=0970847207 dt= +249692 OK m=5 rssi=-48 dn=14871 ty=0B tt=5 B3=0A pl=103F0051A6806600 crc=C2B3 air=112
P n=4788 dr=0 q=0 t=0971096897 dt= +249690 OK m=5 rssi=-48 dn=14871 ty=0B tt=5 B3=0A pl=104000520A816400 crc=D6FF air=112
P n=4789 dr=0 q=0 t=0971346589 dt= +249692 OK m=5 rssi=-48 dn=14871 ty=0B tt=5 B3=0A pl=104100526C816200 crc=BA73 air=112
P n=4790 dr=0 q=0 t=0971596281 dt= +249692 OK m=5 rssi=-48 dn=14871 ty=0B tt=5 B3=0A pl=1042004FCE816200 crc=40CF air=112
P n=4791 dr=0 q=0 t=0971845972 dt= +249691 OK m=5 rssi=-49 dn=14871 ty=0B tt=5 B3=0A pl=1043005132826400 crc=10D5 air=112
P n=4792 dr=0 q=0 t=0972095664 dt= +249692 OK m=5 rssi=-47 dn=14871 ty=0B tt=5 B3=0A pl=1044005395826300 crc=6FDE air=119
P n=4793 dr=0 q=0 t=0972345355 dt= +249691 OK m=5 rssi=-49 dn=14871 ty=0B tt=5 B3=0A pl=10450051F9826400 crc=1C4B air=112
P n=4794 dr=0 q=0 t=0972595046 dt= +249691 OK m=5 rssi=-50 dn=14871 ty=0B tt=5 B3=0A pl=1046004F5C836300 crc=F7AF air=112
P n=4795 dr=0 q=0 t=0972844738 dt= +249692 OK m=5 rssi=-49 dn=14871 ty=0B tt=5 B3=0A pl=10470050BF836300 crc=315B air=112
P n=4796 dr=0 q=0 t=0973094430 dt= +249692 OK m=5 rssi=-48 dn=14871 ty=0B tt=5 B3=0A pl=1048004D26846700 crc=E22E air=112
P n=4797 dr=0 q=0 t=0973344121 dt= +249691 OK m=5 rssi=-48 dn=14871 ty=0B tt=5 B3=0A pl=104900518B846500 crc=60AC air=112
P n=4798 dr=0 q=0 t=0973593813 dt= +249692 OK m=5 rssi=-48 dn=14871 ty=0B tt=5 B3=0A pl=104A004DF1846600 crc=48D2 air=112
P n=4799 dr=0 q=0 t=0973843504 dt= +249691 OK m=5 rssi=-48 dn=14871 ty=0B tt=5 B3=0A pl=104B004E53856200 crc=E28B air=112
P n=4800 dr=0 q=0 t=0974093196 dt= +249692 OK m=5 rssi=-48 dn=14871 ty=0B tt=5 B3=0A pl=104C0052B6856300 crc=7F20 air=112
P n=4801 dr=0 q=0 t=0974342887 dt= +249691 OK m=5 rssi=-48 dn=14871 ty=0B tt=5 B3=0A pl=50FFFF01FF000100 crc=2C50 air=112
P n=4802 dr=0 q=0 t=0974592579 dt= +249692 OK m=5 rssi=-48 dn=14871 ty=0B tt=5 B3=0A pl=011201FFFFFFFFFF crc=52B2 air=112
P n=4804 dr=0 q=0 t=0974842271 dt= +249692 OK m=5 rssi=-48 dn=14871 ty=0B tt=5 B3=0A pl=51FF010153555400 crc=9BAC air=112
S t=0975006887 ours=4349 foreign=0 longframe=9 oddtype=0 crc_ok=4349 crc_err=455 addr=4804 end=4804 dropped=0  B3: 0A=3968 82=76 8A=2 92=71 A2=21 AA=3 B2=3 C2=68 D2=114 E2=3 F2=20
P n=4805 dr=0 q=0 t=0975091962 dt= +249691 OK m=5 rssi=-48 dn=14871 ty=0B tt=5 B3=0A pl=104D004F1D866700 crc=839C air=117
P n=4807 dr=0 q=0 t=0975341653 dt= +249691 OK m=5 rssi=-48 dn=14871 ty=0B tt=5 B3=0A pl=104E005384866700 crc=E187 air=112
P n=4808 dr=0 q=0 t=0975591345 dt= +249692 OK m=5 rssi=-47 dn=14871 ty=0B tt=5 B3=0A pl=104F0051EA866600 crc=D5DC air=112
P n=4809 dr=0 q=0 t=0975841036 dt= +249691 OK m=5 rssi=-48 dn=14871 ty=0B tt=5 B3=0A pl=1050004E4B876100 crc=3B88 air=112
P n=4810 dr=0 q=0 t=0976090728 dt= +249692 OK m=5 rssi=-47 dn=14871 ty=0B tt=5 B3=0A pl=10510051AE876300 crc=BC87 air=112
P n=4811 dr=0 q=0 t=0976340420 dt= +249692 OK m=5 rssi=-48 dn=14871 ty=0B tt=5 B3=0A pl=1052005110886200 crc=288E air=112
P n=4812 dr=0 q=0 t=0976590110 dt= +249690 OK m=5 rssi=-48 dn=14871 ty=0B tt=5 B3=0A pl=1053004F71886100 crc=2128 air=112
P n=4813 dr=0 q=0 t=0976839802 dt= +249692 OK m=5 rssi=-50 dn=14871 ty=0B tt=5 B3=0A pl=1054004FD2886100 crc=49C6 air=112
P n=4814 dr=0 q=0 t=0977089494 dt= +249692 OK m=5 rssi=-48 dn=14871 ty=0B tt=5 B3=0A pl=1055005336896400 crc=F808 air=112
P n=4815 dr=0 q=0 t=0977339185 dt= +249691 OK m=5 rssi=-48 dn=14871 ty=0B tt=5 B3=0A pl=1056005397896100 crc=43BD air=112
P n=4816 dr=0 q=0 t=0977588877 dt= +249692 OK m=5 rssi=-49 dn=14871 ty=0B tt=5 B3=0A pl=1057004EF8896100 crc=53C0 air=112
P n=4817 dr=0 q=0 t=0977838569 dt= +249692 OK m=5 rssi=-48 dn=14871 ty=0B tt=5 B3=0A pl=10580050598A6100 crc=D749 air=112
P n=4818 dr=0 q=0 t=0978088260 dt= +249691 OK m=5 rssi=-47 dn=14871 ty=0B tt=5 B3=0A pl=10590050BA8A6100 crc=701E air=112
P n=4819 dr=0 q=0 t=0978337951 dt= +249691 OK m=5 rssi=-48 dn=14871 ty=0B tt=5 B3=0A pl=105A004E1C8B6200 crc=CCE2 air=105
P n=4821 dr=0 q=0 t=0978587643 dt= +249692 OK m=5 rssi=-47 dn=14871 ty=0B tt=5 B3=0A pl=105B0052808B6400 crc=D8F9 air=112
P n=4822 dr=0 q=0 t=0978837334 dt= +249691 OK m=5 rssi=-51 dn=14871 ty=0B tt=5 B3=0A pl=105C0051E28B6200 crc=3173 air=113
P n=4823 dr=0 q=0 t=0979087026 dt= +249692 OK m=5 rssi=-47 dn=14871 ty=0B tt=5 B3=0A pl=105D0053448C6200 crc=85EE air=112
P n=4824 dr=0 q=0 t=0979336718 dt= +249692 OK m=5 rssi=-48 dn=14871 ty=0B tt=5 B3=0A pl=105E0051A78C6300 crc=35E8 air=112
P n=4825 dr=0 q=0 t=0979586409 dt= +249691 OK m=5 rssi=-48 dn=14871 ty=0B tt=5 B3=0A pl=105F0051088D6100 crc=E243 air=112
P n=4826 dr=0 q=0 t=0979836100 dt= +249691 OK m=5 rssi=-48 dn=14871 ty=0B tt=5 B3=0A pl=1060004F6A8D6200 crc=1B3C air=112
P n=4827 dr=0 q=0 t=0980085792 dt= +249692 ER m=5 rssi=-48 dn=14871 ty=0B tt=5 B3=1A pl=1061005ECD8D6700 crc=8166 air=112
P n=4828 dr=0 q=0 t=0980335484 dt= +249692 OK m=5 rssi=-48 dn=14871 ty=0B tt=5 B3=0A pl=1062004F318E6400 crc=E30D air=112
P n=4829 dr=0 q=0 t=0980585175 dt= +249691 OK m=5 rssi=-48 dn=14871 ty=0B tt=5 B3=0A pl=1063004E938E6200 crc=5C85 air=112
P n=4830 dr=0 q=0 t=0980834866 dt= +249691 OK m=5 rssi=-48 dn=14871 ty=0B tt=5 B3=0A pl=1064004FF58E6200 crc=91DB air=112
P n=4831 dr=0 q=0 t=0981084558 dt= +249692 OK m=5 rssi=-49 dn=14871 ty=0B tt=5 B3=0A pl=10650050578F6200 crc=7837 air=112
P n=4832 dr=0 q=0 t=0981334249 dt= +249691 OK m=5 rssi=-48 dn=14871 ty=0B tt=5 B3=0A pl=10660050BA8F6300 crc=2EE8 air=112
P n=4834 dr=0 q=0 t=0981583941 dt= +249692 OK m=5 rssi=-48 dn=14871 ty=0B tt=5 B3=0A pl=106700521C906200 crc=4386 air=107
P n=4835 dr=0 q=0 t=0981833633 dt= +249692 OK m=5 rssi=-50 dn=14871 ty=0B tt=5 B3=0A pl=1068005082906600 crc=25ED air=112
P n=4836 dr=0 q=0 t=0982083344 dt= +249711 OK m=5 rssi=-48 dn=14871 ty=0B tt=5 B3=0A pl=10690053E8906600 crc=4227 air=93
P n=4837 dr=0 q=0 t=0982333015 dt= +249671 OK m=5 rssi=-49 dn=14871 ty=0B tt=5 B3=0A pl=106A00504F916700 crc=CB2D air=112
P n=4838 dr=0 q=0 t=0982582707 dt= +249692 OK m=5 rssi=-50 dn=14871 ty=0B tt=5 B3=0A pl=106B004DB3916400 crc=D340 air=112
P n=4839 dr=0 q=0 t=0982832399 dt= +249692 OK m=5 rssi=-48 dn=14871 ty=0B tt=5 B3=0A pl=106C005018926500 crc=712C air=112
P n=4841 dr=0 q=0 t=0983082090 dt= +249691 OK m=5 rssi=-48 dn=14871 ty=0B tt=5 B3=0A pl=106D00507B926300 crc=A1E5 air=112
P n=4842 dr=0 q=0 t=0983331782 dt= +249692 OK m=5 rssi=-48 dn=14871 ty=0B tt=5 B3=0A pl=106E0051E0926500 crc=A110 air=112
P n=4843 dr=0 q=0 t=0983581474 dt= +249692 OK m=5 rssi=-48 dn=14871 ty=0B tt=5 B3=0A pl=106F004E44936400 crc=5C54 air=112
P n=4844 dr=0 q=0 t=0983831164 dt= +249690 OK m=5 rssi=-49 dn=14871 ty=0B tt=5 B3=0A pl=10700050A7936300 crc=AC95 air=112
P n=4845 dr=0 q=0 t=0984080856 dt= +249692 OK m=5 rssi=-50 dn=14871 ty=0B tt=5 B3=0A pl=1071004D0C946500 crc=EA8B air=112
P n=4846 dr=0 q=0 t=0984330548 dt= +249692 OK m=5 rssi=-48 dn=14871 ty=0B tt=5 B3=0A pl=107200526E946200 crc=7E87 air=112
P n=4847 dr=0 q=0 t=0984580239 dt= +249691 OK m=5 rssi=-49 dn=14871 ty=0B tt=5 B3=0A pl=10730053CF946100 crc=A526 air=112
P n=4848 dr=0 q=0 t=0984829931 dt= +249692 OK m=5 rssi=-48 dn=14871 ty=0B tt=5 B3=0A pl=1074004E32956300 crc=6EDB air=124
P n=4849 dr=0 q=0 t=0985079622 dt= +249691 OK m=5 rssi=-49 dn=14871 ty=0B tt=5 B3=0A pl=1075005394956200 crc=0D44 air=112
P n=4850 dr=0 q=0 t=0985329313 dt= +249691 OK m=5 rssi=-50 dn=14871 ty=0B tt=5 B3=0A pl=10760050FA956600 crc=0C58 air=112
P n=4851 dr=0 q=0 t=0985579005 dt= +249692 OK m=5 rssi=-48 dn=14871 ty=0B tt=5 B3=0A pl=1077004D5E966400 crc=8EAC air=112
P n=4852 dr=0 q=0 t=0985828697 dt= +249692 OK m=5 rssi=-47 dn=14871 ty=0B tt=5 B3=0A pl=10780052C1966300 crc=EE00 air=112
P n=4853 dr=0 q=0 t=0986078388 dt= +249691 OK m=5 rssi=-47 dn=14871 ty=0B tt=5 B3=0A pl=1079004F28976700 crc=FF28 air=112
P n=4855 dr=0 q=0 t=0986328080 dt= +249692 OK m=5 rssi=-47 dn=14871 ty=0B tt=5 B3=0A pl=107A00538B976300 crc=15B5 air=112
P n=4856 dr=0 q=0 t=0986577771 dt= +249691 OK m=5 rssi=-48 dn=14871 ty=0B tt=5 B3=0A pl=107B004DED976200 crc=2B5C air=112
P n=4857 dr=0 q=0 t=0986827463 dt= +249692 OK m=5 rssi=-51 dn=14871 ty=0B tt=5 B3=0A pl=107C00504E986100 crc=1FF0 air=112
P n=4858 dr=0 q=0 t=0987077154 dt= +249691 OK m=5 rssi=-51 dn=14871 ty=0B tt=5 B3=0A pl=107D004DB0986200 crc=EAF5 air=112
P n=4859 dr=0 q=0 t=0987326846 dt= +249692 OK m=5 rssi=-48 dn=14871 ty=0B tt=5 B3=0A pl=107E005017996700 crc=64C9 air=112
P n=4860 dr=0 q=0 t=0987576538 dt= +249692 OK m=5 rssi=-48 dn=14871 ty=0B tt=5 B3=0A pl=107F004E7D996600 crc=1512 air=112
P n=4861 dr=0 q=0 t=0987826229 dt= +249691 OK m=5 rssi=-48 dn=14871 ty=0B tt=5 B3=0A pl=1080004EE3996600 crc=D4A6 air=112
P n=4862 dr=0 q=0 t=0988075920 dt= +249691 OK m=5 rssi=-48 dn=14871 ty=0B tt=5 B3=0A pl=1081004E449A6100 crc=175B air=114
P n=4863 dr=0 q=0 t=0988325612 dt= +249692 OK m=5 rssi=-47 dn=14871 ty=0B tt=5 B3=0A pl=10820053A79A6300 crc=93AD air=112
P n=4864 dr=0 q=0 t=0988575310 dt= +249698 OK m=5 rssi=-47 dn=14871 ty=0B tt=5 B3=0A pl=108300510B9B6400 crc=64AC air=105
P n=4865 dr=0 q=0 t=0988824995 dt= +249685 OK m=5 rssi=-48 dn=14871 ty=0B tt=5 B3=0A pl=1084004F709B6500 crc=D941 air=112
P n=4866 dr=0 q=0 t=0989074687 dt= +249692 OK m=5 rssi=-47 dn=14871 ty=0B tt=5 B3=0A pl=1085004DD29B6200 crc=BB2A air=112
P n=4867 dr=0 q=0 t=0989324377 dt= +249690 OK m=5 rssi=-47 dn=14871 ty=0B tt=5 B3=0A pl=1086004D389C6600 crc=C6BD air=112
P n=4868 dr=0 q=0 t=0989574069 dt= +249692 OK m=5 rssi=-47 dn=14871 ty=0B tt=5 B3=0A pl=108700529F9C6700 crc=9715 air=112
P n=4869 dr=0 q=0 t=0989823761 dt= +249692 OK m=5 rssi=-47 dn=14871 ty=0B tt=5 B3=0A pl=10880050029D6300 crc=5D92 air=112
S t=0990007684 ours=4408 foreign=0 longframe=10 oddtype=0 crc_ok=4408 crc_err=461 addr=4869 end=4869 dropped=0  B3: 0A=4027 82=76 8A=2 92=71 A2=21 AA=3 B2=3 C2=68 D2=114 E2=3 F2=20
P n=4870 dr=0 q=0 t=0990073453 dt= +249692 OK m=5 rssi=-47 dn=14871 ty=0B tt=5 B3=0A pl=10890052689D6600 crc=6FFC air=112
P n=4871 dr=0 q=0 t=0990323144 dt= +249691 OK m=5 rssi=-48 dn=14871 ty=0B tt=5 B3=0A pl=108A004DCF9D6700 crc=5EB7 air=112
P n=4872 dr=0 q=0 t=0990572836 dt= +249692 OK m=5 rssi=-47 dn=14871 ty=0B tt=5 B3=0A pl=108B0053309E6100 crc=9571 air=112
P n=4873 dr=0 q=0 t=0990822527 dt= +249691 OK m=5 rssi=-48 dn=14871 ty=0B tt=5 B3=0A pl=108C0051919E6100 crc=5474 air=112
P n=4874 dr=0 q=0 t=0991072218 dt= +249691 OK m=5 rssi=-48 dn=14871 ty=0B tt=5 B3=0A pl=108D004FF39E6200 crc=C60E air=112
P n=4875 dr=0 q=0 t=0991321910 dt= +249692 OK m=5 rssi=-48 dn=14871 ty=0B tt=5 B3=0A pl=108E004F5A9F6700 crc=CF48 air=112
P n=4876 dr=0 q=0 t=0991571602 dt= +249692 OK m=5 rssi=-48 dn=14871 ty=0B tt=5 B3=0A pl=108F0051BB9F6100 crc=E423 air=112
P n=4877 dr=0 q=0 t=0991821293 dt= +249691 OK m=5 rssi=-47 dn=14871 ty=0B tt=5 B3=0A pl=109000531CA06100 crc=4FFD air=112
