# Spike B part 2, run A - the burst sequence walk. 2026-08-09.
# Rig as run 0. Driver fixed to stream burst packets without waiting.
# Host command:
#   spike_b_drive.py --role slave --serial 6183 --acks 2 --ack-gap 2
#                    --burst-plan 1,2,3,9,17 --tail-secs 5
# Outcome: every burst reported EVENT_TRANSFER_TX_COMPLETED. Bursts of 1, 2, 3, 9
#   and 17 packets reached the air complete, with the master acknowledging each
#   packet. dr=0 on every line.
#
P n=1823 dr=0 q=0 t=0400302230 dt= +249693 OK m=5 rssi=-45 dn=14871 ty=0B tt=5 B3=0A pl=1088005372196700 crc=DA6B air=111
P n=1824 dr=0 q=0 t=0400551921 dt= +249691 OK m=5 rssi=-45 dn=14871 ty=0B tt=5 B3=0A pl=10890050D3196100 crc=BABC air=112
P n=1825 dr=0 q=0 t=0400801612 dt= +249691 OK m=5 rssi=-45 dn=14871 ty=0B tt=5 B3=0A pl=108A004E351A6200 crc=06BC air=112
P n=1826 dr=0 q=0 t=0401051304 dt= +249692 OK m=5 rssi=-45 dn=14871 ty=0B tt=5 B3=0A pl=108B00539B1A6600 crc=1F15 air=112
P n=1827 dr=0 q=0 t=0401300995 dt= +249691 OK m=5 rssi=-44 dn=14871 ty=0B tt=5 B3=0A pl=108C0053FF1A6400 crc=F310 air=112
P n=1828 dr=0 q=0 t=0401550686 dt= +249691 OK m=5 rssi=-44 dn=14871 ty=0B tt=5 B3=0A pl=108D004E641B6500 crc=B2D0 air=112
P n=1829 dr=0 q=0 t=0401800378 dt= +249692 OK m=5 rssi=-45 dn=14871 ty=0B tt=5 B3=0A pl=108E004EC91B6500 crc=B9A2 air=112
P n=1830 dr=0 q=0 t=0402050069 dt= +249691 OK m=5 rssi=-44 dn=14871 ty=0B tt=5 B3=0A pl=108F00512A1C6100 crc=3602 air=112
P n=1831 dr=0 q=0 t=0402299761 dt= +249692 OK m=5 rssi=-45 dn=14871 ty=0B tt=5 B3=0A pl=109000518D1C6300 crc=56A9 air=112
P n=1832 dr=0 q=0 t=0402549452 dt= +249691 OK m=5 rssi=-44 dn=14871 ty=0B tt=5 B3=0A pl=1091004FF21C6500 crc=1907 air=112
P n=1833 dr=0 q=0 t=0402799143 dt= +249691 OK m=5 rssi=-45 dn=14871 ty=0B tt=5 B3=0A pl=10920053591D6700 crc=EBCF air=112
P n=1834 dr=0 q=0 t=0403048835 dt= +249692 OK m=5 rssi=-44 dn=14871 ty=0B tt=5 B3=0A pl=10930051BC1D6300 crc=E346 air=112
P n=1835 dr=0 q=0 t=0403298526 dt= +249691 OK m=5 rssi=-44 dn=14871 ty=0B tt=5 B3=0A pl=10940053231E6700 crc=3964 air=112
P n=1836 dr=0 q=0 t=0403548219 dt= +249693 OK m=5 rssi=-45 dn=14871 ty=0B tt=5 B3=0A pl=10950053891E6600 crc=30E9 air=111
P n=1838 dr=0 q=0 t=0403797910 dt= +249691 OK m=5 rssi=-45 dn=14871 ty=0B tt=5 B3=0A pl=1096004EED1E6400 crc=380A air=112
P n=1839 dr=0 q=0 t=0404047601 dt= +249691 OK m=5 rssi=-45 dn=14871 ty=0B tt=5 B3=0A pl=10970051511F6400 crc=681B air=112
P n=1840 dr=0 q=0 t=0404297292 dt= +249691 OK m=5 rssi=-45 dn=14871 ty=0B tt=5 B3=0A pl=10980052B21F6100 crc=ECE3 air=112
P n=1841 dr=0 q=0 t=0404546983 dt= +249691 OK m=5 rssi=-45 dn=14871 ty=0B tt=5 B3=0A pl=1099005014206200 crc=6129 air=112
P n=1842 dr=0 q=0 t=0404796675 dt= +249692 OK m=5 rssi=-45 dn=14871 ty=0B tt=5 B3=0A pl=109A004D79206500 crc=6548 air=112
S t=0405018534 ours=1666 foreign=0 longframe=2 oddtype=0 crc_ok=1666 crc_err=176 addr=1842 end=1842 dropped=0  B3: 0A=1613 82=2 A2=5 D2=42 F2=4
P n=1843 dr=0 q=0 t=0405046367 dt= +249692 OK m=5 rssi=-45 dn=14871 ty=0B tt=5 B3=0A pl=109B004EDA206100 crc=8E95 air=112
P n=1844 dr=0 q=0 t=0405296058 dt= +249691 OK m=5 rssi=-46 dn=14871 ty=0B tt=5 B3=0A pl=109C004D3D216300 crc=FD96 air=112
P n=1845 dr=0 q=0 t=0405545749 dt= +249691 OK m=5 rssi=-44 dn=14871 ty=0B tt=5 B3=0A pl=109D0051A2216500 crc=7251 air=112
P n=1846 dr=0 q=0 t=0405795440 dt= +249691 OK m=5 rssi=-45 dn=14871 ty=0B tt=5 B3=0A pl=109E005007226500 crc=0FE1 air=112
P n=1847 dr=0 q=0 t=0406045132 dt= +249692 OK m=5 rssi=-47 dn=14871 ty=0B tt=5 B3=0A pl=109F004D69226200 crc=F0BF air=112
P n=1848 dr=0 q=0 t=0406294824 dt= +249692 OK m=5 rssi=-47 dn=14871 ty=0B tt=5 B3=0A pl=10A0004ECF226600 crc=CC22 air=114
P n=1849 dr=0 q=0 t=0406544515 dt= +249691 OK m=5 rssi=-49 dn=14871 ty=0B tt=5 B3=0A pl=10A1004F30236100 crc=3B16 air=112
P n=1850 dr=0 q=0 t=0406794207 dt= +249692 OK m=5 rssi=-49 dn=14871 ty=0B tt=5 B3=0A pl=10A2004F91236100 crc=7F56 air=112
P n=1851 dr=0 q=0 t=0407043897 dt= +249690 OK m=5 rssi=-46 dn=14871 ty=0B tt=5 B3=0A pl=10A30052F6236500 crc=262C air=112
P n=1852 dr=0 q=0 t=0407293589 dt= +249692 OK m=5 rssi=-47 dn=14871 ty=0B tt=5 B3=0A pl=10A4004E58246200 crc=E432 air=112
P n=1853 dr=0 q=0 t=0407543281 dt= +249692 OK m=5 rssi=-45 dn=14871 ty=0B tt=5 B3=0A pl=10A50050BA246200 crc=FE23 air=112
P n=1854 dr=0 q=0 t=0407792972 dt= +249691 OK m=5 rssi=-46 dn=14871 ty=0B tt=5 B3=0A pl=10A600521F256500 crc=9AB6 air=112
P n=1855 dr=0 q=0 t=0408042664 dt= +249692 OK m=5 rssi=-50 dn=14871 ty=0B tt=5 B3=0A pl=10A7005386256700 crc=DB0C air=112
P n=1856 dr=0 q=0 t=0408292356 dt= +249692 OK m=5 rssi=-55 dn=14871 ty=0B tt=5 B3=0A pl=10A80053ED256700 crc=1628 air=112
P n=1857 dr=0 q=0 t=0408791738 dt= +499382 OK m=5 rssi=-49 dn=14871 ty=0B tt=5 B3=0A pl=10AA004EB5266500 crc=9C21 air=112
P n=1858 dr=0 q=0 t=0409041429 dt= +249691 OK m=5 rssi=-49 dn=14871 ty=0B tt=5 B3=0A pl=10AB005116276100 crc=CFBD air=112
P n=1859 dr=0 q=0 t=0409291121 dt= +249692 OK m=5 rssi=-50 dn=14871 ty=0B tt=5 B3=0A pl=10AC004F7A276400 crc=F41E air=112
P n=1861 dr=0 q=0 t=0409540805 dt= +249684 OK m=5 rssi=-50 dn=14871 ty=0B tt=5 B3=0A pl=10AD004DDC276200 crc=6FB5 air=120
P n=1862 dr=0 q=0 t=0409790503 dt= +249698 OK m=5 rssi=-50 dn=14871 ty=0B tt=5 B3=0A pl=10AE00533F286300 crc=7CF3 air=112
P n=1863 dr=0 q=0 t=0410040195 dt= +249692 OK m=5 rssi=-50 dn=14871 ty=0B tt=5 B3=0A pl=10AF004DA0286100 crc=7B73 air=112
P n=1864 dr=0 q=0 t=0410289886 dt= +249691 OK m=5 rssi=-50 dn=14871 ty=0B tt=5 B3=0A pl=10B0005107296700 crc=6F5D air=112
P n=1865 dr=0 q=0 t=0410539578 dt= +249692 OK m=5 rssi=-51 dn=14871 ty=0B tt=5 B3=0A pl=10B100506E296700 crc=D7C8 air=112
P n=1867 dr=0 q=0 t=0410789270 dt= +249692 OK m=5 rssi=-51 dn=14871 ty=0B tt=5 B3=0A pl=10B20052D3296500 crc=E5FC air=112
P n=1869 dr=0 q=0 t=0411038961 dt= +249691 OK m=5 rssi=-52 dn=14871 ty=0B tt=5 B3=0A pl=10B3004F3A2A6700 crc=3012 air=112
P n=1870 dr=0 q=0 t=0411288652 dt= +249691 OK m=5 rssi=-52 dn=14871 ty=0B tt=5 B3=0A pl=10B4004F9F2A6500 crc=1907 air=112
P n=1871 dr=0 q=0 t=0411538343 dt= +249691 OK m=5 rssi=-52 dn=14871 ty=0B tt=5 B3=0A pl=10B50050052B6600 crc=0C92 air=112
P n=1873 dr=0 q=0 t=0411788035 dt= +249692 OK m=5 rssi=-52 dn=14871 ty=0B tt=5 B3=0A pl=10B60052692B6400 crc=E011 air=112
P n=1874 dr=0 q=0 t=0412037727 dt= +249692 OK m=5 rssi=-53 dn=14871 ty=0B tt=5 B3=0A pl=10B70053CF2B6600 crc=59AC air=112
P n=1875 dr=0 q=0 t=0412287418 dt= +249691 OK m=5 rssi=-52 dn=14871 ty=0B tt=5 B3=0A pl=10B80050342C6500 crc=6C06 air=112
P n=1876 dr=0 q=0 t=0412537110 dt= +249692 OK m=5 rssi=-53 dn=14871 ty=0B tt=5 B3=0A pl=10B900529B2C6700 crc=C81E air=112
P n=1877 dr=0 q=0 t=0412786800 dt= +249690 OK m=5 rssi=-53 dn=14871 ty=0B tt=5 B3=0A pl=10BA0050FD2C6200 crc=D5A1 air=105
P n=1878 dr=0 q=1 t=0412788979 dt=   +2179 OK m=5 rssi=-36 dn=14871 ty=0B tt=5 B3=A2 pl=A0005AA500112233 crc=9E23 air=112
P n=1879 dr=0 q=2 t=0412790578 dt=   +1599 OK m=5 rssi=-53 dn=14871 ty=0B tt=5 B3=F2 pl=10BB004F5E2D6100 crc=223C air=112
P n=1880 dr=0 q=0 t=0413036492 dt= +245914 OK m=5 rssi=-53 dn=14871 ty=0B tt=5 B3=0A pl=10BB004F5E2D6100 crc=1FAA air=112
P n=1881 dr=0 q=0 t=0413286184 dt= +249692 OK m=5 rssi=-54 dn=14871 ty=0B tt=5 B3=0A pl=10BC0052BF2D6100 crc=D190 air=112
P n=1882 dr=0 q=0 t=0413535875 dt= +249691 OK m=5 rssi=-54 dn=14871 ty=0B tt=5 B3=0A pl=10BD004E232E6400 crc=C988 air=112
P n=1883 dr=0 q=0 t=0413785567 dt= +249692 OK m=5 rssi=-53 dn=14871 ty=0B tt=5 B3=0A pl=10BE0050872E6400 crc=FA7F air=113
P n=1884 dr=0 q=0 t=0414035258 dt= +249691 OK m=5 rssi=-53 dn=14871 ty=0B tt=5 B3=0A pl=10BF0053EB2E6400 crc=BA2C air=112
P n=1885 dr=0 q=0 t=0414284949 dt= +249691 OK m=5 rssi=-53 dn=14871 ty=0B tt=5 B3=0A pl=10C0004E4C2F6100 crc=E21A air=112
P n=1886 dr=0 q=0 t=0414534641 dt= +249692 OK m=5 rssi=-54 dn=14871 ty=0B tt=5 B3=0A pl=10C10050AE2F6200 crc=AD58 air=112
P n=1887 dr=0 q=0 t=0414784332 dt= +249691 OK m=5 rssi=-53 dn=14871 ty=0B tt=5 B3=0A pl=10C2005213306500 crc=0FCB air=112
P n=1888 dr=0 q=0 t=0415034024 dt= +249692 OK m=5 rssi=-54 dn=14871 ty=0B tt=5 B3=0A pl=10C3005078306500 crc=B4E4 air=112
P n=1890 dr=0 q=0 t=0415283716 dt= +249692 OK m=5 rssi=-55 dn=14871 ty=0B tt=5 B3=0A pl=10C40050DB306300 crc=76AC air=112
P n=1891 dr=0 q=1 t=0415285910 dt=   +2194 OK m=5 rssi=-36 dn=14871 ty=0B tt=5 B3=A2 pl=A0015AA500112233 crc=2642 air=112
P n=1892 dr=0 q=2 t=0415287492 dt=   +1582 OK m=5 rssi=-54 dn=14871 ty=0B tt=5 B3=F2 pl=10C5004F3D316200 crc=358A air=112
P n=1893 dr=0 q=0 t=0415533406 dt= +245914 OK m=5 rssi=-55 dn=14871 ty=0B tt=5 B3=0A pl=10C5004F3D316200 crc=081C air=112
P n=1894 dr=0 q=0 t=0415783098 dt= +249692 OK m=5 rssi=-55 dn=14871 ty=0B tt=5 B3=0A pl=10C60052A2316500 crc=7E58 air=112
P n=1895 dr=0 q=0 t=0416032789 dt= +249691 OK m=5 rssi=-54 dn=14871 ty=0B tt=5 B3=0A pl=10C7004D05326300 crc=EF37 air=112
P n=1897 dr=0 q=0 t=0416282481 dt= +249692 OK m=5 rssi=-53 dn=14871 ty=0B tt=5 B3=0A pl=10C8004F69326400 crc=AE2A air=112
P n=1898 dr=0 q=0 t=0416532173 dt= +249692 OK m=5 rssi=-54 dn=14871 ty=0B tt=5 B3=0A pl=10C90050CF326600 crc=DC65 air=112
P n=1899 dr=0 q=0 t=0416781864 dt= +249691 OK m=5 rssi=-54 dn=14871 ty=0B tt=5 B3=0A pl=10CA005233336400 crc=C149 air=112
P n=1900 dr=0 q=0 t=0417031555 dt= +249691 OK m=5 rssi=-53 dn=14871 ty=0B tt=5 B3=0A pl=10CB004D98336500 crc=DFD3 air=112
P n=1901 dr=0 q=0 t=0417281247 dt= +249692 OK m=5 rssi=-53 dn=14871 ty=0B tt=5 B3=0A pl=10CC0053F9336100 crc=EEC7 air=112
P n=1902 dr=0 q=0 t=0417530938 dt= +249691 OK m=5 rssi=-53 dn=14871 ty=0B tt=5 B3=0A pl=10CD00525E346500 crc=0EF8 air=112
P n=1903 dr=0 q=1 t=0417533117 dt=   +2179 OK m=5 rssi=-36 dn=14871 ty=0B tt=5 B3=A2 pl=C0005AA500112233 crc=139B air=112
P n=1904 dr=0 q=2 t=0417534714 dt=   +1597 OK m=5 rssi=-53 dn=14871 ty=0B tt=5 B3=F2 pl=10CE0051C1346300 crc=BDE9 air=112
P n=1905 dr=0 q=0 t=0417780630 dt= +245916 OK m=5 rssi=-53 dn=14871 ty=0B tt=5 B3=0A pl=10CE0051C1346300 crc=807F air=112
P n=1906 dr=0 q=0 t=0418030321 dt= +249691 OK m=5 rssi=-59 dn=14871 ty=0B tt=5 B3=0A pl=10CF004D28356700 crc=3B06 air=112
P n=1907 dr=0 q=0 t=0418280013 dt= +249692 OK m=5 rssi=-58 dn=14871 ty=0B tt=5 B3=0A pl=10D0004F8E356600 crc=3CC9 air=112
P n=1908 dr=0 q=0 t=0418529704 dt= +249691 OK m=5 rssi=-59 dn=14871 ty=0B tt=5 B3=0A pl=10D10053F2356400 crc=60FC air=112
P n=1909 dr=0 q=0 t=0418779395 dt= +249691 OK m=5 rssi=-56 dn=14871 ty=0B tt=5 B3=0A pl=10D2004F56366400 crc=4ED8 air=112
P n=1910 dr=0 q=0 t=0419029087 dt= +249692 OK m=5 rssi=-58 dn=14871 ty=0B tt=5 B3=0A pl=10D30051B7366100 crc=30E0 air=123
P n=1911 dr=0 q=0 t=0419278778 dt= +249691 OK m=5 rssi=-56 dn=14871 ty=0B tt=5 B3=0A pl=10D400501D376600 crc=AF8F air=112
P n=1912 dr=0 q=0 t=0419528470 dt= +249692 OK m=5 rssi=-56 dn=14871 ty=0B tt=5 B3=0A pl=10D500507E376100 crc=4C77 air=112
P n=1913 dr=0 q=0 t=0419778161 dt= +249691 OK m=5 rssi=-58 dn=14871 ty=0B tt=5 B3=0A pl=10D6004DDF376100 crc=2D17 air=112
P n=1914 dr=0 q=1 t=0419780355 dt=   +2194 OK m=5 rssi=-34 dn=14871 ty=0B tt=5 B3=82 pl=C0005AA500112233 crc=B467 air=111
P n=1915 dr=0 q=2 t=0419781938 dt=   +1583 OK m=5 rssi=-58 dn=14871 ty=0B tt=5 B3=D2 pl=10D7005142386300 crc=3527 air=112
P n=1916 dr=0 q=3 t=0419783436 dt=   +1498 OK m=5 rssi=-34 dn=14871 ty=0B tt=5 B3=B2 pl=C0015AA500112233 crc=F804 air=112
P n=1917 dr=0 q=4 t=0419785020 dt=   +1584 OK m=5 rssi=-58 dn=14871 ty=0B tt=5 B3=E2 pl=10D7005142386300 crc=C125 air=112
S t=0420017775 ours=1735 foreign=0 longframe=2 oddtype=0 crc_ok=1735 crc_err=182 addr=1917 end=1917 dropped=0  B3: 0A=1672 82=3 A2=8 B2=1 D2=43 E2=1 F2=7
P n=1918 dr=0 q=0 t=0420027845 dt= +242825 OK m=5 rssi=-59 dn=14871 ty=0B tt=5 B3=0A pl=10D7005142386300 crc=AF4D air=112
P n=1919 dr=0 q=0 t=0420277544 dt= +249699 OK m=5 rssi=-60 dn=14871 ty=0B tt=5 B3=0A pl=10D8004FA9386700 crc=B867 air=115
P n=1920 dr=0 q=0 t=0420527235 dt= +249691 OK m=5 rssi=-61 dn=14871 ty=0B tt=5 B3=0A pl=10D900530F396600 crc=4699 air=112
P n=1921 dr=0 q=0 t=0420776927 dt= +249692 OK m=5 rssi=-53 dn=14871 ty=0B tt=5 B3=0A pl=10DA005370396100 crc=9117 air=112
P n=1922 dr=0 q=0 t=0421026619 dt= +249692 OK m=5 rssi=-54 dn=14871 ty=0B tt=5 B3=0A pl=10DB004FD2396200 crc=F44A air=112
P n=1923 dr=0 q=0 t=0421276309 dt= +249690 OK m=5 rssi=-55 dn=14871 ty=0B tt=5 B3=0A pl=10DC004E363A6400 crc=FAB2 air=112
P n=1924 dr=0 q=0 t=0421526001 dt= +249692 OK m=5 rssi=-56 dn=14871 ty=0B tt=5 B3=0A pl=10DD0052993A6300 crc=6AAD air=112
P n=1925 dr=0 q=0 t=0421775692 dt= +249691 OK m=5 rssi=-53 dn=14871 ty=0B tt=5 B3=0A pl=10DE004DFF3A6600 crc=5232 air=112
P n=1926 dr=0 q=0 t=0422025384 dt= +249692 OK m=5 rssi=-56 dn=14871 ty=0B tt=5 B3=0A pl=10DF004F663B6700 crc=9F39 air=112
P n=1927 dr=0 q=0 t=0422275076 dt= +249692 OK m=5 rssi=-55 dn=14871 ty=0B tt=5 B3=0A pl=10E00051CD3B6700 crc=73C6 air=112
P n=1928 dr=0 q=1 t=0422277255 dt=   +2179 OK m=5 rssi=-36 dn=14871 ty=0B tt=5 B3=82 pl=C0005AA500112233 crc=B467 air=112
P n=1929 dr=0 q=2 t=0422278852 dt=   +1597 OK m=5 rssi=-55 dn=14871 ty=0B tt=5 B3=D2 pl=10E1004F313C6400 crc=9A83 air=112
P n=1930 dr=0 q=3 t=0422280337 dt=   +1485 OK m=5 rssi=-36 dn=14871 ty=0B tt=5 B3=92 pl=C0015AA500112233 crc=5FF8 air=112
P n=1931 dr=0 q=4 t=0422281934 dt=   +1597 ER m=5 rssi=-55 dn=14871 ty=0B tt=5 B3=C2 pl=10E1004F313C6703 crc=F91C air=112
P n=1932 dr=0 q=5 t=0422283480 dt=   +1546 OK m=5 rssi=-36 dn=14871 ty=0B tt=5 B3=A2 pl=C0025AA500112233 crc=7378 air=112
P n=1933 dr=0 q=6 t=0422285016 dt=   +1536 OK m=5 rssi=-55 dn=14871 ty=0B tt=5 B3=F2 pl=10E1004F313C6400 crc=3D7F air=112
P n=1934 dr=0 q=0 t=0422524767 dt= +239751 OK m=5 rssi=-55 dn=14871 ty=0B tt=5 B3=0A pl=10E1004F313C6400 crc=00E9 air=112
P n=1936 dr=0 q=0 t=0422774458 dt= +249691 OK m=5 rssi=-54 dn=14871 ty=0B tt=5 B3=0A pl=10E20052983C6700 crc=B119 air=112
P n=1937 dr=0 q=0 t=0423024150 dt= +249692 OK m=5 rssi=-52 dn=14871 ty=0B tt=5 B3=0A pl=10E30050FE3C6600 crc=0081 air=112
P n=1938 dr=0 q=0 t=0423273841 dt= +249691 OK m=5 rssi=-61 dn=14871 ty=0B tt=5 B3=0A pl=10E4004E653D6700 crc=0EB6 air=107
P n=1939 dr=0 q=0 t=0423523533 dt= +249692 OK m=5 rssi=-57 dn=14871 ty=0B tt=5 B3=0A pl=10E5004DC73D6200 crc=A0EE air=112
P n=1940 dr=0 q=0 t=0423773224 dt= +249691 OK m=5 rssi=-56 dn=14871 ty=0B tt=5 B3=0A pl=10E60051283E6100 crc=AB1A air=112
P n=1942 dr=0 q=0 t=0424022915 dt= +249691 OK m=5 rssi=-58 dn=14871 ty=0B tt=5 B3=0A pl=10E700518C3E6400 crc=CC09 air=112
P n=1943 dr=0 q=0 t=0424272607 dt= +249692 OK m=5 rssi=-59 dn=14871 ty=0B tt=5 B3=0A pl=10E8004FF03E6400 crc=8055 air=112
P n=1944 dr=0 q=0 t=0424522298 dt= +249691 OK m=5 rssi=-62 dn=14871 ty=0B tt=5 B3=0A pl=10E9004F573F6700 crc=E10C air=112
P n=1946 dr=0 q=0 t=0424771990 dt= +249692 OK m=5 rssi=-59 dn=14871 ty=0B tt=5 B3=0A pl=10EA0053BE3F6700 crc=C162 air=112
P n=1947 dr=0 q=1 t=0424774185 dt=   +2195 OK m=5 rssi=-37 dn=14871 ty=0B tt=5 B3=82 pl=C0005AA500112233 crc=B467 air=112
P n=1948 dr=0 q=2 t=0424775766 dt=   +1581 OK m=5 rssi=-59 dn=14871 ty=0B tt=5 B3=D2 pl=10EB005220406200 crc=2631 air=112
P n=1949 dr=0 q=3 t=0424777267 dt=   +1501 OK m=5 rssi=-37 dn=14871 ty=0B tt=5 B3=92 pl=C0015AA500112233 crc=5FF8 air=112
P n=1950 dr=0 q=4 t=0424778848 dt=   +1581 OK m=5 rssi=-59 dn=14871 ty=0B tt=5 B3=C2 pl=10EB005220406200 crc=75CF air=112
P n=1951 dr=0 q=5 t=0424780410 dt=   +1562 OK m=5 rssi=-37 dn=14871 ty=0B tt=5 B3=82 pl=C0025AA500112233 crc=D484 air=112
P n=1952 dr=0 q=6 t=0424781931 dt=   +1521 OK m=5 rssi=-59 dn=14871 ty=0B tt=5 B3=D2 pl=10EB005220406200 crc=2631 air=112
P n=1953 dr=0 q=7 t=0424783523 dt=   +1592 OK m=5 rssi=-37 dn=14871 ty=0B tt=5 B3=92 pl=C0035AA500112233 crc=3F1B air=112
P n=1954 dr=0 q=7 t=0424785043 dt=   +1520 OK m=5 rssi=-59 dn=14871 ty=0B tt=5 B3=C2 pl=10EB005220406200 crc=75CF air=112
P n=1955 dr=0 q=8 t=0424786605 dt=   +1562 OK m=5 rssi=-37 dn=14871 ty=0B tt=5 B3=82 pl=C0045AA500112233 crc=75A1 air=112
P n=1956 dr=0 q=9 t=0424788156 dt=   +1551 OK m=5 rssi=-59 dn=14871 ty=0B tt=5 B3=D2 pl=10EB005220406200 crc=2631 air=112
P n=1957 dr=0 q=10 t=0424789718 dt=   +1562 OK m=5 rssi=-37 dn=14871 ty=0B tt=5 B3=92 pl=C0055AA500112233 crc=9E3E air=112
P n=1958 dr=0 q=11 t=0424791269 dt=   +1551 ER m=5 rssi=-58 dn=14871 ty=0B tt=5 B3=C2 pl=1073005A20206100 crc=51C7 air=112
P n=1959 dr=0 q=12 t=0424792831 dt=   +1562 OK m=5 rssi=-37 dn=14871 ty=0B tt=5 B3=82 pl=C0065AA500112233 crc=1542 air=112
P n=1960 dr=0 q=13 t=0424794382 dt=   +1551 OK m=5 rssi=-59 dn=14871 ty=0B tt=5 B3=D2 pl=10EB005220406200 crc=2631 air=112
P n=1961 dr=0 q=13 t=0424795944 dt=   +1562 OK m=5 rssi=-37 dn=14871 ty=0B tt=5 B3=92 pl=C0075AA500112233 crc=FEDD air=112
P n=1962 dr=0 q=14 t=0424797495 dt=   +1551 OK m=5 rssi=-58 dn=14871 ty=0B tt=5 B3=C2 pl=10EB005220406200 crc=75CF air=112
P n=1963 dr=0 q=15 t=0424799057 dt=   +1562 OK m=5 rssi=-37 dn=14871 ty=0B tt=5 B3=A2 pl=C0085AA500112233 crc=8036 air=112
P n=1964 dr=0 q=16 t=0424800607 dt=   +1550 OK m=5 rssi=-59 dn=14871 ty=0B tt=5 B3=F2 pl=10EB005220406200 crc=81CD air=112
P n=1965 dr=0 q=0 t=0425021681 dt= +221074 OK m=5 rssi=-58 dn=14871 ty=0B tt=5 B3=0A pl=10EB005220406200 crc=BC5B air=115
P n=1966 dr=0 q=0 t=0425271373 dt= +249692 OK m=5 rssi=-62 dn=14871 ty=0B tt=5 B3=0A pl=10EC005381406100 crc=C6DF air=112
P n=1967 dr=0 q=0 t=0425521064 dt= +249691 OK m=5 rssi=-58 dn=14871 ty=0B tt=5 B3=0A pl=10ED004EE7406600 crc=BC42 air=112
P n=1968 dr=0 q=0 t=0425770755 dt= +249691 OK m=5 rssi=-58 dn=14871 ty=0B tt=5 B3=0A pl=10EE005149416200 crc=B6BB air=112
P n=1969 dr=0 q=0 t=0426270138 dt= +499383 OK m=5 rssi=-59 dn=14871 ty=0B tt=5 B3=0A pl=011201FFFFFFFFFF crc=52B2 air=112
P n=1970 dr=0 q=0 t=0426519830 dt= +249692 OK m=5 rssi=-59 dn=14871 ty=0B tt=5 B3=0A pl=51FF010153555400 crc=9BAC air=112
P n=1971 dr=0 q=0 t=0426769522 dt= +249692 OK m=5 rssi=-60 dn=14871 ty=0B tt=5 B3=0A pl=10EF0050AF416600 crc=CB3C air=112
P n=1972 dr=0 q=0 t=0427019212 dt= +249690 OK m=5 rssi=-60 dn=14871 ty=0B tt=5 B3=0A pl=10F0005312426300 crc=F68E air=112
P n=1973 dr=0 q=0 t=0427268904 dt= +249692 OK m=5 rssi=-60 dn=14871 ty=0B tt=5 B3=0A pl=10F1005173426100 crc=4368 air=112
P n=1974 dr=0 q=1 t=0427271085 dt=   +2181 OK m=5 rssi=-37 dn=14871 ty=0B tt=5 B3=82 pl=C0005AA500112233 crc=B467 air=112
P n=1975 dr=0 q=2 t=0427272680 dt=   +1595 OK m=5 rssi=-60 dn=14871 ty=0B tt=5 B3=D2 pl=10F20053D7426400 crc=9A71 air=112
P n=1976 dr=0 q=3 t=0427274167 dt=   +1487 OK m=5 rssi=-36 dn=14871 ty=0B tt=5 B3=92 pl=C0015AA500112233 crc=5FF8 air=112
P n=1977 dr=0 q=4 t=0427275763 dt=   +1596 OK m=5 rssi=-60 dn=14871 ty=0B tt=5 B3=C2 pl=10F20053D7426400 crc=C98F air=112
P n=1978 dr=0 q=5 t=0427277311 dt=   +1548 OK m=5 rssi=-37 dn=14871 ty=0B tt=5 B3=82 pl=C0025AA500112233 crc=D484 air=113
P n=1979 dr=0 q=6 t=0427278845 dt=   +1534 OK m=5 rssi=-60 dn=14871 ty=0B tt=5 B3=D2 pl=10F20053D7426400 crc=9A71 air=112
P n=1980 dr=0 q=6 t=0427280424 dt=   +1579 OK m=5 rssi=-36 dn=14871 ty=0B tt=5 B3=92 pl=C0035AA500112233 crc=3F1B air=112
P n=1981 dr=0 q=7 t=0427283506 dt=   +3082 OK m=5 rssi=-36 dn=14871 ty=0B tt=5 B3=82 pl=C0045AA500112233 crc=75A1 air=112
P n=1982 dr=0 q=8 t=0427285070 dt=   +1564 OK m=5 rssi=-62 dn=14871 ty=0B tt=5 B3=D2 pl=10F20053D7426400 crc=9A71 air=112
P n=1983 dr=0 q=9 t=0427286619 dt=   +1549 OK m=5 rssi=-37 dn=14871 ty=0B tt=5 B3=92 pl=C0055AA500112233 crc=9E3E air=112
P n=1984 dr=0 q=10 t=0427288183 dt=   +1564 OK m=5 rssi=-60 dn=14871 ty=0B tt=5 B3=C2 pl=10F20053D7426400 crc=C98F air=112
P n=1985 dr=0 q=11 t=0427289731 dt=   +1548 OK m=5 rssi=-37 dn=14871 ty=0B tt=5 B3=82 pl=C0065AA500112233 crc=1542 air=112
P n=1986 dr=0 q=11 t=0427291296 dt=   +1565 OK m=5 rssi=-60 dn=14871 ty=0B tt=5 B3=D2 pl=10F20053D7426400 crc=9A71 air=112
P n=1987 dr=0 q=12 t=0427292844 dt=   +1548 OK m=5 rssi=-36 dn=14871 ty=0B tt=5 B3=92 pl=C0075AA500112233 crc=FEDD air=112
P n=1988 dr=0 q=13 t=0427294409 dt=   +1565 OK m=5 rssi=-60 dn=14871 ty=0B tt=5 B3=C2 pl=10F20053D7426400 crc=C98F air=112
P n=1989 dr=0 q=14 t=0427295957 dt=   +1548 OK m=5 rssi=-37 dn=14871 ty=0B tt=5 B3=82 pl=C0085AA500112233 crc=27CA air=112
P n=1990 dr=0 q=15 t=0427297522 dt=   +1565 OK m=5 rssi=-60 dn=14871 ty=0B tt=5 B3=D2 pl=10F20053D7426400 crc=9A71 air=112
P n=1991 dr=0 q=16 t=0427299069 dt=   +1547 OK m=5 rssi=-36 dn=14871 ty=0B tt=5 B3=92 pl=C0095AA500112233 crc=CC55 air=112
P n=1992 dr=0 q=17 t=0427300634 dt=   +1565 OK m=5 rssi=-63 dn=14871 ty=0B tt=5 B3=C2 pl=10F20053D7426400 crc=C98F air=112
P n=1993 dr=0 q=17 t=0427302182 dt=   +1548 OK m=5 rssi=-37 dn=14871 ty=0B tt=5 B3=82 pl=C00A5AA500112233 crc=4729 air=112
P n=1994 dr=0 q=18 t=0427303747 dt=   +1565 OK m=5 rssi=-59 dn=14871 ty=0B tt=5 B3=D2 pl=10F20053D7426400 crc=9A71 air=112
P n=1995 dr=0 q=19 t=0427305295 dt=   +1548 OK m=5 rssi=-36 dn=14871 ty=0B tt=5 B3=92 pl=C00B5AA500112233 crc=ACB6 air=112
P n=1996 dr=0 q=20 t=0427306860 dt=   +1565 OK m=5 rssi=-61 dn=14871 ty=0B tt=5 B3=C2 pl=10F20053D7426400 crc=C98F air=112
P n=1997 dr=0 q=21 t=0427308407 dt=   +1547 OK m=5 rssi=-37 dn=14871 ty=0B tt=5 B3=82 pl=C00C5AA500112233 crc=E60C air=112
P n=1998 dr=0 q=22 t=0427309973 dt=   +1566 OK m=5 rssi=-60 dn=14871 ty=0B tt=5 B3=D2 pl=10F20053D7426400 crc=9A71 air=112
P n=1999 dr=0 q=23 t=0427311522 dt=   +1549 OK m=5 rssi=-36 dn=14871 ty=0B tt=5 B3=92 pl=C00D5AA500112233 crc=0D93 air=110
P n=2000 dr=0 q=23 t=0427313086 dt=   +1564 OK m=5 rssi=-59 dn=14871 ty=0B tt=5 B3=C2 pl=10F20053D7426400 crc=C98F air=112
P n=2001 dr=0 q=24 t=0427314633 dt=   +1547 OK m=5 rssi=-37 dn=14871 ty=0B tt=5 B3=82 pl=C00E5AA500112233 crc=86EF air=112
P n=2002 dr=0 q=25 t=0427316198 dt=   +1565 OK m=5 rssi=-63 dn=14871 ty=0B tt=5 B3=D2 pl=10F20053D7426400 crc=9A71 air=112
P n=2003 dr=0 q=26 t=0427317746 dt=   +1548 OK m=5 rssi=-37 dn=14871 ty=0B tt=5 B3=92 pl=C00F5AA500112233 crc=6D70 air=112
P n=2004 dr=0 q=27 t=0427319311 dt=   +1565 OK m=5 rssi=-60 dn=14871 ty=0B tt=5 B3=C2 pl=10F20053D7426400 crc=C98F air=112
P n=2005 dr=0 q=28 t=0427320859 dt=   +1548 OK m=5 rssi=-37 dn=14871 ty=0B tt=5 B3=A2 pl=C0105AA500112233 crc=24E0 air=112
P n=2006 dr=0 q=29 t=0427322423 dt=   +1564 OK m=5 rssi=-60 dn=14871 ty=0B tt=5 B3=F2 pl=10F20053D7426400 crc=3D8D air=112
P n=2008 dr=0 q=12 t=0427518588 dt= +196165 OK m=5 rssi=-59 dn=14871 ty=0B tt=5 B3=0A pl=10F20053D7426400 crc=001B air=112
P n=2009 dr=0 q=0 t=0427768287 dt= +249699 OK m=5 rssi=-61 dn=14871 ty=0B tt=5 B3=0A pl=10F3005339436200 crc=035C air=112
P n=2010 dr=0 q=0 t=0428017979 dt= +249692 OK m=5 rssi=-62 dn=14871 ty=0B tt=5 B3=0A pl=10F4004D9A436100 crc=F513 air=112
P n=2011 dr=0 q=0 t=0428267669 dt= +249690 OK m=5 rssi=-69 dn=14871 ty=0B tt=5 B3=0A pl=10F50052FF436500 crc=0582 air=112
P n=2013 dr=0 q=0 t=0428517361 dt= +249692 OK m=5 rssi=-71 dn=14871 ty=0B tt=5 B3=0A pl=10F6005260446100 crc=8625 air=112
P n=2015 dr=0 q=0 t=0428767053 dt= +249692 OK m=5 rssi=-75 dn=14871 ty=0B tt=5 B3=0A pl=10F70050C6446600 crc=2EBF air=112
P n=2016 dr=0 q=0 t=0429016744 dt= +249691 OK m=5 rssi=-69 dn=14871 ty=0B tt=5 B3=0A pl=10F8004D2C456600 crc=5A07 air=112
P n=2017 dr=0 q=0 t=0429266436 dt= +249692 OK m=5 rssi=-59 dn=14871 ty=0B tt=5 B3=0A pl=10F9004F8E456200 crc=6D3F air=112
P n=2018 dr=0 q=0 t=0429516127 dt= +249691 OK m=5 rssi=-57 dn=14871 ty=0B tt=5 B3=0A pl=10FA004FF2456400 crc=125C air=112
P n=2019 dr=0 q=0 t=0429765818 dt= +249691 OK m=5 rssi=-55 dn=14871 ty=0B tt=5 B3=0A pl=10FB004F57466500 crc=966F air=112
P n=2020 dr=0 q=0 t=0430015510 dt= +249692 OK m=5 rssi=-56 dn=14871 ty=0B tt=5 B3=0A pl=10FC0050B8466100 crc=7248 air=112
P n=2021 dr=0 q=0 t=0430265201 dt= +249691 OK m=5 rssi=-55 dn=14871 ty=0B tt=5 B3=0A pl=10FD005319476100 crc=8F09 air=112
P n=2022 dr=0 q=0 t=0430514893 dt= +249692 OK m=5 rssi=-56 dn=14871 ty=0B tt=5 B3=0A pl=10FE004E7C476300 crc=F15E air=112
P n=2023 dr=0 q=0 t=0430764584 dt= +249691 OK m=5 rssi=-54 dn=14871 ty=0B tt=5 B3=0A pl=10FF004FDF476300 crc=92C4 air=112
P n=2024 dr=0 q=0 t=0431014276 dt= +249692 OK m=5 rssi=-55 dn=14871 ty=0B tt=5 B3=0A pl=1000005145486600 crc=81B7 air=112
P n=2026 dr=0 q=0 t=0431263967 dt= +249691 OK m=5 rssi=-55 dn=14871 ty=0B tt=5 B3=0A pl=1001004EA9486400 crc=F5CF air=112
P n=2027 dr=0 q=0 t=0431513658 dt= +249691 OK m=5 rssi=-55 dn=14871 ty=0B tt=5 B3=0A pl=100200510D496400 crc=5B59 air=112
P n=2029 dr=0 q=0 t=0431763350 dt= +249692 OK m=5 rssi=-55 dn=14871 ty=0B tt=5 B3=0A pl=1003004E6E496100 crc=BF60 air=112
P n=2030 dr=0 q=0 t=0432013042 dt= +249692 OK m=5 rssi=-55 dn=14871 ty=0B tt=5 B3=0A pl=10040050D2496400 crc=2CC0 air=112
P n=2031 dr=0 q=0 t=0432262733 dt= +249691 OK m=5 rssi=-55 dn=14871 ty=0B tt=5 B3=0A pl=1005004F394A6700 crc=63F4 air=128
P n=2032 dr=0 q=0 t=0432512424 dt= +249691 OK m=5 rssi=-55 dn=14871 ty=0B tt=5 B3=0A pl=100600519F4A6600 crc=8E5A air=112
P n=2033 dr=0 q=0 t=0432762114 dt= +249690 OK m=5 rssi=-53 dn=14871 ty=0B tt=5 B3=0A pl=1007004E054B6600 crc=CE9C air=113
P n=2034 dr=0 q=0 t=0433011807 dt= +249693 OK m=5 rssi=-52 dn=14871 ty=0B tt=5 B3=0A pl=1008004E6B4B6600 crc=BFFD air=112
P n=2035 dr=0 q=0 t=0433261499 dt= +249692 OK m=5 rssi=-52 dn=14871 ty=0B tt=5 B3=0A pl=1009004DD14B6600 crc=7034 air=112
P n=2036 dr=0 q=0 t=0433511190 dt= +249691 OK m=5 rssi=-52 dn=14871 ty=0B tt=5 B3=0A pl=100A0052384C6700 crc=0829 air=112
P n=2037 dr=0 q=0 t=0433760882 dt= +249692 OK m=5 rssi=-52 dn=14871 ty=0B tt=5 B3=0A pl=100B00529F4C6700 crc=0B13 air=112
P n=2038 dr=0 q=0 t=0434010572 dt= +249690 OK m=5 rssi=-52 dn=14871 ty=0B tt=5 B3=0A pl=100C004F054D6600 crc=9D42 air=112
P n=2039 dr=0 q=0 t=0434260264 dt= +249692 OK m=5 rssi=-52 dn=14871 ty=0B tt=5 B3=0A pl=100D004F6A4D6500 crc=FD4C air=112
P n=2040 dr=0 q=0 t=0434509956 dt= +249692 OK m=5 rssi=-52 dn=14871 ty=0B tt=5 B3=0A pl=100E0053CF4D6500 crc=FC8C air=112
P n=2041 dr=0 q=0 t=0434759647 dt= +249691 OK m=5 rssi=-52 dn=14871 ty=0B tt=5 B3=0A pl=100F0050354E6600 crc=51DA air=112
P n=2042 dr=0 q=0 t=0435009339 dt= +249692 OK m=5 rssi=-53 dn=14871 ty=0B tt=5 B3=0A pl=10100051984E6300 crc=6A1C air=112
S t=0435020249 ours=1850 foreign=0 longframe=4 oddtype=0 crc_ok=1850 crc_err=192 addr=2042 end=2042 dropped=0  B3: 0A=1732 82=16 92=13 A2=11 B2=1 C2=10 D2=56 E2=1 F2=10
P n=2043 dr=0 q=0 t=0435259030 dt= +249691 OK m=5 rssi=-53 dn=14871 ty=0B tt=5 B3=0A pl=10110050FA4E6200 crc=FFA7 air=112
P n=2044 dr=0 q=0 t=0435508721 dt= +249691 OK m=5 rssi=-53 dn=14871 ty=0B tt=5 B3=0A pl=101200515E4F6400 crc=3065 air=112
P n=2045 dr=0 q=0 t=0435758413 dt= +249692 OK m=5 rssi=-53 dn=14871 ty=0B tt=5 B3=0A pl=1013004FC54F6700 crc=CE25 air=112
P n=2046 dr=0 q=0 t=0436008097 dt= +249684 OK m=5 rssi=-53 dn=14871 ty=0B tt=5 B3=0A pl=1014004D2C506700 crc=8B2D air=119
P n=2047 dr=0 q=0 t=0436257796 dt= +249699 OK m=5 rssi=-59 dn=14871 ty=0B tt=5 B3=0A pl=101500508D506100 crc=2008 air=112
P n=2048 dr=0 q=0 t=0436507487 dt= +249691 OK m=5 rssi=-59 dn=14871 ty=0B tt=5 B3=0A pl=10160051F3506600 crc=2B63 air=112
P n=2049 dr=0 q=0 t=0436757178 dt= +249691 OK m=5 rssi=-58 dn=14871 ty=0B tt=5 B3=0A pl=1017004F59516600 crc=ED1D air=112
P n=2051 dr=0 q=0 t=0437006870 dt= +249692 OK m=5 rssi=-58 dn=14871 ty=0B tt=5 B3=0A pl=1018004DBD516400 crc=0B0E air=112
P n=2052 dr=0 q=0 t=0437256561 dt= +249691 OK m=5 rssi=-57 dn=14871 ty=0B tt=5 B3=0A pl=1019004F21526400 crc=2711 air=112
P n=2053 dr=0 q=0 t=0437506253 dt= +249692 OK m=5 rssi=-57 dn=14871 ty=0B tt=5 B3=0A pl=101A005282526100 crc=54EC air=112
P n=2055 dr=0 q=0 t=0437755945 dt= +249692 OK m=5 rssi=-53 dn=14871 ty=0B tt=5 B3=0A pl=101B004FE9526700 crc=24C6 air=112
P n=2056 dr=0 q=0 t=0438005636 dt= +249691 OK m=5 rssi=-53 dn=14871 ty=0B tt=5 B3=0A pl=101C004D4D536400 crc=3BE5 air=112
P n=2057 dr=0 q=0 t=0438255327 dt= +249691 ER m=5 rssi=-52 dn=14871 ty=0B tt=5 B3=0E pl=101D0051B2536500 crc=7C67 air=112
P n=2058 dr=0 q=0 t=0438505018 dt= +249691 OK m=5 rssi=-52 dn=14871 ty=0B tt=5 B3=0A pl=101E005318546600 crc=BA78 air=112
P n=2059 dr=0 q=0 t=0438754710 dt= +249692 OK m=5 rssi=-52 dn=14871 ty=0B tt=5 B3=0A pl=101F00537D546500 crc=B2DD air=112
P n=2060 dr=0 q=0 t=0439004402 dt= +249692 OK m=5 rssi=-52 dn=14871 ty=0B tt=5 B3=0A pl=10200051E2546500 crc=374B air=112
P n=2061 dr=0 q=0 t=0439254093 dt= +249691 OK m=5 rssi=-52 dn=14871 ty=0B tt=5 B3=0A pl=1021004E44556200 crc=8DC1 air=105
P n=2062 dr=0 q=0 t=0439503785 dt= +249692 OK m=5 rssi=-52 dn=14871 ty=0B tt=5 B3=0A pl=10220050A7556300 crc=B2B6 air=112
P n=2063 dr=0 q=0 t=0439753475 dt= +249690 OK m=5 rssi=-52 dn=14871 ty=0B tt=5 B3=0A pl=102300520B566400 crc=2BD7 air=112
P n=2064 dr=0 q=0 t=0440003167 dt= +249692 OK m=5 rssi=-52 dn=14871 ty=0B tt=5 B3=0A pl=102400536F566400 crc=0BE1 air=112
P n=2065 dr=0 q=0 t=0440252859 dt= +249692 OK m=5 rssi=-52 dn=14871 ty=0B tt=5 B3=0A pl=10250053D3566400 crc=0D63 air=112
P n=2066 dr=0 q=0 t=0440502550 dt= +249691 OK m=5 rssi=-53 dn=14871 ty=0B tt=5 B3=0A pl=1026005239576600 crc=C2A3 air=112
P n=2067 dr=0 q=0 t=0440752242 dt= +249692 OK m=5 rssi=-53 dn=14871 ty=0B tt=5 B3=0A pl=102700539C576300 crc=7955 air=112
P n=2068 dr=0 q=0 t=0441001933 dt= +249691 OK m=5 rssi=-52 dn=14871 ty=0B tt=5 B3=0A pl=10280052FE576200 crc=DE66 air=112
P n=2069 dr=0 q=0 t=0441251624 dt= +249691 OK m=5 rssi=-53 dn=14871 ty=0B tt=5 B3=0A pl=1029005365586700 crc=C712 air=112
P n=2071 dr=0 q=0 t=0441501316 dt= +249692 OK m=5 rssi=-52 dn=14871 ty=0B tt=5 B3=0A pl=102A0052C9586400 crc=45D6 air=112
P n=2072 dr=0 q=0 t=0441751007 dt= +249691 OK m=5 rssi=-53 dn=14871 ty=0B tt=5 B3=0A pl=102B004E2C596300 crc=E4CE air=112
P n=2073 dr=0 q=0 t=0442000699 dt= +249692 OK m=5 rssi=-52 dn=14871 ty=0B tt=5 B3=0A pl=102C004E8D596100 crc=072A air=112
P n=2074 dr=0 q=0 t=0442250390 dt= +249691 OK m=5 rssi=-52 dn=14871 ty=0B tt=5 B3=0A pl=102D0051EE596100 crc=1CE6 air=112
P n=2075 dr=0 q=0 t=0442500081 dt= +249691 OK m=5 rssi=-52 dn=14871 ty=0B tt=5 B3=0A pl=102E004D4F5A6100 crc=8E87 air=123
P n=2076 dr=0 q=0 t=0442749773 dt= +249692 OK m=5 rssi=-53 dn=14871 ty=0B tt=5 B3=0A pl=102F0050B05A6100 crc=5865 air=112
P n=2077 dr=0 q=0 t=0442999464 dt= +249691 OK m=5 rssi=-53 dn=14871 ty=0B tt=5 B3=0A pl=1030004D155B6500 crc=6D10 air=112
P n=2078 dr=0 q=0 t=0443249156 dt= +249692 OK m=5 rssi=-52 dn=14871 ty=0B tt=5 B3=0A pl=10310050785B6300 crc=3AA3 air=112
P n=2079 dr=0 q=0 t=0443498848 dt= +249692 OK m=5 rssi=-53 dn=14871 ty=0B tt=5 B3=0A pl=10320052DF5B6700 crc=D13D air=112
P n=2081 dr=0 q=0 t=0443748539 dt= +249691 OK m=5 rssi=-53 dn=14871 ty=0B tt=5 B3=0A pl=1033004E405C6100 crc=DB6A air=112
P n=2082 dr=0 q=0 t=0443998230 dt= +249691 OK m=5 rssi=-53 dn=14871 ty=0B tt=5 B3=0A pl=10340050A15C6100 crc=FB82 air=112
P n=2083 dr=0 q=0 t=0444247921 dt= +249691 OK m=5 rssi=-53 dn=14871 ty=0B tt=5 B3=0A pl=10350050075D6600 crc=20AB air=112
P n=2085 dr=0 q=0 t=0444497613 dt= +249692 OK m=5 rssi=-53 dn=14871 ty=0B tt=5 B3=0A pl=103600516A5D6300 crc=CDD9 air=112
P n=2086 dr=0 q=0 t=0444747305 dt= +249692 OK m=5 rssi=-53 dn=14871 ty=0B tt=5 B3=0A pl=10370051CB5D6100 crc=8F18 air=112
P n=2087 dr=0 q=0 t=0444996996 dt= +249691 OK m=5 rssi=-53 dn=14871 ty=0B tt=5 B3=0A pl=1038004E2D5E6200 crc=CB22 air=112
P n=2088 dr=0 q=0 t=0445246688 dt= +249692 OK m=5 rssi=-52 dn=14871 ty=0B tt=5 B3=0A pl=1039004F8E5E6100 crc=FDEB air=112
P n=2089 dr=0 q=0 t=0445496378 dt= +249690 OK m=5 rssi=-52 dn=14871 ty=0B tt=5 B3=0A pl=103A0053F45E6600 crc=1951 air=112
P n=2090 dr=0 q=0 t=0445746070 dt= +249692 OK m=5 rssi=-52 dn=14871 ty=0B tt=5 B3=0A pl=103B0051565F6200 crc=1959 air=113
P n=2091 dr=0 q=0 t=0445995762 dt= +249692 OK m=5 rssi=-52 dn=14871 ty=0B tt=5 B3=0A pl=103C0050BA5F6400 crc=CB32 air=112
P n=2092 dr=0 q=0 t=0446245459 dt= +249697 OK m=5 rssi=-52 dn=14871 ty=0B tt=5 B3=0A pl=103D00501B606100 crc=F9F0 air=106
P n=2093 dr=0 q=0 t=0446495145 dt= +249686 OK m=5 rssi=-52 dn=14871 ty=0B tt=5 B3=0A pl=103E005380606500 crc=DBE4 air=112
P n=2094 dr=0 q=0 t=0446744835 dt= +249690 OK m=5 rssi=-52 dn=14871 ty=0B tt=5 B3=0A pl=103F004FE4606400 crc=4CE6 air=112
P n=2095 dr=0 q=0 t=0446994527 dt= +249692 OK m=5 rssi=-52 dn=14871 ty=0B tt=5 B3=0A pl=1040005047616300 crc=FCC0 air=112
P n=2097 dr=0 q=0 t=0447244219 dt= +249692 OK m=5 rssi=-52 dn=14871 ty=0B tt=5 B3=0A pl=1041004FAC616500 crc=1551 air=112
P n=2098 dr=0 q=0 t=0447493910 dt= +249691 OK m=5 rssi=-52 dn=14871 ty=0B tt=5 B3=0A pl=1042004F11626500 crc=5CD4 air=112
P n=2099 dr=0 q=0 t=0447743602 dt= +249692 OK m=5 rssi=-52 dn=14871 ty=0B tt=5 B3=0A pl=1043004E75626400 crc=EEF6 air=112
P n=2100 dr=0 q=0 t=0447993294 dt= +249692 OK m=5 rssi=-52 dn=14871 ty=0B tt=5 B3=0A pl=1044004DDB626600 crc=372E air=112
P n=2101 dr=0 q=0 t=0448242984 dt= +249690 OK m=5 rssi=-52 dn=14871 ty=0B tt=5 B3=0A pl=104500513D636200 crc=58B9 air=112
P n=2103 dr=0 q=0 t=0448742367 dt= +499383 OK m=5 rssi=-52 dn=14871 ty=0B tt=5 B3=0A pl=1047004F09646500 crc=09B7 air=112
P n=2104 dr=0 q=0 t=0448992059 dt= +249692 OK m=5 rssi=-53 dn=14871 ty=0B tt=5 B3=0A pl=1048005370646700 crc=DB4F air=110
P n=2105 dr=0 q=0 t=0449241751 dt= +249692 OK m=5 rssi=-53 dn=14871 ty=0B tt=5 B3=0A pl=10490052D4646400 crc=BCAB air=112
P n=2106 dr=0 q=0 t=0449491442 dt= +249691 OK m=5 rssi=-54 dn=14871 ty=0B tt=5 B3=0A pl=104A004F38656400 crc=BDE1 air=112
P n=2107 dr=0 q=0 t=0449741133 dt= +249691 OK m=5 rssi=-53 dn=14871 ty=0B tt=5 B3=0A pl=104B004D9C656400 crc=6184 air=112
P n=2109 dr=0 q=0 t=0449990824 dt= +249691 OK m=5 rssi=-53 dn=14871 ty=0B tt=5 B3=0A pl=104C0053FD656100 crc=63A1 air=112
S t=0450018057 ours=1908 foreign=0 longframe=5 oddtype=0 crc_ok=1908 crc_err=201 addr=2109 end=2109 dropped=0  B3: 0A=1790 82=16 92=13 A2=11 B2=1 C2=10 D2=56 E2=1 F2=10
P n=2110 dr=0 q=0 t=0450240516 dt= +249692 OK m=5 rssi=-53 dn=14871 ty=0B tt=5 B3=0A pl=104D005063666600 crc=9110 air=112
P n=2111 dr=0 q=0 t=0450490208 dt= +249692 OK m=5 rssi=-56 dn=14871 ty=0B tt=5 B3=0A pl=104E004DC5666200 crc=6D99 air=112
P n=2112 dr=0 q=0 t=0450739899 dt= +249691 OK m=5 rssi=-61 dn=14871 ty=0B tt=5 B3=0A pl=104F004E26676100 crc=467F air=112
P n=2113 dr=0 q=0 t=0450989590 dt= +249691 OK m=5 rssi=-62 dn=14871 ty=0B tt=5 B3=0A pl=1050004D8B676500 crc=0A0B air=112
P n=2114 dr=0 q=0 t=0451239281 dt= +249691 OK m=5 rssi=-55 dn=14871 ty=0B tt=5 B3=0A pl=1051004EED676200 crc=BB64 air=112
P n=2115 dr=0 q=0 t=0451488973 dt= +249692 OK m=5 rssi=-54 dn=14871 ty=0B tt=5 B3=0A pl=105200534F686200 crc=6DE9 air=112
P n=2116 dr=0 q=0 t=0451738665 dt= +249692 OK m=5 rssi=-53 dn=14871 ty=0B tt=5 B3=0A pl=10530052B1686200 crc=42CE air=112
P n=2118 dr=0 q=0 t=0451988356 dt= +249691 OK m=5 rssi=-53 dn=14871 ty=0B tt=5 B3=0A pl=1054004F14696300 crc=2C98 air=112
P n=2119 dr=0 q=0 t=0452238048 dt= +249692 OK m=5 rssi=-53 dn=14871 ty=0B tt=5 B3=0A pl=1055004E75696100 crc=77AC air=111
P n=2120 dr=0 q=0 t=0452487739 dt= +249691 OK m=5 rssi=-53 dn=14871 ty=0B tt=5 B3=0A pl=1056004ED8696300 crc=1ABC air=112
P n=2121 dr=0 q=0 t=0452737430 dt= +249691 OK m=5 rssi=-53 dn=14871 ty=0B tt=5 B3=0A pl=1057004E396A6100 crc=6FB1 air=112
P n=2122 dr=0 q=0 t=0452987122 dt= +249692 OK m=5 rssi=-53 dn=14871 ty=0B tt=5 B3=0A pl=105800529F6A6600 crc=3E51 air=112
P n=2123 dr=0 q=0 t=0453236813 dt= +249691 OK m=5 rssi=-53 dn=14871 ty=0B tt=5 B3=0A pl=1059004D006B6100 crc=5B45 air=112
P n=2124 dr=0 q=0 t=0453486505 dt= +249692 OK m=5 rssi=-52 dn=14871 ty=0B tt=5 B3=0A pl=105A004F636B6300 crc=6328 air=112
P n=2125 dr=0 q=0 t=0453736197 dt= +249692 OK m=5 rssi=-56 dn=14871 ty=0B tt=5 B3=0A pl=105B004FC56B6200 crc=2597 air=112
P n=2126 dr=0 q=0 t=0453985887 dt= +249690 OK m=5 rssi=-53 dn=14871 ty=0B tt=5 B3=0A pl=105C004E286C6300 crc=9D4F air=112
P n=2127 dr=0 q=0 t=0454235579 dt= +249692 OK m=5 rssi=-53 dn=14871 ty=0B tt=5 B3=0A pl=105D00518C6C6400 crc=FD9D air=112
P n=2128 dr=0 q=0 t=0454485270 dt= +249691 OK m=5 rssi=-56 dn=14871 ty=0B tt=5 B3=0A pl=105E004DF36C6700 crc=69A6 air=112
P n=2129 dr=0 q=0 t=0454734962 dt= +249692 OK m=5 rssi=-54 dn=14871 ty=0B tt=5 B3=0A pl=105F004D596D6600 crc=571B air=112
P n=2130 dr=0 q=0 t=0454984654 dt= +249692 OK m=5 rssi=-55 dn=14871 ty=0B tt=5 B3=0A pl=10600053BB6D6200 crc=EACB air=112
P n=2131 dr=0 q=0 t=0455234344 dt= +249690 OK m=5 rssi=-53 dn=14871 ty=0B tt=5 B3=0A pl=1061004E1C6E6100 crc=C0D2 air=112
P n=2132 dr=0 q=0 t=0455484036 dt= +249692 OK m=5 rssi=-53 dn=14871 ty=0B tt=5 B3=0A pl=106200537D6E6100 crc=1216 air=129
P n=2133 dr=0 q=0 t=0455733728 dt= +249692 OK m=5 rssi=-53 dn=14871 ty=0B tt=5 B3=0A pl=10630051E06E6300 crc=778F air=112
P n=2134 dr=0 q=0 t=0455983418 dt= +249690 OK m=5 rssi=-54 dn=14871 ty=0B tt=5 B3=0A pl=1064004F456F6500 crc=6E9C air=113
P n=2135 dr=0 q=0 t=0456233111 dt= +249693 OK m=5 rssi=-54 dn=14871 ty=0B tt=5 B3=0A pl=1065004FA96F6400 crc=2E14 air=112
P n=2136 dr=0 q=0 t=0456482802 dt= +249691 OK m=5 rssi=-55 dn=14871 ty=0B tt=5 B3=0A pl=50FFFF01FF000100 crc=2C50 air=112
P n=2137 dr=0 q=0 t=0456732493 dt= +249691 OK m=5 rssi=-55 dn=14871 ty=0B tt=5 B3=0A pl=011201FFFFFFFFFF crc=52B2 air=112
P n=2138 dr=0 q=0 t=0456982185 dt= +249692 OK m=5 rssi=-55 dn=14871 ty=0B tt=5 B3=0A pl=51FF010153555400 crc=9BAC air=112
P n=2139 dr=0 q=0 t=0457231876 dt= +249691 OK m=5 rssi=-58 dn=14871 ty=0B tt=5 B3=0A pl=1066004D0E706500 crc=552D air=112
P n=2141 dr=0 q=0 t=0457481568 dt= +249692 OK m=5 rssi=-58 dn=14871 ty=0B tt=5 B3=0A pl=106700526F706100 crc=6F4D air=112
P n=2142 dr=0 q=0 t=0457731259 dt= +249691 OK m=5 rssi=-58 dn=14871 ty=0B tt=5 B3=0A pl=10680052D4706500 crc=C6AE air=112
P n=2144 dr=0 q=0 t=0457980951 dt= +249692 OK m=5 rssi=-58 dn=14871 ty=0B tt=5 B3=0A pl=106900503B716700 crc=3B1A air=112
P n=2145 dr=0 q=0 t=0458230642 dt= +249691 OK m=5 rssi=-58 dn=14871 ty=0B tt=5 B3=0A pl=106A00539D716200 crc=3F50 air=112
P n=2146 dr=0 q=0 t=0458480333 dt= +249691 OK m=5 rssi=-58 dn=14871 ty=0B tt=5 B3=0A pl=106B005300726300 crc=1249 air=112
P n=2147 dr=0 q=0 t=0458730025 dt= +249692 OK m=5 rssi=-59 dn=14871 ty=0B tt=5 B3=0A pl=106C004E66726600 crc=AF93 air=105
P n=2148 dr=0 q=0 t=0458979716 dt= +249691 OK m=5 rssi=-58 dn=14871 ty=0B tt=5 B3=0A pl=106D004DCB726500 crc=7F83 air=112
P n=2149 dr=0 q=0 t=0459479100 dt= +499384 OK m=5 rssi=-59 dn=14871 ty=0B tt=5 B3=0A pl=106F004E93736100 crc=FABE air=112
P n=2150 dr=0 q=0 t=0459728790 dt= +249690 OK m=5 rssi=-59 dn=14871 ty=0B tt=5 B3=0A pl=1070004DF7736400 crc=C528 air=112
P n=2151 dr=0 q=0 t=0459978482 dt= +249692 OK m=5 rssi=-58 dn=14871 ty=0B tt=5 B3=0A pl=1071005159746200 crc=9522 air=112
P n=2152 dr=0 q=0 t=0460228173 dt= +249691 OK m=5 rssi=-58 dn=14871 ty=0B tt=5 B3=0A pl=10720052BE746500 crc=EF22 air=112
P n=2153 dr=0 q=0 t=0460477865 dt= +249692 OK m=5 rssi=-58 dn=14871 ty=0B tt=5 B3=0A pl=1073004F21756300 crc=FD84 air=112
P n=2154 dr=0 q=0 t=0460727557 dt= +249692 OK m=5 rssi=-58 dn=14871 ty=0B tt=5 B3=0A pl=1074004F88756700 crc=3105 air=112
P n=2155 dr=0 q=0 t=0460977247 dt= +249690 OK m=5 rssi=-56 dn=14871 ty=0B tt=5 B3=0A pl=1075004DEC756400 crc=0B97 air=112
P n=2156 dr=0 q=0 t=0461226939 dt= +249692 OK m=5 rssi=-57 dn=14871 ty=0B tt=5 B3=0A pl=1076004F52766600 crc=FB2F air=112
P n=2157 dr=0 q=0 t=0461476631 dt= +249692 OK m=5 rssi=-58 dn=14871 ty=0B tt=5 B3=0A pl=1077004FB4766200 crc=2CF9 air=112
P n=2159 dr=0 q=0 t=0461726322 dt= +249691 OK m=5 rssi=-58 dn=14871 ty=0B tt=5 B3=0A pl=1078005218776400 crc=BBE2 air=112
P n=2161 dr=0 q=0 t=0461976014 dt= +249692 OK m=5 rssi=-55 dn=14871 ty=0B tt=5 B3=0A pl=1079005379776100 crc=7941 air=117
P n=2163 dr=0 q=0 t=0462225705 dt= +249691 OK m=5 rssi=-54 dn=14871 ty=0B tt=5 B3=0A pl=107A004FDA776100 crc=5F18 air=112
P n=2164 dr=0 q=0 t=0462475396 dt= +249691 ER m=5 rssi=-55 dn=14871 ty=0B tt=5 B3=0A pl=107B002F41786700 crc=B96E air=112
P n=2165 dr=0 q=0 t=0462725088 dt= +249692 OK m=5 rssi=-55 dn=14871 ty=0B tt=5 B3=0A pl=107C0052A8786700 crc=F297 air=112
P n=2166 dr=0 q=0 t=0462974779 dt= +249691 OK m=5 rssi=-55 dn=14871 ty=0B tt=5 B3=0A pl=107D00500B796300 crc=842B air=112
P n=2167 dr=0 q=0 t=0463224471 dt= +249692 OK m=5 rssi=-55 dn=14871 ty=0B tt=5 B3=0A pl=107E005170796500 crc=0034 air=112
P n=2168 dr=0 q=0 t=0463474162 dt= +249691 OK m=5 rssi=-54 dn=14871 ty=0B tt=5 B3=0A pl=107F0052D5796500 crc=00B4 air=112
P n=2169 dr=0 q=0 t=0463723854 dt= +249692 OK m=5 rssi=-56 dn=14871 ty=0B tt=5 B3=0A pl=108000523A7A6500 crc=AC91 air=112
P n=2170 dr=0 q=0 t=0463973545 dt= +249691 OK m=5 rssi=-58 dn=14871 ty=0B tt=5 B3=0A pl=1081004F9E7A6400 crc=2266 air=112
P n=2171 dr=0 q=0 t=0464223236 dt= +249691 OK m=5 rssi=-58 dn=14871 ty=0B tt=5 B3=0A pl=1082004F017B6300 crc=4632 air=112
P n=2172 dr=0 q=0 t=0464472928 dt= +249692 OK m=5 rssi=-59 dn=14871 ty=0B tt=5 B3=0A pl=10830052657B6400 crc=D1C7 air=112
P n=2173 dr=0 q=0 t=0464722619 dt= +249691 OK m=5 rssi=-55 dn=14871 ty=0B tt=5 B3=0A pl=10840051C97B6400 crc=8315 air=112
P n=2174 dr=0 q=0 t=0464972311 dt= +249692 OK m=5 rssi=-53 dn=14871 ty=0B tt=5 B3=0A pl=10850050307C6700 crc=2DDC air=112
S t=0465017877 ours=1966 foreign=0 longframe=6 oddtype=0 crc_ok=1966 crc_err=208 addr=2174 end=2174 dropped=0  B3: 0A=1848 82=16 92=13 A2=11 B2=1 C2=10 D2=56 E2=1 F2=10
P n=2176 dr=0 q=0 t=0465471693 dt= +499382 OK m=5 rssi=-53 dn=14871 ty=0B tt=5 B3=0A pl=1087004DF87C6200 crc=A18D air=112
P n=2177 dr=0 q=0 t=0465721385 dt= +249692 OK m=5 rssi=-53 dn=14871 ty=0B tt=5 B3=0A pl=1088004E5D7D6500 crc=3D22 air=112
P n=2178 dr=0 q=0 t=0465971076 dt= +249691 OK m=5 rssi=-53 dn=14871 ty=0B tt=5 B3=0A pl=10890050C47D6700 crc=1D3B air=112
P n=2179 dr=0 q=0 t=0466220768 dt= +249692 OK m=5 rssi=-61 dn=14871 ty=0B tt=5 B3=0A pl=108A004D287E6400 crc=2742 air=112
P n=2180 dr=0 q=0 t=0466720150 dt= +499382 OK m=5 rssi=-64 dn=14871 ty=0B tt=5 B3=0A pl=108C004EF47E6700 crc=DAD7 air=112
P n=2181 dr=0 q=0 t=0466969842 dt= +249692 OK m=5 rssi=-55 dn=14871 ty=0B tt=5 B3=0A pl=108D004F5A7F6600 crc=84CA air=112
P n=2182 dr=0 q=0 t=0467219534 dt= +249692 OK m=5 rssi=-56 dn=14871 ty=0B tt=5 B3=0A pl=108E004FBB7F6100 crc=3781 air=112
P n=2183 dr=0 q=0 t=0467469225 dt= +249691 OK m=5 rssi=-55 dn=14871 ty=0B tt=5 B3=0A pl=108F005120806500 crc=9F35 air=112
P n=2184 dr=0 q=0 t=0467718917 dt= +249692 OK m=5 rssi=-56 dn=14871 ty=0B tt=5 B3=0A pl=1090005186806600 crc=BA1B air=112
P n=2185 dr=0 q=0 t=0467968608 dt= +249691 OK m=5 rssi=-56 dn=14871 ty=0B tt=5 B3=0A pl=10910052ED806700 crc=9854 air=108
P n=2186 dr=0 q=0 t=0468218299 dt= +249691 OK m=5 rssi=-56 dn=14871 ty=0B tt=5 B3=0A pl=1092004E4F816200 crc=007C air=112
P n=2187 dr=0 q=0 t=0468467991 dt= +249692 OK m=5 rssi=-55 dn=14871 ty=0B tt=5 B3=0A pl=10930051B2816300 crc=4C44 air=112
P n=2188 dr=0 q=0 t=0468717682 dt= +249691 OK m=5 rssi=-55 dn=14871 ty=0B tt=5 B3=0A pl=1094004F19826700 crc=FF0F air=112
P n=2189 dr=0 q=0 t=0468967374 dt= +249692 OK m=5 rssi=-55 dn=14871 ty=0B tt=5 B3=0A pl=1095004F7E826500 crc=29F3 air=112
P n=2190 dr=0 q=0 t=0469217065 dt= +249691 OK m=5 rssi=-55 dn=14871 ty=0B tt=5 B3=0A pl=1096004FE5826700 crc=4F93 air=112
P n=2191 dr=0 q=0 t=0469466756 dt= +249691 OK m=5 rssi=-54 dn=14871 ty=0B tt=5 B3=0A pl=1097004E4A836500 crc=3269 air=112
P n=2192 dr=0 q=0 t=0469716448 dt= +249692 OK m=5 rssi=-55 dn=14871 ty=0B tt=5 B3=0A pl=10980050B1836700 crc=9442 air=112
P n=2193 dr=0 q=0 t=0469966139 dt= +249691 OK m=5 rssi=-54 dn=14871 ty=0B tt=5 B3=0A pl=1099004F16846500 crc=1529 air=112
P n=2194 dr=0 q=0 t=0470215831 dt= +249692 OK m=5 rssi=-55 dn=14871 ty=0B tt=5 B3=0A pl=109A005377846100 crc=A178 air=112
P n=2196 dr=0 q=0 t=0470465522 dt= +249691 OK m=5 rssi=-55 dn=14871 ty=0B tt=5 B3=0A pl=109B004FDE846700 crc=25CF air=112
P n=2197 dr=0 q=0 t=0470715214 dt= +249692 OK m=5 rssi=-55 dn=14871 ty=0B tt=5 B3=0A pl=109C005344856600 crc=19CF air=112
P n=2198 dr=0 q=0 t=0470964905 dt= +249691 OK m=5 rssi=-55 dn=14871 ty=0B tt=5 B3=0A pl=109D0053A5856100 crc=CA67 air=112
P n=2200 dr=0 q=0 t=0471214596 dt= +249691 OK m=5 rssi=-55 dn=14871 ty=0B tt=5 B3=0A pl=109E005009866400 crc=FFD6 air=110
P n=2201 dr=0 q=0 t=0471464288 dt= +249692 OK m=5 rssi=-55 dn=14871 ty=0B tt=5 B3=0A pl=109F00516D866400 crc=7EC5 air=112
P n=2202 dr=0 q=0 t=0471713972 dt= +249684 OK m=5 rssi=-55 dn=14871 ty=0B tt=5 B3=0A pl=10A00052CF866200 crc=EECB air=120
P n=2203 dr=0 q=0 t=0471963671 dt= +249699 OK m=5 rssi=-55 dn=14871 ty=0B tt=5 B3=0A pl=10A1005033876400 crc=5FC0 air=112
P n=2204 dr=0 q=0 t=0472213363 dt= +249692 OK m=5 rssi=-53 dn=14871 ty=0B tt=5 B3=0A pl=10A2004D95876200 crc=C52B air=112
P n=2205 dr=0 q=0 t=0472463053 dt= +249690 OK m=5 rssi=-54 dn=14871 ty=0B tt=5 B3=0A pl=10A3004EFC876700 crc=C6C8 air=112
P n=2207 dr=0 q=0 t=0472712745 dt= +249692 OK m=5 rssi=-53 dn=14871 ty=0B tt=5 B3=0A pl=10A4005060886400 crc=E4B1 air=112
P n=2208 dr=0 q=0 t=0472962437 dt= +249692 OK m=5 rssi=-54 dn=14871 ty=0B tt=5 B3=0A pl=10A50053C6886600 crc=198F air=112
P n=2209 dr=0 q=0 t=0473212128 dt= +249691 OK m=5 rssi=-54 dn=14871 ty=0B tt=5 B3=0A pl=10A6005127896100 crc=D977 air=112
P n=2210 dr=0 q=0 t=0473461820 dt= +249692 OK m=5 rssi=-53 dn=14871 ty=0B tt=5 B3=0A pl=10A700528E896700 crc=3C63 air=112
P n=2211 dr=0 q=0 t=0473711510 dt= +249690 OK m=5 rssi=-53 dn=14871 ty=0B tt=5 B3=0A pl=10A80051F2896400 crc=004C air=112
P n=2212 dr=0 q=0 t=0473961202 dt= +249692 OK m=5 rssi=-55 dn=14871 ty=0B tt=5 B3=0A pl=10A90053588A6600 crc=4141 air=112
P n=2213 dr=0 q=0 t=0474210894 dt= +249692 OK m=5 rssi=-55 dn=14871 ty=0B tt=5 B3=0A pl=10AA004FB98A6100 crc=7D7B air=112
P n=2214 dr=0 q=0 t=0474460585 dt= +249691 OK m=5 rssi=-55 dn=14871 ty=0B tt=5 B3=0A pl=10AB00521B8B6200 crc=8547 air=112
P n=2215 dr=0 q=0 t=0474710277 dt= +249692 OK m=5 rssi=-55 dn=14871 ty=0B tt=5 B3=0A pl=10AC004E7E8B6300 crc=C5D4 air=112
P n=2216 dr=0 q=0 t=0474959961 dt= +249684 OK m=5 rssi=-56 dn=14871 ty=0B tt=5 B3=0A pl=10AD0053E48B6600 crc=0954 air=120
P n=2217 dr=0 q=0 t=0475209659 dt= +249698 OK m=5 rssi=-56 dn=14871 ty=0B tt=5 B3=0A pl=10AE004F4B8C6700 crc=D69E air=112
P n=2219 dr=0 q=0 t=0475459351 dt= +249692 OK m=5 rssi=-57 dn=14871 ty=0B tt=5 B3=0A pl=10AF004DAF8C6400 crc=3134 air=112
P n=2220 dr=0 q=0 t=0475709042 dt= +249691 OK m=5 rssi=-56 dn=14871 ty=0B tt=5 B3=0A pl=10B0004F108D6100 crc=25DF air=112
P n=2221 dr=0 q=0 t=0475958734 dt= +249692 OK m=5 rssi=-56 dn=14871 ty=0B tt=5 B3=0A pl=10B10053748D6400 crc=7E19 air=112
P n=2222 dr=0 q=0 t=0476208425 dt= +249691 OK m=5 rssi=-55 dn=14871 ty=0B tt=5 B3=0A pl=10B2004DDB8D6700 crc=06A2 air=112
P n=2223 dr=0 q=0 t=0476458117 dt= +249692 OK m=5 rssi=-55 dn=14871 ty=0B tt=5 B3=0A pl=10B300513F8E6400 crc=73AA air=112
P n=2224 dr=0 q=0 t=0476707808 dt= +249691 OK m=5 rssi=-55 dn=14871 ty=0B tt=5 B3=0A pl=10B40050A38E6400 crc=4912 air=112
P n=2225 dr=0 q=0 t=0476957499 dt= +249691 OK m=5 rssi=-55 dn=14871 ty=0B tt=5 B3=0A pl=10B5004E088F6500 crc=CAE9 air=112
P n=2226 dr=0 q=0 t=0477207191 dt= +249692 OK m=5 rssi=-55 dn=14871 ty=0B tt=5 B3=0A pl=10B60053698F6100 crc=D4E9 air=112
P n=2227 dr=0 q=0 t=0477706574 dt= +499383 OK m=5 rssi=-57 dn=14871 ty=0B tt=5 B3=0A pl=10B8005335906700 crc=199C air=106
P n=2228 dr=0 q=0 t=0477956265 dt= +249691 OK m=5 rssi=-56 dn=14871 ty=0B tt=5 B3=0A pl=10B9005196906100 crc=3E72 air=112
P n=2229 dr=0 q=0 t=0478205955 dt= +249690 OK m=5 rssi=-54 dn=14871 ty=0B tt=5 B3=0A pl=10BA004DFA906400 crc=8094 air=113
P n=2231 dr=0 q=0 t=0478455648 dt= +249693 OK m=5 rssi=-53 dn=14871 ty=0B tt=5 B3=0A pl=10BB004E5B916100 crc=8220 air=112
P n=2234 dr=0 q=0 t=0478705340 dt= +249692 OK m=5 rssi=-54 dn=14871 ty=0B tt=5 B3=0A pl=10BC0053BF916400 crc=0FAA air=112
P n=2235 dr=0 q=0 t=0478955031 dt= +249691 OK m=5 rssi=-56 dn=14871 ty=0B tt=5 B3=0A pl=10BD005223926400 crc=CD67 air=112
P n=2236 dr=0 q=0 t=0479204723 dt= +249692 OK m=5 rssi=-53 dn=14871 ty=0B tt=5 B3=0A pl=10BE005186926300 crc=3493 air=112
P n=2237 dr=0 q=0 t=0479454413 dt= +249690 OK m=5 rssi=-54 dn=14871 ty=0B tt=5 B3=0A pl=10BF004FED926700 crc=CC09 air=112
P n=2238 dr=0 q=0 t=0479704105 dt= +249692 OK m=5 rssi=-55 dn=14871 ty=0B tt=5 B3=0A pl=10C000524F936200 crc=287A air=112
P n=2240 dr=0 q=0 t=0479953797 dt= +249692 OK m=5 rssi=-55 dn=14871 ty=0B tt=5 B3=0A pl=10C1004EB2936300 crc=8A90 air=112
S t=0480017515 ours=2023 foreign=0 longframe=6 oddtype=0 crc_ok=2023 crc_err=217 addr=2240 end=2240 dropped=0  B3: 0A=1905 82=16 92=13 A2=11 B2=1 C2=10 D2=56 E2=1 F2=10
P n=2241 dr=0 q=0 t=0480203488 dt= +249691 OK m=5 rssi=-53 dn=14871 ty=0B tt=5 B3=0A pl=10C2004E14946200 crc=295C air=112
P n=2242 dr=0 q=0 t=0480453180 dt= +249692 OK m=5 rssi=-53 dn=14871 ty=0B tt=5 B3=0A pl=10C3004D75946100 crc=05DA air=112
P n=2243 dr=0 q=0 t=0480702871 dt= +249691 OK m=5 rssi=-53 dn=14871 ty=0B tt=5 B3=0A pl=10C4004ED7946200 crc=A001 air=112
P n=2244 dr=0 q=0 t=0480952562 dt= +249691 OK m=5 rssi=-53 dn=14871 ty=0B tt=5 B3=0A pl=10C5004D39956200 crc=E732 air=116
P n=2245 dr=0 q=0 t=0481202254 dt= +249692 OK m=5 rssi=-53 dn=14871 ty=0B tt=5 B3=0A pl=10C600529A956100 crc=7AEA air=112
P n=2246 dr=0 q=0 t=0481701637 dt= +499383 OK m=5 rssi=-55 dn=14871 ty=0B tt=5 B3=0A pl=10C8004E65966500 crc=1924 air=112
P n=2248 dr=0 q=0 t=0481951328 dt= +249691 OK m=5 rssi=-55 dn=14871 ty=0B tt=5 B3=0A pl=10C90051C6966100 crc=7D88 air=112
P n=2250 dr=0 q=0 t=0482201020 dt= +249692 OK m=5 rssi=-54 dn=14871 ty=0B tt=5 B3=0A pl=10CA004D28976200 crc=6EA8 air=112
P n=2251 dr=0 q=0 t=0482450711 dt= +249691 OK m=5 rssi=-55 dn=14871 ty=0B tt=5 B3=0A pl=10CB004F8B976300 crc=D0D1 air=112
P n=2252 dr=0 q=0 t=0482700402 dt= +249691 OK m=5 rssi=-54 dn=14871 ty=0B tt=5 B3=0A pl=10CC0051ED976200 crc=4F1D air=112
P n=2254 dr=0 q=0 t=0482950094 dt= +249692 OK m=5 rssi=-54 dn=14871 ty=0B tt=5 B3=0A pl=10CD004F50986300 crc=EBD9 air=112
P n=2255 dr=0 q=0 t=0483199785 dt= +249691 OK m=5 rssi=-54 dn=14871 ty=0B tt=5 B3=0A pl=10CE004DB1986100 crc=E3E4 air=112
P n=2256 dr=0 q=0 t=0483449477 dt= +249692 OK m=5 rssi=-55 dn=14871 ty=0B tt=5 B3=0A pl=10CF005313996200 crc=F50A air=112
P n=2257 dr=0 q=0 t=0483699168 dt= +249691 OK m=5 rssi=-55 dn=14871 ty=0B tt=5 B3=0A pl=10D0004D78996500 crc=5D30 air=112
P n=2258 dr=0 q=0 t=0483948859 dt= +249691 OK m=5 rssi=-55 dn=14871 ty=0B tt=5 B3=0A pl=10D10051DA996200 crc=F4A9 air=112
P n=2259 dr=0 q=0 t=0484198545 dt= +249686 OK m=5 rssi=-55 dn=14871 ty=0B tt=5 B3=0A pl=10D200523E9A6400 crc=7F14 air=118
P n=2260 dr=0 q=0 t=0484448242 dt= +249697 OK m=5 rssi=-55 dn=14871 ty=0B tt=5 B3=0A pl=10D300509F9A6100 crc=E0C1 air=112
P n=2261 dr=0 q=0 t=0484697934 dt= +249692 OK m=5 rssi=-55 dn=14871 ty=0B tt=5 B3=0A pl=10D4004D039B6400 crc=9DCD air=112
P n=2262 dr=0 q=0 t=0484947626 dt= +249692 OK m=5 rssi=-55 dn=14871 ty=0B tt=5 B3=0A pl=10D50053649B6100 crc=1954 air=112
P n=2263 dr=0 q=0 t=0485197316 dt= +249690 OK m=5 rssi=-55 dn=14871 ty=0B tt=5 B3=0A pl=10D60052CB9B6700 crc=FFB9 air=112
P n=2264 dr=0 q=0 t=0485447008 dt= +249692 OK m=5 rssi=-55 dn=14871 ty=0B tt=5 B3=0A pl=10D700522E9C6300 crc=3623 air=112
P n=2265 dr=0 q=0 t=0485696699 dt= +249691 OK m=5 rssi=-55 dn=14871 ty=0B tt=5 B3=0A pl=10D80053929C6400 crc=31EF air=112
P n=2266 dr=0 q=0 t=0485946391 dt= +249692 OK m=5 rssi=-55 dn=14871 ty=0B tt=5 B3=0A pl=10D90050F39C6100 crc=B7CF air=112
P n=2268 dr=0 q=0 t=0486196083 dt= +249692 OK m=5 rssi=-55 dn=14871 ty=0B tt=5 B3=0A pl=10DA004D569D6300 crc=4D0C air=112
P n=2269 dr=0 q=0 t=0486445774 dt= +249691 OK m=5 rssi=-55 dn=14871 ty=0B tt=5 B3=0A pl=10DB0050B99D6300 crc=8049 air=112
P n=2270 dr=0 q=0 t=0486695465 dt= +249691 OK m=5 rssi=-55 dn=14871 ty=0B tt=5 B3=0A pl=10DC0053209E6700 crc=D7A3 air=112
P n=2271 dr=0 q=0 t=0486945157 dt= +249692 OK m=5 rssi=-55 dn=14871 ty=0B tt=5 B3=0A pl=50FFFF01FF000100 crc=2C50 air=112
P n=2272 dr=0 q=0 t=0487194848 dt= +249691 OK m=5 rssi=-55 dn=14871 ty=0B tt=5 B3=0A pl=011201FFFFFFFFFF crc=52B2 air=112
P n=2273 dr=0 q=0 t=0487444540 dt= +249692 OK m=5 rssi=-55 dn=14871 ty=0B tt=5 B3=0A pl=51FF010153555400 crc=9BAC air=105
P n=2274 dr=0 q=0 t=0487694232 dt= +249692 OK m=5 rssi=-54 dn=14871 ty=0B tt=5 B3=0A pl=10DD0052829E6200 crc=3D78 air=112
P n=2275 dr=0 q=0 t=0487943922 dt= +249690 OK m=5 rssi=-55 dn=14871 ty=0B tt=5 B3=0A pl=10DE004FE69E6400 crc=F95F air=112
P n=2276 dr=0 q=0 t=0488193614 dt= +249692 OK m=5 rssi=-55 dn=14871 ty=0B tt=5 B3=0A pl=10DF0050489F6200 crc=F527 air=112
P n=2277 dr=0 q=0 t=0488443305 dt= +249691 OK m=5 rssi=-55 dn=14871 ty=0B tt=5 B3=0A pl=10E0004EAE9F6600 crc=8206 air=112
P n=2278 dr=0 q=0 t=0488692997 dt= +249692 OK m=5 rssi=-55 dn=14871 ty=0B tt=5 B3=0A pl=10E1004E0FA06100 crc=D6A6 air=112
P n=2279 dr=0 q=0 t=0488942689 dt= +249692 OK m=5 rssi=-55 dn=14871 ty=0B tt=5 B3=0A pl=10E2005270A06100 crc=17CE air=112
P n=2280 dr=0 q=0 t=0489192380 dt= +249691 OK m=5 rssi=-55 dn=14871 ty=0B tt=5 B3=0A pl=10E30052D3A06300 crc=B867 air=112
P n=2281 dr=0 q=0 t=0489442071 dt= +249691 OK m=5 rssi=-55 dn=14871 ty=0B tt=5 B3=0A pl=10E400513AA16700 crc=C398 air=112
P n=2282 dr=0 q=0 t=0489691762 dt= +249691 OK m=5 rssi=-55 dn=14871 ty=0B tt=5 B3=0A pl=10E5004D9CA16200 crc=C692 air=112
P n=2283 dr=0 q=0 t=0489941454 dt= +249692 OK m=5 rssi=-55 dn=14871 ty=0B tt=5 B3=0A pl=10E6005300A26400 crc=AFB9 air=112
P n=2284 dr=0 q=0 t=0490191146 dt= +249692 OK m=5 rssi=-56 dn=14871 ty=0B tt=5 B3=0A pl=10E7004F65A26500 crc=4E0F air=112
P n=2285 dr=0 q=0 t=0490440837 dt= +249691 OK m=5 rssi=-55 dn=14871 ty=0B tt=5 B3=0A pl=10E80053C7A26200 crc=D51E air=112
P n=2286 dr=0 q=0 t=0490690529 dt= +249692 OK m=5 rssi=-55 dn=14871 ty=0B tt=5 B3=0A pl=10E900502CA36500 crc=B7FF air=105
P n=2287 dr=0 q=0 t=0490940219 dt= +249690 OK m=5 rssi=-55 dn=14871 ty=0B tt=5 B3=0A pl=10EA004E92A36600 crc=A257 air=112
P n=2288 dr=0 q=0 t=0491189916 dt= +249697 OK m=5 rssi=-55 dn=14871 ty=0B tt=5 B3=0A pl=10EB0051F4A36200 crc=C91A air=107
P n=2289 dr=0 q=0 t=0491689294 dt= +499378 OK m=5 rssi=-55 dn=14871 ty=0B tt=5 B3=0A pl=10ED0050BFA46500 crc=AEEA air=112
P n=2290 dr=0 q=0 t=0491938986 dt= +249692 OK m=5 rssi=-55 dn=14871 ty=0B tt=5 B3=0A pl=10EE005123A56400 crc=5195 air=112
P n=2291 dr=0 q=0 t=0492188676 dt= +249690 OK m=5 rssi=-55 dn=14871 ty=0B tt=5 B3=0A pl=10EF004D8AA56700 crc=2AD7 air=112
P n=2292 dr=0 q=0 t=0492438368 dt= +249692 OK m=5 rssi=-55 dn=14871 ty=0B tt=5 B3=0A pl=10F00053ECA56200 crc=DD09 air=112
P n=2293 dr=0 q=0 t=0492688060 dt= +249692 OK m=5 rssi=-55 dn=14871 ty=0B tt=5 B3=0A pl=10F1004E51A66500 crc=48D8 air=112
P n=2294 dr=0 q=0 t=0492937751 dt= +249691 OK m=5 rssi=-55 dn=14871 ty=0B tt=5 B3=0A pl=10F2004FB6A66500 crc=EFCC air=112
P n=2295 dr=0 q=0 t=0493187443 dt= +249692 OK m=5 rssi=-55 dn=14871 ty=0B tt=5 B3=0A pl=10F3004E1AA76400 crc=5CB9 air=112
P n=2296 dr=0 q=0 t=0493437135 dt= +249692 OK m=5 rssi=-55 dn=14871 ty=0B tt=5 B3=0A pl=10F4005380A76600 crc=A88B air=112
P n=2297 dr=0 q=0 t=0493686825 dt= +249690 OK m=5 rssi=-55 dn=14871 ty=0B tt=5 B3=0A pl=10F5004DE7A76700 crc=E0D6 air=112
P n=2299 dr=0 q=0 t=0493936517 dt= +249692 OK m=5 rssi=-55 dn=14871 ty=0B tt=5 B3=0A pl=10F6005148A86100 crc=0F2A air=111
P n=2300 dr=0 q=0 t=0494186208 dt= +249691 OK m=5 rssi=-55 dn=14871 ty=0B tt=5 B3=0A pl=10F7004DABA86300 crc=416E air=112
P n=2301 dr=0 q=0 t=0494435900 dt= +249692 OK m=5 rssi=-55 dn=14871 ty=0B tt=5 B3=0A pl=10F8004F0DA96200 crc=46EA air=112
P n=2303 dr=0 q=0 t=0494685592 dt= +249692 OK m=5 rssi=-55 dn=14871 ty=0B tt=5 B3=0A pl=10F9004F6EA96100 crc=69D6 air=112
P n=2304 dr=0 q=0 t=0494935283 dt= +249691 OK m=5 rssi=-55 dn=14871 ty=0B tt=5 B3=0A pl=10FA004ED2A96400 crc=5A13 air=112
S t=0495017244 ours=2081 foreign=0 longframe=6 oddtype=0 crc_ok=2081 crc_err=223 addr=2304 end=2304 dropped=0  B3: 0A=1963 82=16 92=13 A2=11 B2=1 C2=10 D2=56 E2=1 F2=10
P n=2305 dr=0 q=0 t=0495184974 dt= +249691 OK m=5 rssi=-55 dn=14871 ty=0B tt=5 B3=0A pl=10FB005236AA6400 crc=7A48 air=112
P n=2306 dr=0 q=0 t=0495434665 dt= +249691 OK m=5 rssi=-55 dn=14871 ty=0B tt=5 B3=0A pl=10FC00529DAA6700 crc=C236 air=112
P n=2307 dr=0 q=0 t=0495684357 dt= +249692 OK m=5 rssi=-55 dn=14871 ty=0B tt=5 B3=0A pl=10FD005100AB6300 crc=9068 air=112
P n=2308 dr=0 q=0 t=0495934049 dt= +249692 OK m=5 rssi=-55 dn=14871 ty=0B tt=5 B3=0A pl=10FE004D64AB6400 crc=CD2F air=112
P n=2309 dr=0 q=0 t=0496183740 dt= +249691 OK m=5 rssi=-54 dn=14871 ty=0B tt=5 B3=0A pl=10FF0051CAAB6600 crc=D471 air=112
P n=2310 dr=0 q=0 t=0496433431 dt= +249691 OK m=5 rssi=-55 dn=14871 ty=0B tt=5 B3=0A pl=1000004D30AC6600 crc=8C07 air=112
P n=2311 dr=0 q=0 t=0496683122 dt= +249691 OK m=5 rssi=-55 dn=14871 ty=0B tt=5 B3=0A pl=1001004D94AC6400 crc=7283 air=112
P n=2312 dr=0 q=0 t=0496932814 dt= +249692 OK m=5 rssi=-55 dn=14871 ty=0B tt=5 B3=0A pl=1002004FFAAC6600 crc=7368 air=112
P n=2313 dr=0 q=0 t=0497182506 dt= +249692 OK m=5 rssi=-55 dn=14871 ty=0B tt=5 B3=0A pl=100300535BAD6100 crc=761D air=112
P n=2314 dr=0 q=0 t=0497432197 dt= +249691 OK m=5 rssi=-54 dn=14871 ty=0B tt=5 B3=0A pl=10040050C0AD6500 crc=95CF air=112
P n=2315 dr=0 q=0 t=0497681889 dt= +249692 OK m=5 rssi=-56 dn=14871 ty=0B tt=5 B3=0A pl=1005004D24AE6400 crc=2CF4 air=112
P n=2316 dr=0 q=0 t=0497931579 dt= +249690 OK m=5 rssi=-55 dn=14871 ty=0B tt=5 B3=0A pl=1006004D86AE6200 crc=59CE air=112
P n=2317 dr=0 q=0 t=0498181271 dt= +249692 OK m=5 rssi=-55 dn=14871 ty=0B tt=5 B3=0A pl=10070053EBAE6500 crc=D39E air=112
P n=2318 dr=0 q=0 t=0498430963 dt= +249692 OK m=5 rssi=-56 dn=14871 ty=0B tt=5 B3=0A pl=1008005051AF6600 crc=4CBC air=112
P n=2319 dr=0 q=0 t=0498680654 dt= +249691 OK m=5 rssi=-55 dn=14871 ty=0B tt=5 B3=0A pl=1009004EB3AF6200 crc=9A69 air=112
P n=2320 dr=0 q=0 t=0498930346 dt= +249692 OK m=5 rssi=-55 dn=14871 ty=0B tt=5 B3=0A pl=100A004E18B06500 crc=4047 air=112
P n=2322 dr=0 q=0 t=0499180037 dt= +249691 OK m=5 rssi=-55 dn=14871 ty=0B tt=5 B3=0A pl=100B00527AB06200 crc=5A7A air=112
P n=2323 dr=0 q=0 t=0499429728 dt= +249691 OK m=5 rssi=-56 dn=14871 ty=0B tt=5 B3=0A pl=100C004DE0B06600 crc=406D air=112
P n=2324 dr=0 q=0 t=0499679420 dt= +249692 OK m=5 rssi=-56 dn=14871 ty=0B tt=5 B3=0A pl=100D005245B16500 crc=ADFF air=112
P n=2325 dr=0 q=0 t=0499929111 dt= +249691 OK m=5 rssi=-55 dn=14871 ty=0B tt=5 B3=0A pl=100E004DA8B16300 crc=0314 air=112
P n=2326 dr=0 q=0 t=0500178803 dt= +249692 OK m=5 rssi=-55 dn=14871 ty=0B tt=5 B3=0A pl=100F00500BB26300 crc=B6AF air=112
P n=2327 dr=0 q=0 t=0500428494 dt= +249691 OK m=5 rssi=-55 dn=14871 ty=0B tt=5 B3=0A pl=101000516FB26400 crc=ABD8 air=111
P n=2328 dr=0 q=0 t=0500678185 dt= +249691 OK m=5 rssi=-55 dn=14871 ty=0B tt=5 B3=0A pl=10110052D5B26600 crc=0273 air=112
P n=2329 dr=0 q=0 t=0500927877 dt= +249692 OK m=5 rssi=-55 dn=14871 ty=0B tt=5 B3=0A pl=101200503AB36500 crc=AC15 air=112
P n=2330 dr=0 q=0 t=0501177568 dt= +249691 OK m=5 rssi=-55 dn=14871 ty=0B tt=5 B3=0A pl=1013004D9FB36500 crc=6767 air=112
P n=2331 dr=0 q=0 t=0501427260 dt= +249692 OK m=5 rssi=-55 dn=14871 ty=0B tt=5 B3=0A pl=1014004F00B46100 crc=6185 air=112
P n=2332 dr=0 q=0 t=0501676951 dt= +249691 OK m=5 rssi=-55 dn=14871 ty=0B tt=5 B3=0A pl=1015004F63B46300 crc=7D88 air=112
P n=2333 dr=0 q=0 t=0501926643 dt= +249692 OK m=5 rssi=-55 dn=14871 ty=0B tt=5 B3=0A pl=10160053C6B46300 crc=7C48 air=112
P n=2334 dr=0 q=0 t=0502426025 dt= +499382 OK m=5 rssi=-55 dn=14871 ty=0B tt=5 B3=0A pl=101800538DB56300 crc=0973 air=112
P n=2335 dr=0 q=0 t=0502675717 dt= +249692 OK m=5 rssi=-55 dn=14871 ty=0B tt=5 B3=0A pl=1019004FEEB56100 crc=9A0F air=112
P n=2336 dr=0 q=0 t=0502925409 dt= +249692 OK m=5 rssi=-55 dn=14871 ty=0B tt=5 B3=0A pl=101A005054B66600 crc=7A93 air=112
P n=2338 dr=0 q=0 t=0503175100 dt= +249691 OK m=5 rssi=-56 dn=14871 ty=0B tt=5 B3=0A pl=101B004FB8B66400 crc=0EEB air=112
P n=2339 dr=0 q=0 t=0503424792 dt= +249692 OK m=5 rssi=-55 dn=14871 ty=0B tt=5 B3=0A pl=101C00501FB76700 crc=AF34 air=112
P n=2340 dr=0 q=0 t=0503674475 dt= +249683 OK m=5 rssi=-55 dn=14871 ty=0B tt=5 B3=0A pl=101D005383B76400 crc=2579 air=120
P n=2341 dr=0 q=0 t=0503924174 dt= +249699 OK m=5 rssi=-55 dn=14871 ty=0B tt=5 B3=0A pl=101E004EE9B76600 crc=8FC0 air=112
P n=2342 dr=0 q=0 t=0504173866 dt= +249692 OK m=5 rssi=-55 dn=14871 ty=0B tt=5 B3=0A pl=101F005050B86700 crc=E1F5 air=112
P n=2343 dr=0 q=0 t=0504423557 dt= +249691 OK m=5 rssi=-55 dn=14871 ty=0B tt=5 B3=0A pl=10200052B2B86200 crc=E065 air=112
P n=2344 dr=0 q=0 t=0504673249 dt= +249692 OK m=5 rssi=-55 dn=14871 ty=0B tt=5 B3=0A pl=1021004D17B96500 crc=C133 air=112
P n=2345 dr=0 q=0 t=0504922940 dt= +249691 OK m=5 rssi=-55 dn=14871 ty=0B tt=5 B3=0A pl=1022005178B96100 crc=D738 air=112
P n=2347 dr=0 q=0 t=0505172631 dt= +249691 OK m=5 rssi=-55 dn=14871 ty=0B tt=5 B3=0A pl=1023004DDCB96400 crc=3F5A air=112
P n=2348 dr=0 q=0 t=0505422323 dt= +249692 OK m=5 rssi=-55 dn=14871 ty=0B tt=5 B3=0A pl=1024004F41BA6500 crc=F7E5 air=112
P n=2349 dr=0 q=0 t=0505672014 dt= +249691 OK m=5 rssi=-55 dn=14871 ty=0B tt=5 B3=0A pl=10250052A4BA6300 crc=F8AD air=112
P n=2352 dr=0 q=0 t=0506171397 dt= +499383 OK m=5 rssi=-55 dn=14871 ty=0B tt=5 B3=0A pl=1027004E68BB6100 crc=BAFB air=112
P n=2353 dr=0 q=0 t=0506421088 dt= +249691 OK m=5 rssi=-55 dn=14871 ty=0B tt=5 B3=0A pl=1028004DCBBB6300 crc=C908 air=114
P n=2354 dr=0 q=0 t=0506670780 dt= +249692 OK m=5 rssi=-55 dn=14871 ty=0B tt=5 B3=0A pl=102900532DBC6200 crc=AF49 air=112
P n=2355 dr=0 q=0 t=0506920478 dt= +249698 OK m=5 rssi=-55 dn=14871 ty=0B tt=5 B3=0A pl=102A004D93BC6600 crc=2376 air=105
P n=2356 dr=0 q=0 t=0507170163 dt= +249685 OK m=5 rssi=-55 dn=14871 ty=0B tt=5 B3=0A pl=102B004EF9BC6600 crc=44BC air=112
P n=2357 dr=0 q=0 t=0507419854 dt= +249691 OK m=5 rssi=-55 dn=14871 ty=0B tt=5 B3=0A pl=102C00505DBD6400 crc=E7DF air=112
P n=2358 dr=0 q=0 t=0507669546 dt= +249692 OK m=5 rssi=-55 dn=14871 ty=0B tt=5 B3=0A pl=102D004DC2BD6500 crc=5BDE air=112
P n=2359 dr=0 q=0 t=0507919237 dt= +249691 OK m=5 rssi=-55 dn=14871 ty=0B tt=5 B3=0A pl=102E004D28BE6600 crc=631E air=112
P n=2360 dr=0 q=0 t=0508168928 dt= +249691 OK m=5 rssi=-55 dn=14871 ty=0B tt=5 B3=0A pl=102F004F8CBE6400 crc=D919 air=112
P n=2361 dr=0 q=0 t=0508418620 dt= +249692 OK m=5 rssi=-56 dn=14871 ty=0B tt=5 B3=0A pl=1030004EEFBE6300 crc=9543 air=112
P n=2362 dr=0 q=0 t=0508668312 dt= +249692 OK m=5 rssi=-60 dn=14871 ty=0B tt=5 B3=0A pl=1031005356BF6700 crc=F150 air=112
P n=2363 dr=0 q=0 t=0508918003 dt= +249691 OK m=5 rssi=-64 dn=14871 ty=0B tt=5 B3=0A pl=10320050BDBF6700 crc=5DF5 air=112
P n=2364 dr=0 q=0 t=0509167695 dt= +249692 OK m=5 rssi=-67 dn=14871 ty=0B tt=5 B3=0A pl=1033005321C06400 crc=2381 air=112
P n=2365 dr=0 q=0 t=0509417385 dt= +249690 OK m=5 rssi=-67 dn=14871 ty=0B tt=5 B3=0A pl=1034004D82C06100 crc=7F68 air=112
P n=2367 dr=0 q=0 t=0509667077 dt= +249692 OK m=5 rssi=-66 dn=14871 ty=0B tt=5 B3=0A pl=10350053E9C06700 crc=E190 air=112
P n=2368 dr=0 q=0 t=0509916769 dt= +249692 OK m=5 rssi=-68 dn=14871 ty=0B tt=5 B3=0A pl=1036004D4BC16200 crc=3D3B air=112
S t=0510016973 ours=2139 foreign=0 longframe=6 oddtype=0 crc_ok=2139 crc_err=229 addr=2368 end=2368 dropped=0  B3: 0A=2021 82=16 92=13 A2=11 B2=1 C2=10 D2=56 E2=1 F2=10
P n=2370 dr=0 q=0 t=0510166463 dt= +249694 OK m=5 rssi=-66 dn=14871 ty=0B tt=5 B3=0A pl=1037004DAEC16300 crc=8EC4 air=109
P n=2371 dr=0 q=0 t=0510416152 dt= +249689 OK m=5 rssi=-68 dn=14871 ty=0B tt=5 B3=0A pl=1038005015C26700 crc=5B57 air=112
P n=2372 dr=0 q=0 t=0510665842 dt= +249690 OK m=5 rssi=-63 dn=14871 ty=0B tt=5 B3=0A pl=1039004F78C26300 crc=2E05 air=112
P n=2373 dr=0 q=0 t=0510915534 dt= +249692 OK m=5 rssi=-56 dn=14871 ty=0B tt=5 B3=0A pl=103A004DD9C26100 crc=48A4 air=112
P n=2374 dr=0 q=0 t=0511165226 dt= +249692 OK m=5 rssi=-56 dn=14871 ty=0B tt=5 B3=0A pl=103B005140C36700 crc=D7CA air=112
P n=2375 dr=0 q=0 t=0511414917 dt= +249691 OK m=5 rssi=-56 dn=14871 ty=0B tt=5 B3=0A pl=103C004FA4C36400 crc=1E34 air=112
P n=2376 dr=0 q=0 t=0511664609 dt= +249692 OK m=5 rssi=-56 dn=14871 ty=0B tt=5 B3=0A pl=103D00510AC46600 crc=C679 air=112
P n=2378 dr=0 q=0 t=0511914300 dt= +249691 OK m=5 rssi=-56 dn=14871 ty=0B tt=5 B3=0A pl=103E00506DC46300 crc=43A0 air=112
P n=2379 dr=0 q=0 t=0512163991 dt= +249691 OK m=5 rssi=-56 dn=14871 ty=0B tt=5 B3=0A pl=103F0051D4C46700 crc=9FF2 air=112
P n=2380 dr=0 q=0 t=0512413683 dt= +249692 OK m=5 rssi=-56 dn=14871 ty=0B tt=5 B3=0A pl=104000513AC56600 crc=B3CB air=112
P n=2381 dr=0 q=0 t=0512913066 dt= +499383 OK m=5 rssi=-56 dn=14871 ty=0B tt=5 B3=0A pl=1042004E00C66400 crc=C9FB air=105
P n=2382 dr=0 q=0 t=0513162757 dt= +249691 OK m=5 rssi=-55 dn=14871 ty=0B tt=5 B3=0A pl=1043004D67C66700 crc=C2E4 air=112
P n=2384 dr=0 q=0 t=0513412449 dt= +249692 OK m=5 rssi=-55 dn=14871 ty=0B tt=5 B3=0A pl=10440053C9C66200 crc=A78B air=112
P n=2385 dr=0 q=0 t=0513662140 dt= +249691 OK m=5 rssi=-56 dn=14871 ty=0B tt=5 B3=0A pl=1045004F2AC76100 crc=EDCE air=112
P n=2386 dr=0 q=0 t=0514161523 dt= +499383 OK m=5 rssi=-55 dn=14871 ty=0B tt=5 B3=0A pl=1047004EF7C76600 crc=2F6E air=112
P n=2387 dr=0 q=0 t=0514411214 dt= +249691 OK m=5 rssi=-55 dn=14871 ty=0B tt=5 B3=0A pl=1048005058C86100 crc=E54B air=112
P n=2388 dr=0 q=0 t=0514660906 dt= +249692 OK m=5 rssi=-56 dn=14871 ty=0B tt=5 B3=0A pl=10490050BFC86700 crc=224B air=112
P n=2389 dr=0 q=0 t=0514910597 dt= +249691 OK m=5 rssi=-55 dn=14871 ty=0B tt=5 B3=0A pl=104A004F21C96200 crc=376A air=112
P n=2390 dr=0 q=0 t=0515160288 dt= +249691 OK m=5 rssi=-55 dn=14871 ty=0B tt=5 B3=0A pl=104B004E84C96300 crc=4058 air=112
P n=2391 dr=0 q=0 t=0515409980 dt= +249692 OK m=5 rssi=-55 dn=14871 ty=0B tt=5 B3=0A pl=104C004EEBC96700 crc=18E4 air=112
P n=2392 dr=0 q=0 t=0515659671 dt= +249691 OK m=5 rssi=-55 dn=14871 ty=0B tt=5 B3=0A pl=104D005251CA6600 crc=DCEF air=112
P n=2393 dr=0 q=0 t=0515909363 dt= +249692 OK m=5 rssi=-55 dn=14871 ty=0B tt=5 B3=0A pl=104E004DB5CA6400 crc=4DB7 air=112
P n=2394 dr=0 q=0 t=0516159054 dt= +249691 OK m=5 rssi=-55 dn=14871 ty=0B tt=5 B3=0A pl=104F004D18CB6300 crc=8881 air=113
P n=2395 dr=0 q=0 t=0516408745 dt= +249691 OK m=5 rssi=-60 dn=14871 ty=0B tt=5 B3=0A pl=105000507CCB6400 crc=1A87 air=112
P n=2396 dr=0 q=0 t=0516658437 dt= +249692 OK m=5 rssi=-68 dn=14871 ty=0B tt=5 B3=0A pl=1051004EDFCB6300 crc=8129 air=112
P n=2397 dr=0 q=0 t=0516908129 dt= +249692 OK m=5 rssi=-62 dn=14871 ty=0B tt=5 B3=0A pl=1052005142CC6300 crc=4281 air=112
P n=2398 dr=0 q=0 t=0517407512 dt= +499383 OK m=5 rssi=-63 dn=14871 ty=0B tt=5 B3=0A pl=50FFFF01FF000100 crc=2C50 air=112
P n=2399 dr=0 q=0 t=0518156586 dt= +749074 OK m=5 rssi=-64 dn=14871 ty=0B tt=5 B3=0A pl=1054004E0ACD6200 crc=6D59 air=112
P n=2400 dr=0 q=0 t=0518406277 dt= +249691 OK m=5 rssi=-64 dn=14871 ty=0B tt=5 B3=0A pl=1055005271CD6700 crc=F9D6 air=118
P n=2401 dr=0 q=0 t=0518655969 dt= +249692 OK m=5 rssi=-64 dn=14871 ty=0B tt=5 B3=0A pl=10560050D2CD6100 crc=BEDB air=112
P n=2402 dr=0 q=0 t=0518905660 dt= +249691 OK m=5 rssi=-65 dn=14871 ty=0B tt=5 B3=0A pl=1057004F33CE6100 crc=CC17 air=112
P n=2403 dr=0 q=0 t=0519155351 dt= +249691 OK m=5 rssi=-64 dn=14871 ty=0B tt=5 B3=0A pl=1058005095CE6200 crc=BFE1 air=112
P n=2404 dr=0 q=0 t=0519405042 dt= +249691 OK m=5 rssi=-60 dn=14871 ty=0B tt=5 B3=0A pl=1059004DFBCE6600 crc=15EC air=112
P n=2405 dr=0 q=0 t=0519654734 dt= +249692 OK m=5 rssi=-55 dn=14871 ty=0B tt=5 B3=0A pl=105A005162CF6700 crc=73F6 air=112
P n=2406 dr=0 q=0 t=0519904426 dt= +249692 OK m=5 rssi=-57 dn=14871 ty=0B tt=5 B3=0A pl=105B004FC5CF6300 crc=77FA air=112
P n=2407 dr=0 q=0 t=0520154117 dt= +249691 OK m=5 rssi=-55 dn=14871 ty=0B tt=5 B3=0A pl=105C005227D06200 crc=7E7F air=112
P n=2408 dr=0 q=0 t=0520403809 dt= +249692 OK m=5 rssi=-55 dn=14871 ty=0B tt=5 B3=0A pl=105D004D8ED06700 crc=4149 air=112
P n=2409 dr=0 q=0 t=0520653500 dt= +249691 OK m=5 rssi=-54 dn=14871 ty=0B tt=5 B3=0A pl=105E0051F4D06600 crc=0F55 air=112
P n=2410 dr=0 q=0 t=0520903191 dt= +249691 OK m=5 rssi=-54 dn=14871 ty=0B tt=5 B3=0A pl=105F005055D16100 crc=2F00 air=112
P n=2411 dr=0 q=0 t=0521152883 dt= +249692 OK m=5 rssi=-54 dn=14871 ty=0B tt=5 B3=0A pl=1060004FB7D16200 crc=A116 air=112
P n=2412 dr=0 q=0 t=0521402574 dt= +249691 OK m=5 rssi=-55 dn=14871 ty=0B tt=5 B3=0A pl=106100501AD26300 crc=C145 air=112
P n=2413 dr=0 q=0 t=0521652266 dt= +249692 OK m=5 rssi=-55 dn=14871 ty=0B tt=5 B3=0A pl=1062004D80D26600 crc=6D26 air=105
P n=2414 dr=0 q=0 t=0521901958 dt= +249692 OK m=5 rssi=-54 dn=14871 ty=0B tt=5 B3=0A pl=1063004DE7D26700 crc=EE89 air=112
P n=2415 dr=0 q=0 t=0522151649 dt= +249691 OK m=5 rssi=-55 dn=14871 ty=0B tt=5 B3=0A pl=1064005249D36200 crc=1687 air=111
P n=2416 dr=0 q=0 t=0522401340 dt= +249691 OK m=5 rssi=-55 dn=14871 ty=0B tt=5 B3=0A pl=1065004EAAD36100 crc=6BF2 air=112
P n=2417 dr=0 q=0 t=0522651031 dt= +249691 OK m=5 rssi=-54 dn=14871 ty=0B tt=5 B3=0A pl=106600510CD46200 crc=CFFF air=112
P n=2419 dr=0 q=0 t=0522900723 dt= +249692 OK m=5 rssi=-57 dn=14871 ty=0B tt=5 B3=0A pl=1067004F6FD46300 crc=4D53 air=112
P n=2420 dr=0 q=0 t=0523150415 dt= +249692 OK m=5 rssi=-55 dn=14871 ty=0B tt=5 B3=0A pl=10680050D5D46600 crc=C096 air=112
P n=2421 dr=0 q=0 t=0523400106 dt= +249691 OK m=5 rssi=-55 dn=14871 ty=0B tt=5 B3=0A pl=1069004F39D56400 crc=83DE air=112
P n=2422 dr=0 q=0 t=0523649797 dt= +249691 OK m=5 rssi=-55 dn=14871 ty=0B tt=5 B3=0A pl=106A0051A0D56700 crc=F015 air=112
P n=2423 dr=0 q=0 t=0523899488 dt= +249691 OK m=5 rssi=-55 dn=14871 ty=0B tt=5 B3=0A pl=106B005201D66100 crc=C992 air=112
P n=2425 dr=0 q=0 t=0524149180 dt= +249692 OK m=5 rssi=-55 dn=14871 ty=0B tt=5 B3=0A pl=106C005367D66600 crc=9D5B air=112
P n=2426 dr=0 q=0 t=0524398872 dt= +249692 OK m=5 rssi=-55 dn=14871 ty=0B tt=5 B3=0A pl=106D0053CBD66400 crc=E61C air=112
P n=2427 dr=0 q=0 t=0524648563 dt= +249691 OK m=5 rssi=-55 dn=14871 ty=0B tt=5 B3=0A pl=106E00502FD76400 crc=A967 air=112
P n=2429 dr=0 q=0 t=0524898254 dt= +249691 OK m=5 rssi=-55 dn=14871 ty=0B tt=5 B3=0A pl=106F005292D76300 crc=0445 air=112
S t=0525016428 ours=2194 foreign=0 longframe=6 oddtype=0 crc_ok=2194 crc_err=235 addr=2429 end=2429 dropped=0  B3: 0A=2076 82=16 92=13 A2=11 B2=1 C2=10 D2=56 E2=1 F2=10
P n=2430 dr=0 q=0 t=0525147945 dt= +249691 OK m=5 rssi=-55 dn=14871 ty=0B tt=5 B3=0A pl=1070004DF9D76700 crc=537D air=112
P n=2431 dr=0 q=0 t=0525397635 dt= +249690 OK m=5 rssi=-55 dn=14871 ty=0B tt=5 B3=0A pl=107100515DD86400 crc=3D88 air=114
P n=2432 dr=0 q=0 t=0525647329 dt= +249694 OK m=5 rssi=-55 dn=14871 ty=0B tt=5 B3=0A pl=1072004FC1D86400 crc=A755 air=112
P n=2433 dr=0 q=0 t=0525897020 dt= +249691 OK m=5 rssi=-55 dn=14871 ty=0B tt=5 B3=0A pl=1073005124D96300 crc=42CE air=112
P n=2434 dr=0 q=0 t=0526146712 dt= +249692 OK m=5 rssi=-55 dn=14871 ty=0B tt=5 B3=0A pl=1074005387D96300 crc=6EA3 air=112
P n=2435 dr=0 q=0 t=0526396402 dt= +249690 OK m=5 rssi=-55 dn=14871 ty=0B tt=5 B3=0A pl=1075004FEDD96600 crc=973F air=112
P n=2436 dr=0 q=0 t=0526646094 dt= +249692 OK m=5 rssi=-56 dn=14871 ty=0B tt=5 B3=0A pl=1076004E52DA6500 crc=CCD0 air=112
P n=2437 dr=0 q=0 t=0526895786 dt= +249692 OK m=5 rssi=-55 dn=14871 ty=0B tt=5 B3=0A pl=1077004DB9DA6700 crc=66F4 air=112
P n=2438 dr=0 q=0 t=0527145477 dt= +249691 OK m=5 rssi=-55 dn=14871 ty=0B tt=5 B3=0A pl=1078004D1EDB6500 crc=0614 air=112
P n=2439 dr=0 q=0 t=0527395169 dt= +249692 OK m=5 rssi=-56 dn=14871 ty=0B tt=5 B3=0A pl=1079005080DB6200 crc=6607 air=112
P n=2440 dr=0 q=0 t=0527644860 dt= +249691 OK m=5 rssi=-55 dn=14871 ty=0B tt=5 B3=0A pl=107A0050E1DB6100 crc=C4B0 air=112
P n=2441 dr=0 q=0 t=0527894551 dt= +249691 OK m=5 rssi=-55 dn=14871 ty=0B tt=5 B3=0A pl=107B004E45DC6400 crc=EDC1 air=112
P n=2442 dr=0 q=0 t=0528144243 dt= +249692 OK m=5 rssi=-55 dn=14871 ty=0B tt=5 B3=0A pl=107C0052ACDC6700 crc=593A air=104
P n=2443 dr=0 q=0 t=0528393934 dt= +249691 ER m=5 rssi=-55 dn=14871 ty=0B tt=5 B3=0C pl=107D004E0DDD6100 crc=6F7E air=112
P n=2445 dr=0 q=0 t=0528643645 dt= +249711 OK m=5 rssi=-55 dn=14871 ty=0B tt=5 B3=0A pl=107E004F6EDD6100 crc=DFA3 air=93
P n=2446 dr=0 q=0 t=0528893317 dt= +249672 OK m=5 rssi=-55 dn=14871 ty=0B tt=5 B3=0A pl=107F004ED5DD6700 crc=88FB air=112
P n=2447 dr=0 q=0 t=0529143008 dt= +249691 OK m=5 rssi=-55 dn=14871 ty=0B tt=5 B3=0A pl=1080005238DE6300 crc=8A03 air=112
P n=2448 dr=0 q=0 t=0529392700 dt= +249692 OK m=5 rssi=-55 dn=14871 ty=0B tt=5 B3=0A pl=108100529FDE6700 crc=45FD air=112
P n=2449 dr=0 q=0 t=0529642391 dt= +249691 OK m=5 rssi=-55 dn=14871 ty=0B tt=5 B3=0A pl=1082004E06DF6700 crc=10D6 air=112
P n=2450 dr=0 q=0 t=0529892083 dt= +249692 OK m=5 rssi=-53 dn=14871 ty=0B tt=5 B3=0A pl=1083004E67DF6100 crc=2D77 air=112
P n=2451 dr=0 q=0 t=0530141774 dt= +249691 OK m=5 rssi=-56 dn=14871 ty=0B tt=5 B3=0A pl=1084004ECBDF6400 crc=6E82 air=112
