# Spike B part 2, run B - independent repeat of run A, plus advanced burst.
# Rig and driver identical to run A; separate invocation, separate capture.
# Host command:
#   spike_b_drive.py --role slave --serial 6183 --acks 2 --ack-gap 2
#                    --burst-plan 1,2,3,9,17 --tail-secs 5 --adv-burst
# Outcome: run A reproduced exactly. The advanced-burst half enabled 24-byte
#   blocks over the serial link and they were accepted, but each 24-byte block
#   reached the air as THREE 8-byte packets (payload markers C0.., 3F08, 3F10),
#   so the on-air payload length still never moved off 8.
#
P n=3137 dr=0 q=0 t=0682703243 dt= +249691 OK m=5 rssi=-42 dn=14871 ty=0B tt=5 B3=0A pl=10D8004EA5C86300 crc=7292 air=112
P n=3138 dr=0 q=0 t=0682952934 dt= +249691 OK m=5 rssi=-42 dn=14871 ty=0B tt=5 B3=0A pl=10D900510CC96700 crc=49A5 air=112
P n=3139 dr=0 q=0 t=0683202626 dt= +249692 OK m=5 rssi=-42 dn=14871 ty=0B tt=5 B3=0A pl=10DA005172C96600 crc=4239 air=112
P n=3140 dr=0 q=0 t=0683452318 dt= +249692 OK m=5 rssi=-42 dn=14871 ty=0B tt=5 B3=0A pl=10DB004DD5C96300 crc=3187 air=112
P n=3141 dr=0 q=0 t=0683702009 dt= +249691 OK m=5 rssi=-42 dn=14871 ty=0B tt=5 B3=0A pl=10DC00513CCA6700 crc=45BB air=112
P n=3142 dr=0 q=0 t=0683951700 dt= +249691 OK m=5 rssi=-42 dn=14871 ty=0B tt=5 B3=0A pl=10DD004DA0CA6400 crc=AE55 air=112
P n=3143 dr=0 q=0 t=0684201391 dt= +249691 OK m=5 rssi=-42 dn=14871 ty=0B tt=5 B3=0A pl=10DE004D01CB6100 crc=22D0 air=107
P n=3144 dr=0 q=0 t=0684451083 dt= +249692 OK m=5 rssi=-42 dn=14871 ty=0B tt=5 B3=0A pl=10DF005162CB6100 crc=D7CE air=112
P n=3146 dr=0 q=0 t=0684700781 dt= +249698 OK m=5 rssi=-42 dn=14871 ty=0B tt=5 B3=0A pl=10E0004EC7CB6500 crc=FFFE air=106
P n=3147 dr=0 q=0 t=0684950466 dt= +249685 OK m=5 rssi=-42 dn=14871 ty=0B tt=5 B3=0A pl=10E1005128CC6100 crc=3F6C air=112
P n=3148 dr=0 q=0 t=0685200158 dt= +249692 OK m=5 rssi=-42 dn=14871 ty=0B tt=5 B3=0A pl=10E2004D8ECC6600 crc=3CE7 air=112
P n=3149 dr=0 q=0 t=0685449849 dt= +249691 OK m=5 rssi=-42 dn=14871 ty=0B tt=5 B3=0A pl=10E30052F5CC6700 crc=8A7E air=112
P n=3151 dr=0 q=0 t=0685699540 dt= +249691 OK m=5 rssi=-42 dn=14871 ty=0B tt=5 B3=0A pl=10E4004D56CD6100 crc=1EA5 air=112
P n=3152 dr=0 q=0 t=0685949232 dt= +249692 OK m=5 rssi=-42 dn=14871 ty=0B tt=5 B3=0A pl=10E5004EBACD6400 crc=7C3B air=112
P n=3153 dr=0 q=0 t=0686198923 dt= +249691 OK m=5 rssi=-42 dn=14871 ty=0B tt=5 B3=0A pl=10E600531BCE6100 crc=BBFE air=112
P n=3154 dr=0 q=0 t=0686448615 dt= +249692 OK m=5 rssi=-42 dn=14871 ty=0B tt=5 B3=0A pl=10E7004D81CE6600 crc=FFCE air=112
P n=3155 dr=0 q=0 t=0686698307 dt= +249692 OK m=5 rssi=-43 dn=14871 ty=0B tt=5 B3=0A pl=10E80050E6CE6500 crc=0DAB air=112
P n=3156 dr=0 q=0 t=0686947997 dt= +249690 OK m=5 rssi=-42 dn=14871 ty=0B tt=5 B3=0A pl=10E900534BCF6500 crc=BFD8 air=112
P n=3157 dr=0 q=0 t=0687197689 dt= +249692 OK m=5 rssi=-42 dn=14871 ty=0B tt=5 B3=0A pl=10EA0052B0CF6500 crc=4C59 air=112
P n=3158 dr=0 q=0 t=0687447381 dt= +249692 OK m=5 rssi=-42 dn=14871 ty=0B tt=5 B3=0A pl=10EB005117D06700 crc=A881 air=112
P n=3159 dr=0 q=0 t=0687697072 dt= +249691 OK m=5 rssi=-43 dn=14871 ty=0B tt=5 B3=0A pl=10EC004E7DD06600 crc=D22E air=112
P n=3160 dr=0 q=0 t=0687946756 dt= +249684 OK m=5 rssi=-42 dn=14871 ty=0B tt=5 B3=0A pl=10ED0053E2D06500 crc=084D air=120
P n=3161 dr=0 q=0 t=0688196454 dt= +249698 OK m=5 rssi=-43 dn=14871 ty=0B tt=5 B3=0A pl=10EE004E46D16400 crc=D169 air=112
P n=3162 dr=0 q=0 t=0688446146 dt= +249692 OK m=5 rssi=-42 dn=14871 ty=0B tt=5 B3=0A pl=10EF004FADD16700 crc=0CFF air=112
P n=3163 dr=0 q=0 t=0688695838 dt= +249692 OK m=5 rssi=-42 dn=14871 ty=0B tt=5 B3=0A pl=10F0004E0ED26100 crc=9960 air=112
P n=3164 dr=0 q=0 t=0688945529 dt= +249691 OK m=5 rssi=-42 dn=14871 ty=0B tt=5 B3=0A pl=10F1005375D26700 crc=F2ED air=112
P n=3165 dr=0 q=0 t=0689195221 dt= +249692 OK m=5 rssi=-42 dn=14871 ty=0B tt=5 B3=0A pl=10F2004FDAD26500 crc=FDE4 air=112
P n=3166 dr=0 q=0 t=0689444913 dt= +249692 OK m=5 rssi=-42 dn=14871 ty=0B tt=5 B3=0A pl=10F300523DD36300 crc=28F4 air=112
P n=3167 dr=0 q=0 t=0689694603 dt= +249690 OK m=5 rssi=-42 dn=14871 ty=0B tt=5 B3=0A pl=10F40050A4D36700 crc=8C1F air=112
P n=3168 dr=0 q=0 t=0689944295 dt= +249692 OK m=5 rssi=-42 dn=14871 ty=0B tt=5 B3=0A pl=10F5004F05D46100 crc=E629 air=112
S t=0690013248 ours=2854 foreign=0 longframe=7 oddtype=0 crc_ok=2854 crc_err=314 addr=3168 end=3168 dropped=0  B3: 0A=2736 82=16 92=13 A2=11 B2=1 C2=10 D2=56 E2=1 F2=10
P n=3169 dr=0 q=0 t=0690193987 dt= +249692 OK m=5 rssi=-42 dn=14871 ty=0B tt=5 B3=0A pl=10F6005369D46400 crc=58CF air=112
P n=3170 dr=0 q=0 t=0690443678 dt= +249691 OK m=5 rssi=-42 dn=14871 ty=0B tt=5 B3=0A pl=10F7004ECFD46600 crc=6E03 air=112
P n=3171 dr=0 q=0 t=0690693370 dt= +249692 OK m=5 rssi=-42 dn=14871 ty=0B tt=5 B3=0A pl=10F8005036D56700 crc=4723 air=113
P n=3172 dr=0 q=0 t=0690943061 dt= +249691 OK m=5 rssi=-42 dn=14871 ty=0B tt=5 B3=0A pl=10F9004D98D56200 crc=6DBB air=112
P n=3173 dr=0 q=0 t=0691192760 dt= +249699 OK m=5 rssi=-42 dn=14871 ty=0B tt=5 B3=0A pl=10FA0050F9D56100 crc=EA2C air=104
P n=3175 dr=0 q=0 t=0691442444 dt= +249684 OK m=5 rssi=-42 dn=14871 ty=0B tt=5 B3=0A pl=10FB004F5CD66300 crc=5AEF air=112
P n=3176 dr=0 q=0 t=0691692135 dt= +249691 OK m=5 rssi=-42 dn=14871 ty=0B tt=5 B3=0A pl=10FC0050C3D66700 crc=FCBD air=112
P n=3178 dr=0 q=0 t=0691941827 dt= +249692 OK m=5 rssi=-42 dn=14871 ty=0B tt=5 B3=0A pl=10FD005328D76500 crc=61A9 air=112
P n=3179 dr=0 q=0 t=0692191519 dt= +249692 OK m=5 rssi=-42 dn=14871 ty=0B tt=5 B3=0A pl=10FE004D89D76100 crc=22DF air=112
P n=3180 dr=0 q=0 t=0692441209 dt= +249690 OK m=5 rssi=-42 dn=14871 ty=0B tt=5 B3=0A pl=10FF004EEDD76400 crc=18BA air=112
P n=3181 dr=0 q=0 t=0692690901 dt= +249692 OK m=5 rssi=-43 dn=14871 ty=0B tt=5 B3=0A pl=1000004D52D86500 crc=6926 air=112
P n=3182 dr=0 q=0 t=0692940592 dt= +249691 OK m=5 rssi=-43 dn=14871 ty=0B tt=5 B3=0A pl=10010050B8D86600 crc=4D75 air=112
P n=3183 dr=0 q=0 t=0693190284 dt= +249692 OK m=5 rssi=-43 dn=14871 ty=0B tt=5 B3=0A pl=100200531CD96400 crc=0AF0 air=112
P n=3184 dr=0 q=0 t=0693439976 dt= +249692 OK m=5 rssi=-43 dn=14871 ty=0B tt=5 B3=0A pl=1003004D83D96700 crc=3E41 air=112
P n=3185 dr=0 q=0 t=0693689667 dt= +249691 OK m=5 rssi=-43 dn=14871 ty=0B tt=5 B3=0A pl=10040051E9D96600 crc=AA3C air=112
P n=3186 dr=0 q=0 t=0693939358 dt= +249691 OK m=5 rssi=-43 dn=14871 ty=0B tt=5 B3=0A pl=1005004D50DA6700 crc=F5EB air=112
P n=3188 dr=0 q=0 t=0694189050 dt= +249692 OK m=5 rssi=-43 dn=14871 ty=0B tt=5 B3=0A pl=1006004FB4DA6400 crc=72A2 air=112
P n=3189 dr=0 q=0 t=0694438739 dt= +249689 OK m=5 rssi=-43 dn=14871 ty=0B tt=5 B3=0A pl=1007004E1BDB6700 crc=3C69 air=114
P n=3190 dr=0 q=0 t=0694688433 dt= +249694 OK m=5 rssi=-43 dn=14871 ty=0B tt=5 B3=0A pl=1008004F81DB6600 crc=81D4 air=112
P n=3191 dr=0 q=0 t=0694938124 dt= +249691 OK m=5 rssi=-42 dn=14871 ty=0B tt=5 B3=0A pl=1009004EE3DB6200 crc=EB9A air=112
P n=3192 dr=0 q=1 t=0694940322 dt=   +2198 OK m=5 rssi=-34 dn=14871 ty=0B tt=5 B3=A2 pl=A0005AA500112233 crc=9E23 air=112
P n=3193 dr=0 q=2 t=0694941901 dt=   +1579 OK m=5 rssi=-42 dn=14871 ty=0B tt=5 B3=F2 pl=100A004D49DC6600 crc=2BD5 air=112
P n=3194 dr=0 q=0 t=0695187816 dt= +245915 OK m=5 rssi=-42 dn=14871 ty=0B tt=5 B3=0A pl=100A004D49DC6600 crc=1643 air=112
P n=3195 dr=0 q=0 t=0695437509 dt= +249693 OK m=5 rssi=-42 dn=14871 ty=0B tt=5 B3=0A pl=100B0053B0DC6700 crc=3ADB air=110
P n=3197 dr=0 q=0 t=0695687198 dt= +249689 OK m=5 rssi=-42 dn=14871 ty=0B tt=5 B3=0A pl=100C005311DD6100 crc=22CB air=112
P n=3198 dr=0 q=0 t=0695936890 dt= +249692 OK m=5 rssi=-42 dn=14871 ty=0B tt=5 B3=0A pl=100D005375DD6400 crc=F67C air=112
P n=3199 dr=0 q=0 t=0696186582 dt= +249692 OK m=5 rssi=-42 dn=14871 ty=0B tt=5 B3=0A pl=100E004ED7DD6200 crc=A666 air=112
P n=3200 dr=0 q=0 t=0696436273 dt= +249691 OK m=5 rssi=-42 dn=14871 ty=0B tt=5 B3=0A pl=100F00513DDE6600 crc=0671 air=112
P n=3201 dr=0 q=0 t=0696685965 dt= +249692 OK m=5 rssi=-42 dn=14871 ty=0B tt=5 B3=0A pl=1010004DA2DE6500 crc=73B0 air=112
P n=3202 dr=0 q=0 t=0696935655 dt= +249690 OK m=5 rssi=-42 dn=14871 ty=0B tt=5 B3=0A pl=1011005206DF6400 crc=8EF4 air=112
P n=3203 dr=0 q=0 t=0697185347 dt= +249692 OK m=5 rssi=-42 dn=14871 ty=0B tt=5 B3=0A pl=1012005168DF6200 crc=E98A air=112
P n=3204 dr=0 q=0 t=0697435039 dt= +249692 OK m=5 rssi=-42 dn=14871 ty=0B tt=5 B3=0A pl=10130052CEDF6600 crc=BE12 air=112
P n=3205 dr=0 q=1 t=0697437222 dt=   +2183 OK m=5 rssi=-34 dn=14871 ty=0B tt=5 B3=A2 pl=A0015AA500112233 crc=2642 air=112
P n=3206 dr=0 q=2 t=0697438815 dt=   +1593 OK m=5 rssi=-42 dn=14871 ty=0B tt=5 B3=F2 pl=1014004F30E06200 crc=A7A7 air=112
P n=3207 dr=0 q=0 t=0697684730 dt= +245915 OK m=5 rssi=-43 dn=14871 ty=0B tt=5 B3=0A pl=1014004F30E06200 crc=9A31 air=112
P n=3208 dr=0 q=0 t=0697934422 dt= +249692 OK m=5 rssi=-42 dn=14871 ty=0B tt=5 B3=0A pl=1015004E93E06300 crc=CA9A air=112
P n=3209 dr=0 q=0 t=0698184113 dt= +249691 OK m=5 rssi=-42 dn=14871 ty=0B tt=5 B3=0A pl=1016004DF6E06300 crc=195D air=112
P n=3210 dr=0 q=0 t=0698433804 dt= +249691 OK m=5 rssi=-42 dn=14871 ty=0B tt=5 B3=0A pl=101700525CE16600 crc=8A87 air=112
P n=3211 dr=0 q=0 t=0698683496 dt= +249692 OK m=5 rssi=-43 dn=14871 ty=0B tt=5 B3=0A pl=10180051BEE16200 crc=4BFA air=112
P n=3212 dr=0 q=0 t=0698933188 dt= +249692 OK m=5 rssi=-43 dn=14871 ty=0B tt=5 B3=0A pl=1019004F25E26700 crc=464C air=112
P n=3213 dr=0 q=0 t=0699182879 dt= +249691 OK m=5 rssi=-43 dn=14871 ty=0B tt=5 B3=0A pl=101A005388E26300 crc=0E8B air=112
P n=3214 dr=0 q=0 t=0699432571 dt= +249692 OK m=5 rssi=-42 dn=14871 ty=0B tt=5 B3=0A pl=101B004FEDE26500 crc=76AA air=112
P n=3215 dr=0 q=0 t=0699682261 dt= +249690 OK m=5 rssi=-42 dn=14871 ty=0B tt=5 B3=0A pl=101C004F53E36600 crc=5E06 air=113
P n=3216 dr=0 q=1 t=0699684459 dt=   +2198 OK m=5 rssi=-34 dn=14871 ty=0B tt=5 B3=A2 pl=C0005AA500112233 crc=139B air=112
P n=3217 dr=0 q=2 t=0699686039 dt=   +1580 OK m=5 rssi=-42 dn=14871 ty=0B tt=5 B3=F2 pl=101D004FB9E36600 crc=37B0 air=112
P n=3218 dr=0 q=0 t=0699931953 dt= +245914 OK m=5 rssi=-42 dn=14871 ty=0B tt=5 B3=0A pl=101D004FB9E36600 crc=0A26 air=112
P n=3219 dr=0 q=0 t=0700181645 dt= +249692 OK m=5 rssi=-43 dn=14871 ty=0B tt=5 B3=0A pl=50FFFF01FF000100 crc=2C50 air=112
P n=3220 dr=0 q=0 t=0700431336 dt= +249691 OK m=5 rssi=-43 dn=14871 ty=0B tt=5 B3=0A pl=011201FFFFFFFFFF crc=52B2 air=112
P n=3221 dr=0 q=0 t=0700681026 dt= +249690 OK m=5 rssi=-42 dn=14871 ty=0B tt=5 B3=0A pl=51FF010153555400 crc=9BAC air=114
P n=3222 dr=0 q=0 t=0700930720 dt= +249694 OK m=5 rssi=-43 dn=14871 ty=0B tt=5 B3=0A pl=101E00521AE46100 crc=9A29 air=112
P n=3223 dr=0 q=0 t=0701180410 dt= +249690 OK m=5 rssi=-42 dn=14871 ty=0B tt=5 B3=0A pl=101F004E7DE46300 crc=C3A4 air=112
P n=3224 dr=0 q=0 t=0701430102 dt= +249692 OK m=5 rssi=-43 dn=14871 ty=0B tt=5 B3=0A pl=10200050E1E46400 crc=CB08 air=112
P n=3225 dr=0 q=0 t=0701679793 dt= +249691 OK m=5 rssi=-43 dn=14871 ty=0B tt=5 B3=0A pl=1021004D46E56500 crc=E913 air=112
P n=3226 dr=0 q=0 t=0701929485 dt= +249692 OK m=5 rssi=-43 dn=14871 ty=0B tt=5 B3=0A pl=10220051ABE56500 crc=038C air=112
P n=3227 dr=0 q=1 t=0701931666 dt=   +2181 OK m=5 rssi=-33 dn=14871 ty=0B tt=5 B3=82 pl=C0005AA500112233 crc=B467 air=112
P n=3228 dr=0 q=2 t=0701933261 dt=   +1595 OK m=5 rssi=-43 dn=14871 ty=0B tt=5 B3=D2 pl=1023005010E66500 crc=3D48 air=112
P n=3229 dr=0 q=3 t=0701934750 dt=   +1489 OK m=5 rssi=-33 dn=14871 ty=0B tt=5 B3=B2 pl=C0015AA500112233 crc=F804 air=112
P n=3230 dr=0 q=4 t=0701936343 dt=   +1593 OK m=5 rssi=-43 dn=14871 ty=0B tt=5 B3=E2 pl=1023005010E66500 crc=C94A air=112
P n=3231 dr=0 q=0 t=0702179177 dt= +242834 OK m=5 rssi=-43 dn=14871 ty=0B tt=5 B3=0A pl=1023005010E66500 crc=A722 air=112
P n=3232 dr=0 q=0 t=0702428867 dt= +249690 OK m=5 rssi=-43 dn=14871 ty=0B tt=5 B3=0A pl=1024005175E66500 crc=F1A0 air=112
P n=3233 dr=0 q=0 t=0702678559 dt= +249692 OK m=5 rssi=-43 dn=14871 ty=0B tt=5 B3=0A pl=10250051DBE66600 crc=54BE air=117
P n=3234 dr=0 q=0 t=0702928251 dt= +249692 OK m=5 rssi=-43 dn=14871 ty=0B tt=5 B3=0A pl=1026004F42E76700 crc=7627 air=112
P n=3235 dr=0 q=0 t=0703177942 dt= +249691 OK m=5 rssi=-43 dn=14871 ty=0B tt=5 B3=0A pl=1027004EA6E76400 crc=7F5F air=112
P n=3237 dr=0 q=0 t=0703427634 dt= +249692 OK m=5 rssi=-43 dn=14871 ty=0B tt=5 B3=0A pl=102800520AE86400 crc=F3B2 air=112
P n=3238 dr=0 q=0 t=0703677326 dt= +249692 OK m=5 rssi=-43 dn=14871 ty=0B tt=5 B3=0A pl=1029004D70E86600 crc=66CC air=112
P n=3239 dr=0 q=0 t=0703927016 dt= +249690 OK m=5 rssi=-43 dn=14871 ty=0B tt=5 B3=0A pl=102A0051D6E86600 crc=FCD0 air=112
P n=3241 dr=0 q=0 t=0704176708 dt= +249692 OK m=5 rssi=-43 dn=14871 ty=0B tt=5 B3=0A pl=102B00523AE96400 crc=30E9 air=112
P n=3242 dr=0 q=1 t=0704178905 dt=   +2197 OK m=5 rssi=-33 dn=14871 ty=0B tt=5 B3=82 pl=C0005AA500112233 crc=B467 air=112
P n=3243 dr=0 q=2 t=0704180484 dt=   +1579 OK m=5 rssi=-43 dn=14871 ty=0B tt=5 B3=D2 pl=102C004F9CE96200 crc=F1AE air=112
P n=3244 dr=0 q=3 t=0704181986 dt=   +1502 OK m=5 rssi=-33 dn=14871 ty=0B tt=5 B3=92 pl=C0015AA500112233 crc=5FF8 air=112
P n=3245 dr=0 q=4 t=0704183567 dt=   +1581 OK m=5 rssi=-43 dn=14871 ty=0B tt=5 B3=C2 pl=102C004F9CE96200 crc=A250 air=112
P n=3246 dr=0 q=5 t=0704185130 dt=   +1563 OK m=5 rssi=-33 dn=14871 ty=0B tt=5 B3=A2 pl=C0025AA500112233 crc=7378 air=112
P n=3247 dr=0 q=6 t=0704186649 dt=   +1519 OK m=5 rssi=-43 dn=14871 ty=0B tt=5 B3=F2 pl=102C004F9CE96200 crc=5652 air=112
P n=3248 dr=0 q=0 t=0704426399 dt= +239750 OK m=5 rssi=-43 dn=14871 ty=0B tt=5 B3=0A pl=102C004F9CE96200 crc=6BC4 air=112
P n=3249 dr=0 q=0 t=0704676091 dt= +249692 OK m=5 rssi=-43 dn=14871 ty=0B tt=5 B3=0A pl=102D005300EA6400 crc=268F air=112
P n=3250 dr=0 q=0 t=0704925783 dt= +249692 OK m=5 rssi=-43 dn=14871 ty=0B tt=5 B3=0A pl=102E005266EA6600 crc=4C75 air=112
S t=0705011513 ours=2930 foreign=0 longframe=7 oddtype=0 crc_ok=2930 crc_err=320 addr=3250 end=3250 dropped=0  B3: 0A=2796 82=18 92=14 A2=15 B2=2 C2=11 D2=58 E2=2 F2=14
P n=3251 dr=0 q=0 t=0705175474 dt= +249691 OK m=5 rssi=-43 dn=14871 ty=0B tt=5 B3=0A pl=102F0050C7EA6100 crc=B5C2 air=112
P n=3252 dr=0 q=0 t=0705425165 dt= +249691 OK m=5 rssi=-43 dn=14871 ty=0B tt=5 B3=0A pl=1030004E28EB6100 crc=A496 air=112
P n=3253 dr=0 q=0 t=0705674856 dt= +249691 OK m=5 rssi=-43 dn=14871 ty=0B tt=5 B3=0A pl=103100518DEB6500 crc=E7A3 air=115
P n=3254 dr=0 q=0 t=0705924548 dt= +249692 OK m=5 rssi=-43 dn=14871 ty=0B tt=5 B3=0A pl=1032004FF2EB6500 crc=6248 air=112
P n=3255 dr=0 q=0 t=0706174240 dt= +249692 OK m=5 rssi=-43 dn=14871 ty=0B tt=5 B3=0A pl=1033005159EC6700 crc=0640 air=112
P n=3256 dr=0 q=0 t=0706423931 dt= +249691 OK m=5 rssi=-43 dn=14871 ty=0B tt=5 B3=0A pl=1034004DBEEC6500 crc=23D0 air=112
P n=3258 dr=0 q=0 t=0706673622 dt= +249691 OK m=5 rssi=-43 dn=14871 ty=0B tt=5 B3=0A pl=1035004D23ED6500 crc=5398 air=112
P n=3259 dr=0 q=1 t=0706675804 dt=   +2182 OK m=5 rssi=-32 dn=14871 ty=0B tt=5 B3=82 pl=C0005AA500112233 crc=B467 air=112
P n=3260 dr=0 q=2 t=0706677399 dt=   +1595 OK m=5 rssi=-43 dn=14871 ty=0B tt=5 B3=D2 pl=1036004F8AED6700 crc=2A90 air=112
P n=3261 dr=0 q=3 t=0706678887 dt=   +1488 OK m=5 rssi=-32 dn=14871 ty=0B tt=5 B3=92 pl=C0015AA500112233 crc=5FF8 air=112
P n=3262 dr=0 q=4 t=0706680481 dt=   +1594 OK m=5 rssi=-44 dn=14871 ty=0B tt=5 B3=C2 pl=1036004F8AED6700 crc=796E air=112
P n=3263 dr=0 q=5 t=0706682029 dt=   +1548 OK m=5 rssi=-32 dn=14871 ty=0B tt=5 B3=82 pl=C0025AA500112233 crc=D484 air=112
P n=3264 dr=0 q=6 t=0706683563 dt=   +1534 OK m=5 rssi=-43 dn=14871 ty=0B tt=5 B3=D2 pl=1036004F8AED6700 crc=2A90 air=112
P n=3265 dr=0 q=7 t=0706685111 dt=   +1548 OK m=5 rssi=-32 dn=14871 ty=0B tt=5 B3=92 pl=C0035AA500112233 crc=3F1B air=112
P n=3266 dr=0 q=7 t=0706686676 dt=   +1565 OK m=5 rssi=-43 dn=14871 ty=0B tt=5 B3=C2 pl=1036004F8AED6700 crc=796E air=112
P n=3267 dr=0 q=8 t=0706688224 dt=   +1548 OK m=5 rssi=-32 dn=14871 ty=0B tt=5 B3=82 pl=C0045AA500112233 crc=75A1 air=112
P n=3268 dr=0 q=9 t=0706689789 dt=   +1565 OK m=5 rssi=-43 dn=14871 ty=0B tt=5 B3=D2 pl=1036004F8AED6700 crc=2A90 air=112
P n=3269 dr=0 q=10 t=0706691337 dt=   +1548 OK m=5 rssi=-32 dn=14871 ty=0B tt=5 B3=92 pl=C0055AA500112233 crc=9E3E air=112
P n=3270 dr=0 q=11 t=0706692902 dt=   +1565 OK m=5 rssi=-43 dn=14871 ty=0B tt=5 B3=C2 pl=1036004F8AED6700 crc=796E air=112
P n=3271 dr=0 q=12 t=0706694451 dt=   +1549 OK m=5 rssi=-32 dn=14871 ty=0B tt=5 B3=82 pl=C0065AA500112233 crc=1542 air=112
P n=3272 dr=0 q=13 t=0706696014 dt=   +1563 OK m=5 rssi=-43 dn=14871 ty=0B tt=5 B3=D2 pl=1036004F8AED6700 crc=2A90 air=112
P n=3273 dr=0 q=13 t=0706697563 dt=   +1549 OK m=5 rssi=-32 dn=14871 ty=0B tt=5 B3=92 pl=C0075AA500112233 crc=FEDD air=112
P n=3274 dr=0 q=14 t=0706699127 dt=   +1564 OK m=5 rssi=-43 dn=14871 ty=0B tt=5 B3=C2 pl=1036004F8AED6700 crc=796E air=112
P n=3275 dr=0 q=15 t=0706700675 dt=   +1548 OK m=5 rssi=-32 dn=14871 ty=0B tt=5 B3=A2 pl=C0085AA500112233 crc=8036 air=112
P n=3276 dr=0 q=16 t=0706702240 dt=   +1565 OK m=5 rssi=-43 dn=14871 ty=0B tt=5 B3=F2 pl=1036004F8AED6700 crc=8D6C air=112
P n=3277 dr=0 q=0 t=0706923314 dt= +221074 OK m=5 rssi=-43 dn=14871 ty=0B tt=5 B3=0A pl=1036004F8AED6700 crc=B0FA air=112
P n=3278 dr=0 q=0 t=0707173005 dt= +249691 OK m=5 rssi=-43 dn=14871 ty=0B tt=5 B3=0A pl=10370052EDED6300 crc=E980 air=112
P n=3279 dr=0 q=0 t=0707422692 dt= +249687 OK m=5 rssi=-44 dn=14871 ty=0B tt=5 B3=0A pl=103800504FEE6200 crc=4A95 air=117
P n=3280 dr=0 q=0 t=0707672388 dt= +249696 OK m=5 rssi=-43 dn=14871 ty=0B tt=5 B3=0A pl=1039004EB2EE6300 crc=ACFC air=112
P n=3281 dr=0 q=0 t=0707922080 dt= +249692 OK m=5 rssi=-43 dn=14871 ty=0B tt=5 B3=0A pl=103A005116EF6400 crc=9BFD air=112
P n=3282 dr=0 q=0 t=0708171771 dt= +249691 OK m=5 rssi=-43 dn=14871 ty=0B tt=5 B3=0A pl=103B00537DEF6700 crc=7581 air=112
P n=3283 dr=0 q=0 t=0708421462 dt= +249691 OK m=5 rssi=-44 dn=14871 ty=0B tt=5 B3=0A pl=103C004EE3EF6600 crc=1E11 air=112
P n=3284 dr=0 q=0 t=0708671154 dt= +249692 OK m=5 rssi=-43 dn=14871 ty=0B tt=5 B3=0A pl=103D004F49F06600 crc=E1AE air=112
P n=3285 dr=0 q=0 t=0708920846 dt= +249692 OK m=5 rssi=-43 dn=14871 ty=0B tt=5 B3=0A pl=103E004EAFF06600 crc=300E air=112
P n=3286 dr=0 q=0 t=0709170537 dt= +249691 OK m=5 rssi=-43 dn=14871 ty=0B tt=5 B3=0A pl=103F005216F16700 crc=01B9 air=112
P n=3287 dr=0 q=1 t=0709172735 dt=   +2198 OK m=5 rssi=-32 dn=14871 ty=0B tt=5 B3=82 pl=C0005AA500112233 crc=B467 air=112
P n=3288 dr=0 q=2 t=0709174314 dt=   +1579 OK m=5 rssi=-43 dn=14871 ty=0B tt=5 B3=D2 pl=104000527AF16400 crc=D6E8 air=112
P n=3289 dr=0 q=3 t=0709175816 dt=   +1502 OK m=5 rssi=-32 dn=14871 ty=0B tt=5 B3=92 pl=C0015AA500112233 crc=5FF8 air=112
P n=3290 dr=0 q=4 t=0709177396 dt=   +1580 OK m=5 rssi=-43 dn=14871 ty=0B tt=5 B3=C2 pl=104000527AF16400 crc=8516 air=112
P n=3291 dr=0 q=5 t=0709178960 dt=   +1564 OK m=5 rssi=-32 dn=14871 ty=0B tt=5 B3=82 pl=C0025AA500112233 crc=D484 air=112
P n=3292 dr=0 q=6 t=0709180477 dt=   +1517 OK m=5 rssi=-43 dn=14871 ty=0B tt=5 B3=D2 pl=104000527AF16400 crc=D6E8 air=112
P n=3293 dr=0 q=6 t=0709182072 dt=   +1595 OK m=5 rssi=-32 dn=14871 ty=0B tt=5 B3=92 pl=C0035AA500112233 crc=3F1B air=112
P n=3294 dr=0 q=7 t=0709183591 dt=   +1519 OK m=5 rssi=-43 dn=14871 ty=0B tt=5 B3=C2 pl=104000527AF16400 crc=8516 air=112
P n=3295 dr=0 q=8 t=0709185155 dt=   +1564 OK m=5 rssi=-32 dn=14871 ty=0B tt=5 B3=82 pl=C0045AA500112233 crc=75A1 air=112
P n=3296 dr=0 q=9 t=0709186703 dt=   +1548 OK m=5 rssi=-43 dn=14871 ty=0B tt=5 B3=D2 pl=104000527AF16400 crc=D6E8 air=113
P n=3297 dr=0 q=10 t=0709188267 dt=   +1564 OK m=5 rssi=-32 dn=14871 ty=0B tt=5 B3=92 pl=C0055AA500112233 crc=9E3E air=112
P n=3298 dr=0 q=11 t=0709189816 dt=   +1549 OK m=5 rssi=-43 dn=14871 ty=0B tt=5 B3=C2 pl=104000527AF16400 crc=8516 air=112
P n=3299 dr=0 q=12 t=0709191380 dt=   +1564 OK m=5 rssi=-32 dn=14871 ty=0B tt=5 B3=82 pl=C0065AA500112233 crc=1542 air=112
P n=3300 dr=0 q=12 t=0709192929 dt=   +1549 OK m=5 rssi=-43 dn=14871 ty=0B tt=5 B3=D2 pl=104000527AF16400 crc=D6E8 air=112
P n=3301 dr=0 q=13 t=0709194494 dt=   +1565 OK m=5 rssi=-32 dn=14871 ty=0B tt=5 B3=92 pl=C0075AA500112233 crc=FEDD air=112
P n=3302 dr=0 q=14 t=0709196041 dt=   +1547 OK m=5 rssi=-43 dn=14871 ty=0B tt=5 B3=C2 pl=104000527AF16400 crc=8516 air=112
P n=3303 dr=0 q=15 t=0709197606 dt=   +1565 OK m=5 rssi=-32 dn=14871 ty=0B tt=5 B3=82 pl=C0085AA500112233 crc=27CA air=112
P n=3304 dr=0 q=16 t=0709199154 dt=   +1548 OK m=5 rssi=-43 dn=14871 ty=0B tt=5 B3=D2 pl=104000527AF16400 crc=D6E8 air=112
P n=3305 dr=0 q=17 t=0709200719 dt=   +1565 OK m=5 rssi=-32 dn=14871 ty=0B tt=5 B3=92 pl=C0095AA500112233 crc=CC55 air=112
P n=3306 dr=0 q=18 t=0709202267 dt=   +1548 OK m=5 rssi=-43 dn=14871 ty=0B tt=5 B3=C2 pl=104000527AF16400 crc=8516 air=112
P n=3307 dr=0 q=18 t=0709203831 dt=   +1564 OK m=5 rssi=-32 dn=14871 ty=0B tt=5 B3=82 pl=C00A5AA500112233 crc=4729 air=112
P n=3308 dr=0 q=19 t=0709205380 dt=   +1549 OK m=5 rssi=-43 dn=14871 ty=0B tt=5 B3=D2 pl=104000527AF16400 crc=D6E8 air=113
P n=3309 dr=0 q=20 t=0709206944 dt=   +1564 OK m=5 rssi=-32 dn=14871 ty=0B tt=5 B3=92 pl=C00B5AA500112233 crc=ACB6 air=113
P n=3310 dr=0 q=21 t=0709208493 dt=   +1549 OK m=5 rssi=-43 dn=14871 ty=0B tt=5 B3=C2 pl=104000527AF16400 crc=8516 air=112
P n=3311 dr=0 q=22 t=0709210058 dt=   +1565 OK m=5 rssi=-32 dn=14871 ty=0B tt=5 B3=82 pl=C00C5AA500112233 crc=E60C air=112
P n=3312 dr=0 q=23 t=0709211605 dt=   +1547 OK m=5 rssi=-43 dn=14871 ty=0B tt=5 B3=D2 pl=104000527AF16400 crc=D6E8 air=112
P n=3313 dr=0 q=24 t=0709213170 dt=   +1565 OK m=5 rssi=-32 dn=14871 ty=0B tt=5 B3=92 pl=C00D5AA500112233 crc=0D93 air=112
P n=3314 dr=0 q=24 t=0709214718 dt=   +1548 OK m=5 rssi=-43 dn=14871 ty=0B tt=5 B3=C2 pl=104000527AF16400 crc=8516 air=112
P n=3315 dr=0 q=25 t=0709216283 dt=   +1565 OK m=5 rssi=-32 dn=14871 ty=0B tt=5 B3=82 pl=C00E5AA500112233 crc=86EF air=112
P n=3316 dr=0 q=26 t=0709217831 dt=   +1548 OK m=5 rssi=-43 dn=14871 ty=0B tt=5 B3=D2 pl=104000527AF16400 crc=D6E8 air=112
P n=3317 dr=0 q=27 t=0709219395 dt=   +1564 OK m=5 rssi=-32 dn=14871 ty=0B tt=5 B3=92 pl=C00F5AA500112233 crc=6D70 air=112
P n=3318 dr=0 q=28 t=0709220944 dt=   +1549 OK m=5 rssi=-43 dn=14871 ty=0B tt=5 B3=C2 pl=104000527AF16400 crc=8516 air=112
P n=3319 dr=0 q=29 t=0709222478 dt=   +1534 OK m=5 rssi=-32 dn=14871 ty=0B tt=5 B3=A2 pl=C0105AA500112233 crc=24E0 air=112
P n=3320 dr=0 q=30 t=0709224057 dt=   +1579 OK m=5 rssi=-43 dn=14871 ty=0B tt=5 B3=F2 pl=104000527AF16400 crc=7114 air=112
P n=3321 dr=0 q=12 t=0709420221 dt= +196164 OK m=5 rssi=-44 dn=14871 ty=0B tt=5 B3=0A pl=104000527AF16400 crc=4C82 air=112
P n=3322 dr=0 q=0 t=0709669920 dt= +249699 OK m=5 rssi=-44 dn=14871 ty=0B tt=5 B3=0A pl=10410052DFF16500 crc=91E1 air=112
P n=3323 dr=0 q=0 t=0709919611 dt= +249691 OK m=5 rssi=-43 dn=14871 ty=0B tt=5 B3=0A pl=1042005041F26200 crc=A9E2 air=112
P n=3324 dr=0 q=0 t=0710169303 dt= +249692 OK m=5 rssi=-44 dn=14871 ty=0B tt=5 B3=0A pl=10430051A2F26100 crc=F1B7 air=112
P n=3325 dr=0 q=0 t=0710418994 dt= +249691 OK m=5 rssi=-47 dn=14871 ty=0B tt=5 B3=0A pl=1044004E08F36600 crc=A52A air=112
P n=3326 dr=0 q=0 t=0710668686 dt= +249692 OK m=5 rssi=-46 dn=14871 ty=0B tt=5 B3=0A pl=104500536EF36600 crc=4620 air=112
P n=3327 dr=0 q=0 t=0710918377 dt= +249691 OK m=5 rssi=-56 dn=14871 ty=0B tt=5 B3=0A pl=10460051D4F36600 crc=435B air=112
P n=3328 dr=0 q=0 t=0711168068 dt= +249691 OK m=5 rssi=-48 dn=14871 ty=0B tt=5 B3=0A pl=1047005339F46500 crc=D216 air=112
P n=3329 dr=0 q=0 t=0711417760 dt= +249692 OK m=5 rssi=-56 dn=14871 ty=0B tt=5 B3=0A pl=1048004D9FF46600 crc=0BB1 air=112
P n=3330 dr=0 q=0 t=0711667452 dt= +249692 OK m=5 rssi=-70 dn=14871 ty=0B tt=5 B3=0A pl=1049005001F56200 crc=09C1 air=112
P n=3331 dr=0 q=1 t=0711669634 dt=   +2182 OK m=5 rssi=-35 dn=14871 ty=0B tt=5 B3=82 pl=C0005AA500112233 crc=B467 air=112
P n=3332 dr=0 q=2 t=0711672718 dt=   +3084 OK m=5 rssi=-35 dn=14871 ty=0B tt=5 B3=92 pl=3F085AA500112233 crc=E07B air=112
P n=3333 dr=0 q=3 t=0711674310 dt=   +1592 OK m=5 rssi=-70 dn=14871 ty=0B tt=5 B3=C2 pl=104A005164F56300 crc=6420 air=112
P n=3334 dr=0 q=4 t=0711675860 dt=   +1550 OK m=5 rssi=-35 dn=14871 ty=0B tt=5 B3=A2 pl=3F105AA500112233 crc=B0AF air=112
P n=3335 dr=0 q=5 t=0711677393 dt=   +1533 OK m=5 rssi=-70 dn=14871 ty=0B tt=5 B3=F2 pl=104A005164F56300 crc=9022 air=112
P n=3336 dr=0 q=0 t=0711917143 dt= +239750 OK m=5 rssi=-53 dn=14871 ty=0B tt=5 B3=0A pl=104A005164F56300 crc=ADB4 air=112
P n=3338 dr=0 q=0 t=0712166835 dt= +249692 OK m=5 rssi=-52 dn=14871 ty=0B tt=5 B3=0A pl=104B0053C6F56200 crc=6579 air=112
P n=3339 dr=0 q=0 t=0712416525 dt= +249690 OK m=5 rssi=-49 dn=14871 ty=0B tt=5 B3=0A pl=104C005029F66300 crc=A88A air=112
P n=3340 dr=0 q=0 t=0712666217 dt= +249692 OK m=5 rssi=-49 dn=14871 ty=0B tt=5 B3=0A pl=104D00508CF66300 crc=46D8 air=112
P n=3341 dr=0 q=0 t=0712915909 dt= +249692 OK m=5 rssi=-47 dn=14871 ty=0B tt=5 B3=0A pl=104E0050F2F66600 crc=8180 air=112
P n=3343 dr=0 q=0 t=0713165600 dt= +249691 OK m=5 rssi=-47 dn=14871 ty=0B tt=5 B3=0A pl=104F004F54F76200 crc=6E59 air=112
P n=3344 dr=0 q=0 t=0713415292 dt= +249692 OK m=5 rssi=-47 dn=14871 ty=0B tt=5 B3=0A pl=1050004EB8F76400 crc=18E4 air=112
P n=3345 dr=0 q=0 t=0713664984 dt= +249692 OK m=5 rssi=-47 dn=14871 ty=0B tt=5 B3=0A pl=105100501CF86400 crc=67C1 air=112
P n=3346 dr=0 q=0 t=0713914674 dt= +249690 OK m=5 rssi=-47 dn=14871 ty=0B tt=5 B3=0A pl=1052004D7EF86200 crc=847F air=112
P n=3347 dr=0 q=0 t=0714164366 dt= +249692 OK m=5 rssi=-48 dn=14871 ty=0B tt=5 B3=0A pl=1053004FDFF86100 crc=B10C air=112
P n=3348 dr=0 q=1 t=0714166566 dt=   +2200 OK m=5 rssi=-34 dn=14871 ty=0B tt=5 B3=82 pl=C0005AA500112233 crc=B467 air=111
P n=3349 dr=0 q=2 t=0714168142 dt=   +1576 OK m=5 rssi=-49 dn=14871 ty=0B tt=5 B3=D2 pl=1054005241F96200 crc=11A4 air=112
P n=3350 dr=0 q=3 t=0714169646 dt=   +1504 OK m=5 rssi=-34 dn=14871 ty=0B tt=5 B3=92 pl=3F085AA500112233 crc=E07B air=112
P n=3351 dr=0 q=4 t=0714171225 dt=   +1579 OK m=5 rssi=-47 dn=14871 ty=0B tt=5 B3=C2 pl=1054005241F96200 crc=425A air=112
P n=3352 dr=0 q=5 t=0714172790 dt=   +1565 OK m=5 rssi=-34 dn=14871 ty=0B tt=5 B3=82 pl=3F105AA500112233 crc=1753 air=112
P n=3353 dr=0 q=6 t=0714174307 dt=   +1517 OK m=5 rssi=-47 dn=14871 ty=0B tt=5 B3=D2 pl=1054005241F96200 crc=11A4 air=112
P n=3354 dr=0 q=7 t=0714175903 dt=   +1596 OK m=5 rssi=-34 dn=14871 ty=0B tt=5 B3=92 pl=C0015AA500112233 crc=5FF8 air=112
P n=3355 dr=0 q=7 t=0714177420 dt=   +1517 OK m=5 rssi=-47 dn=14871 ty=0B tt=5 B3=C2 pl=1054005241F96200 crc=425A air=112
P n=3356 dr=0 q=8 t=0714178985 dt=   +1565 OK m=5 rssi=-34 dn=14871 ty=0B tt=5 B3=82 pl=3F085AA500112233 crc=B385 air=112
P n=3357 dr=0 q=9 t=0714180533 dt=   +1548 OK m=5 rssi=-47 dn=14871 ty=0B tt=5 B3=D2 pl=1054005241F96200 crc=11A4 air=112
P n=3358 dr=0 q=10 t=0714182098 dt=   +1565 OK m=5 rssi=-34 dn=14871 ty=0B tt=5 B3=B2 pl=3F105AA500112233 crc=E351 air=112
P n=3359 dr=0 q=11 t=0714183645 dt=   +1547 OK m=5 rssi=-50 dn=14871 ty=0B tt=5 B3=E2 pl=1054005241F96200 crc=E5A6 air=112
P n=3360 dr=0 q=0 t=0714414058 dt= +230413 OK m=5 rssi=-47 dn=14871 ty=0B tt=5 B3=0A pl=1054005241F96200 crc=8BCE air=112
P n=3361 dr=0 q=0 t=0714663749 dt= +249691 OK m=5 rssi=-47 dn=14871 ty=0B tt=5 B3=0A pl=1055004DA2F96100 crc=1869 air=112
P n=3362 dr=0 q=0 t=0714913441 dt= +249692 OK m=5 rssi=-47 dn=14871 ty=0B tt=5 B3=0A pl=1056004E05FA6300 crc=AA50 air=115
P n=3363 dr=0 q=0 t=0715163132 dt= +249691 OK m=5 rssi=-47 dn=14871 ty=0B tt=5 B3=0A pl=1057005166FA6100 crc=D7FE air=112
P n=3364 dr=0 q=0 t=0715412823 dt= +249691 OK m=5 rssi=-48 dn=14871 ty=0B tt=5 B3=0A pl=1058004FCAFA6400 crc=CC54 air=112
P n=3365 dr=0 q=0 t=0715662515 dt= +249692 OK m=5 rssi=-51 dn=14871 ty=0B tt=5 B3=0A pl=105900532DFB6300 crc=8024 air=112
P n=3366 dr=0 q=0 t=0715912206 dt= +249691 OK m=5 rssi=-48 dn=14871 ty=0B tt=5 B3=0A pl=105A004E8EFB6100 crc=6A4E air=112
P n=3367 dr=0 q=0 t=0716161898 dt= +249692 OK m=5 rssi=-47 dn=14871 ty=0B tt=5 B3=0A pl=105B0053F4FB6600 crc=4446 air=112
P n=3369 dr=0 q=0 t=0716411590 dt= +249692 OK m=5 rssi=-47 dn=14871 ty=0B tt=5 B3=0A pl=105C005057FC6300 crc=B81F air=112
P n=3371 dr=0 q=0 t=0716661280 dt= +249690 OK m=5 rssi=-47 dn=14871 ty=0B tt=5 B3=0A pl=105D0052BAFC6300 crc=F991 air=112
P n=3372 dr=0 q=1 t=0716663465 dt=   +2185 OK m=5 rssi=-34 dn=14871 ty=0B tt=5 B3=82 pl=C0005AA500112233 crc=B467 air=112
P n=3373 dr=0 q=2 t=0716665057 dt=   +1592 OK m=5 rssi=-49 dn=14871 ty=0B tt=5 B3=D2 pl=105E004F1BFD6100 crc=53C9 air=112
P n=3374 dr=0 q=3 t=0716666548 dt=   +1491 OK m=5 rssi=-33 dn=14871 ty=0B tt=5 B3=92 pl=3F085AA500112233 crc=E07B air=112
P n=3375 dr=0 q=4 t=0716668139 dt=   +1591 OK m=5 rssi=-49 dn=14871 ty=0B tt=5 B3=C2 pl=105E004F1BFD6100 crc=0037 air=112
P n=3376 dr=0 q=5 t=0716669690 dt=   +1551 OK m=5 rssi=-34 dn=14871 ty=0B tt=5 B3=82 pl=3F105AA500112233 crc=1753 air=112
P n=3377 dr=0 q=5 t=0716672804 dt=   +3114 OK m=5 rssi=-33 dn=14871 ty=0B tt=5 B3=92 pl=C0015AA500112233 crc=5FF8 air=112
P n=3378 dr=0 q=6 t=0716674334 dt=   +1530 OK m=5 rssi=-47 dn=14871 ty=0B tt=5 B3=C2 pl=105E004F1BFD6100 crc=0037 air=112
P n=3379 dr=0 q=7 t=0716675885 dt=   +1551 OK m=5 rssi=-34 dn=14871 ty=0B tt=5 B3=82 pl=3F085AA500112233 crc=B385 air=112
P n=3380 dr=0 q=8 t=0716677447 dt=   +1562 OK m=5 rssi=-47 dn=14871 ty=0B tt=5 B3=D2 pl=105E004F1BFD6100 crc=53C9 air=112
P n=3381 dr=0 q=9 t=0716678968 dt=   +1521 OK m=5 rssi=-34 dn=14871 ty=0B tt=5 B3=92 pl=3F105AA500112233 crc=44AD air=113
P n=3382 dr=0 q=10 t=0716680560 dt=   +1592 OK m=5 rssi=-49 dn=14871 ty=0B tt=5 B3=C2 pl=105E004F1BFD6100 crc=0037 air=112
P n=3383 dr=0 q=11 t=0716682080 dt=   +1520 OK m=5 rssi=-34 dn=14871 ty=0B tt=5 B3=82 pl=C0025AA500112233 crc=D484 air=112
P n=3384 dr=0 q=11 t=0716683642 dt=   +1562 OK m=5 rssi=-48 dn=14871 ty=0B tt=5 B3=D2 pl=105E004F1BFD6100 crc=53C9 air=112
P n=3385 dr=0 q=12 t=0716685193 dt=   +1551 OK m=5 rssi=-33 dn=14871 ty=0B tt=5 B3=92 pl=3F085AA500112233 crc=E07B air=112
P n=3386 dr=0 q=13 t=0716686755 dt=   +1562 OK m=5 rssi=-48 dn=14871 ty=0B tt=5 B3=C2 pl=105E004F1BFD6100 crc=0037 air=112
P n=3387 dr=0 q=14 t=0716688307 dt=   +1552 OK m=5 rssi=-33 dn=14871 ty=0B tt=5 B3=A2 pl=3F105AA500112233 crc=B0AF air=112
P n=3388 dr=0 q=15 t=0716689867 dt=   +1560 OK m=5 rssi=-47 dn=14871 ty=0B tt=5 B3=F2 pl=105E004F1BFD6100 crc=F435 air=112
P n=3389 dr=0 q=0 t=0716910972 dt= +221105 OK m=5 rssi=-48 dn=14871 ty=0B tt=5 B3=0A pl=105E004F1BFD6100 crc=C9A3 air=112
P n=3390 dr=0 q=0 t=0717160663 dt= +249691 OK m=5 rssi=-48 dn=14871 ty=0B tt=5 B3=0A pl=105F00537DFD6200 crc=D5AB air=112
P n=3392 dr=0 q=0 t=0717410355 dt= +249692 OK m=5 rssi=-48 dn=14871 ty=0B tt=5 B3=0A pl=10600052E3FD6600 crc=049F air=112
P n=3393 dr=0 q=0 t=0717660047 dt= +249692 OK m=5 rssi=-47 dn=14871 ty=0B tt=5 B3=0A pl=1061005348FE6500 crc=EEC5 air=112
P n=3394 dr=0 q=0 t=0717909738 dt= +249691 OK m=5 rssi=-47 dn=14871 ty=0B tt=5 B3=0A pl=10620051A9FE6100 crc=4C5E air=112
P n=3395 dr=0 q=0 t=0718159429 dt= +249691 OK m=5 rssi=-47 dn=14871 ty=0B tt=5 B3=0A pl=106300510DFF6400 crc=1C7D air=112
P n=3396 dr=0 q=0 t=0718409120 dt= +249691 OK m=5 rssi=-48 dn=14871 ty=0B tt=5 B3=0A pl=1064004E6FFF6200 crc=7A86 air=112
P n=3397 dr=0 q=0 t=0718658812 dt= +249692 OK m=5 rssi=-47 dn=14871 ty=0B tt=5 B3=0A pl=1065004DD4FF6500 crc=5A6C air=112
P n=3398 dr=0 q=0 t=0718908504 dt= +249692 OK m=5 rssi=-47 dn=14871 ty=0B tt=5 B3=0A pl=106600503A006600 crc=1B4E air=112
P n=3400 dr=0 q=0 t=0719158195 dt= +249691 OK m=5 rssi=-48 dn=14871 ty=0B tt=5 B3=0A pl=1067004FA0006600 crc=6CB8 air=112
P n=3401 dr=0 q=1 t=0719160396 dt=   +2201 OK m=5 rssi=-34 dn=14871 ty=0B tt=5 B3=82 pl=C0005AA500112233 crc=B467 air=112
P n=3402 dr=0 q=2 t=0719161972 dt=   +1576 OK m=5 rssi=-48 dn=14871 ty=0B tt=5 B3=D2 pl=1068004D05016500 crc=0CE8 air=112
P n=3403 dr=0 q=3 t=0719163477 dt=   +1505 OK m=5 rssi=-33 dn=14871 ty=0B tt=5 B3=92 pl=3F085AA500112233 crc=E07B air=112
P n=3404 dr=0 q=4 t=0719165054 dt=   +1577 OK m=5 rssi=-48 dn=14871 ty=0B tt=5 B3=C2 pl=1068004D05016500 crc=5F16 air=112
P n=3405 dr=0 q=5 t=0719166621 dt=   +1567 OK m=5 rssi=-34 dn=14871 ty=0B tt=5 B3=82 pl=3F105AA500112233 crc=1753 air=112
P n=3406 dr=0 q=6 t=0719168136 dt=   +1515 OK m=5 rssi=-49 dn=14871 ty=0B tt=5 B3=D2 pl=1068004D05016500 crc=0CE8 air=112
P n=3407 dr=0 q=7 t=0719169734 dt=   +1598 OK m=5 rssi=-33 dn=14871 ty=0B tt=5 B3=92 pl=C0015AA500112233 crc=5FF8 air=112
P n=3408 dr=0 q=7 t=0719171249 dt=   +1515 OK m=5 rssi=-48 dn=14871 ty=0B tt=5 B3=C2 pl=1068004D05016500 crc=5F16 air=112
P n=3409 dr=0 q=8 t=0719172816 dt=   +1567 OK m=5 rssi=-33 dn=14871 ty=0B tt=5 B3=82 pl=3F085AA500112233 crc=B385 air=112
P n=3410 dr=0 q=9 t=0719174361 dt=   +1545 OK m=5 rssi=-48 dn=14871 ty=0B tt=5 B3=D2 pl=1068004D05016500 crc=0CE8 air=112
P n=3411 dr=0 q=10 t=0719175929 dt=   +1568 OK m=5 rssi=-33 dn=14871 ty=0B tt=5 B3=92 pl=3F105AA500112233 crc=44AD air=112
P n=3412 dr=0 q=11 t=0719177475 dt=   +1546 OK m=5 rssi=-49 dn=14871 ty=0B tt=5 B3=C2 pl=1068004D05016500 crc=5F16 air=113
P n=3413 dr=0 q=12 t=0719179042 dt=   +1567 OK m=5 rssi=-33 dn=14871 ty=0B tt=5 B3=82 pl=C0025AA500112233 crc=D484 air=112
P n=3414 dr=0 q=12 t=0719180587 dt=   +1545 OK m=5 rssi=-49 dn=14871 ty=0B tt=5 B3=D2 pl=1068004D05016500 crc=0CE8 air=112
P n=3415 dr=0 q=13 t=0719182155 dt=   +1568 OK m=5 rssi=-33 dn=14871 ty=0B tt=5 B3=92 pl=3F085AA500112233 crc=E07B air=112
P n=3416 dr=0 q=14 t=0719183699 dt=   +1544 OK m=5 rssi=-48 dn=14871 ty=0B tt=5 B3=C2 pl=1068004D05016500 crc=5F16 air=112
P n=3417 dr=0 q=15 t=0719185267 dt=   +1568 OK m=5 rssi=-33 dn=14871 ty=0B tt=5 B3=82 pl=3F105AA500112233 crc=1753 air=112
P n=3418 dr=0 q=16 t=0719186812 dt=   +1545 OK m=5 rssi=-47 dn=14871 ty=0B tt=5 B3=D2 pl=1068004D05016500 crc=0CE8 air=112
P n=3419 dr=0 q=17 t=0719188380 dt=   +1568 OK m=5 rssi=-33 dn=14871 ty=0B tt=5 B3=92 pl=C0035AA500112233 crc=3F1B air=112
P n=3420 dr=0 q=18 t=0719189925 dt=   +1545 OK m=5 rssi=-47 dn=14871 ty=0B tt=5 B3=C2 pl=1068004D05016500 crc=5F16 air=112
P n=3421 dr=0 q=18 t=0719191493 dt=   +1568 OK m=5 rssi=-34 dn=14871 ty=0B tt=5 B3=82 pl=3F085AA500112233 crc=B385 air=112
P n=3422 dr=0 q=19 t=0719193038 dt=   +1545 OK m=5 rssi=-48 dn=14871 ty=0B tt=5 B3=D2 pl=1068004D05016500 crc=0CE8 air=112
P n=3423 dr=0 q=20 t=0719194575 dt=   +1537 OK m=5 rssi=-33 dn=14871 ty=0B tt=5 B3=92 pl=3F105AA500112233 crc=44AD air=112
P n=3424 dr=0 q=21 t=0719196151 dt=   +1576 OK m=5 rssi=-48 dn=14871 ty=0B tt=5 B3=C2 pl=1068004D05016500 crc=5F16 air=112
P n=3425 dr=0 q=22 t=0719197688 dt=   +1537 OK m=5 rssi=-33 dn=14871 ty=0B tt=5 B3=82 pl=C0045AA500112233 crc=75A1 air=112
P n=3426 dr=0 q=23 t=0719199233 dt=   +1545 OK m=5 rssi=-48 dn=14871 ty=0B tt=5 B3=D2 pl=1068004D05016500 crc=0CE8 air=112
P n=3427 dr=0 q=24 t=0719200800 dt=   +1567 OK m=5 rssi=-33 dn=14871 ty=0B tt=5 B3=92 pl=3F085AA500112233 crc=E07B air=112
P n=3428 dr=0 q=24 t=0719202346 dt=   +1546 OK m=5 rssi=-47 dn=14871 ty=0B tt=5 B3=C2 pl=1068004D05016500 crc=5F16 air=112
P n=3429 dr=0 q=25 t=0719203914 dt=   +1568 OK m=5 rssi=-33 dn=14871 ty=0B tt=5 B3=82 pl=3F105AA500112233 crc=1753 air=112
P n=3430 dr=0 q=26 t=0719205458 dt=   +1544 OK m=5 rssi=-47 dn=14871 ty=0B tt=5 B3=D2 pl=1068004D05016500 crc=0CE8 air=112
P n=3431 dr=0 q=27 t=0719207026 dt=   +1568 OK m=5 rssi=-34 dn=14871 ty=0B tt=5 B3=92 pl=C0055AA500112233 crc=9E3E air=112
P n=3432 dr=0 q=28 t=0719208571 dt=   +1545 OK m=5 rssi=-48 dn=14871 ty=0B tt=5 B3=C2 pl=1068004D05016500 crc=5F16 air=112
P n=3433 dr=0 q=29 t=0719210138 dt=   +1567 OK m=5 rssi=-34 dn=14871 ty=0B tt=5 B3=82 pl=3F085AA500112233 crc=B385 air=112
P n=3434 dr=0 q=30 t=0719211684 dt=   +1546 OK m=5 rssi=-49 dn=14871 ty=0B tt=5 B3=D2 pl=1068004D05016500 crc=0CE8 air=112
P n=3435 dr=0 q=30 t=0719213251 dt=   +1567 OK m=5 rssi=-33 dn=14871 ty=0B tt=5 B3=92 pl=3F105AA500112233 crc=44AD air=112
P n=3436 dr=0 q=31 t=0719214797 dt=   +1546 OK m=5 rssi=-48 dn=14871 ty=0B tt=5 B3=C2 pl=1068004D05016500 crc=5F16 air=113
P n=3437 dr=0 q=32 t=0719216364 dt=   +1567 OK m=5 rssi=-33 dn=14871 ty=0B tt=5 B3=82 pl=C0065AA500112233 crc=1542 air=113
P n=3438 dr=0 q=33 t=0719217910 dt=   +1546 OK m=5 rssi=-47 dn=14871 ty=0B tt=5 B3=D2 pl=1068004D05016500 crc=0CE8 air=112
P n=3439 dr=0 q=34 t=0719219482 dt=   +1572 OK m=5 rssi=-33 dn=14871 ty=0B tt=5 B3=92 pl=3F085AA500112233 crc=E07B air=107
P n=3440 dr=0 q=35 t=0719221022 dt=   +1540 OK m=5 rssi=-48 dn=14871 ty=0B tt=5 B3=C2 pl=1068004D05016500 crc=5F16 air=112
P n=3441 dr=0 q=36 t=0719222589 dt=   +1567 OK m=5 rssi=-33 dn=14871 ty=0B tt=5 B3=82 pl=3F105AA500112233 crc=1753 air=112
P n=3442 dr=0 q=36 t=0719224135 dt=   +1546 OK m=5 rssi=-50 dn=14871 ty=0B tt=5 B3=D2 pl=1068004D05016500 crc=0CE8 air=112
P n=3443 dr=0 q=37 t=0719225702 dt=   +1567 OK m=5 rssi=-33 dn=14871 ty=0B tt=5 B3=92 pl=C0075AA500112233 crc=FEDD air=112
P n=3444 dr=0 q=38 t=0719227248 dt=   +1546 OK m=5 rssi=-49 dn=14871 ty=0B tt=5 B3=C2 pl=1068004D05016500 crc=5F16 air=112
P n=3445 dr=0 q=39 t=0719228815 dt=   +1567 OK m=5 rssi=-33 dn=14871 ty=0B tt=5 B3=82 pl=3F085AA500112233 crc=B385 air=112
P n=3446 dr=0 q=40 t=0719230361 dt=   +1546 OK m=5 rssi=-48 dn=14871 ty=0B tt=5 B3=D2 pl=1068004D05016500 crc=0CE8 air=112
P n=3447 dr=0 q=41 t=0719231897 dt=   +1536 OK m=5 rssi=-33 dn=14871 ty=0B tt=5 B3=92 pl=3F105AA500112233 crc=44AD air=112
P n=3448 dr=0 q=42 t=0719233474 dt=   +1577 OK m=5 rssi=-47 dn=14871 ty=0B tt=5 B3=C2 pl=1068004D05016500 crc=5F16 air=114
P n=3449 dr=0 q=42 t=0719235010 dt=   +1536 OK m=5 rssi=-33 dn=14871 ty=0B tt=5 B3=82 pl=C0085AA500112233 crc=27CA air=112
P n=3450 dr=0 q=43 t=0719236556 dt=   +1546 OK m=5 rssi=-48 dn=14871 ty=0B tt=5 B3=D2 pl=1068004D05016500 crc=0CE8 air=112
P n=3451 dr=0 q=44 t=0719238123 dt=   +1567 OK m=5 rssi=-33 dn=14871 ty=0B tt=5 B3=92 pl=3F085AA500112233 crc=E07B air=112
P n=3452 dr=0 q=45 t=0719239669 dt=   +1546 OK m=5 rssi=-49 dn=14871 ty=0B tt=5 B3=C2 pl=1068004D05016500 crc=5F16 air=112
P n=3453 dr=0 q=46 t=0719241236 dt=   +1567 OK m=5 rssi=-33 dn=14871 ty=0B tt=5 B3=A2 pl=3F105AA500112233 crc=B0AF air=112
P n=3454 dr=0 q=47 t=0719242781 dt=   +1545 OK m=5 rssi=-48 dn=14871 ty=0B tt=5 B3=F2 pl=1068004D05016500 crc=AB14 air=112
P n=3455 dr=0 q=32 t=0719407879 dt= +165098 OK m=5 rssi=-47 dn=14871 ty=0B tt=5 B3=0A pl=1068004D05016500 crc=9682 air=112
P n=3456 dr=0 q=10 t=0719657570 dt= +249691 OK m=5 rssi=-47 dn=14871 ty=0B tt=5 B3=0A pl=1069005168016300 crc=6B60 air=112
P n=3459 dr=0 q=0 t=0719907269 dt= +249699 OK m=5 rssi=-48 dn=14871 ty=0B tt=5 B3=0A pl=106A004ECC016400 crc=6B51 air=112
S t=0720012953 ours=3130 foreign=0 longframe=7 oddtype=0 crc_ok=3130 crc_err=330 addr=3460 end=3460 dropped=0  B3: 0A=2856 82=51 92=46 A2=20 B2=3 C2=43 D2=89 E2=3 F2=19
P n=3461 dr=0 q=0 t=0720156961 dt= +249692 OK m=5 rssi=-47 dn=14871 ty=0B tt=5 B3=0A pl=106B005131026500 crc=7E39 air=112
P n=3462 dr=0 q=0 t=0720406652 dt= +249691 OK m=5 rssi=-48 dn=14871 ty=0B tt=5 B3=0A pl=106C005398026700 crc=5C9D air=124
P n=3464 dr=0 q=0 t=0720656344 dt= +249692 OK m=5 rssi=-47 dn=14871 ty=0B tt=5 B3=0A pl=106D004EFC026400 crc=07AC air=112
P n=3465 dr=0 q=0 t=0720906035 dt= +249691 OK m=5 rssi=-48 dn=14871 ty=0B tt=5 B3=0A pl=106E004F5E036200 crc=EFF7 air=112
P n=3466 dr=0 q=0 t=0721155727 dt= +249692 OK m=5 rssi=-48 dn=14871 ty=0B tt=5 B3=0A pl=106F0052C2036400 crc=51BD air=112
P n=3467 dr=0 q=0 t=0721405418 dt= +249691 OK m=5 rssi=-48 dn=14871 ty=0B tt=5 B3=0A pl=1070004D25046300 crc=444C air=112
P n=3468 dr=0 q=0 t=0721655110 dt= +249692 OK m=5 rssi=-48 dn=14871 ty=0B tt=5 B3=0A pl=107100538B046600 crc=8006 air=112
P n=3469 dr=0 q=1 t=0721657295 dt=   +2185 OK m=5 rssi=-34 dn=14871 ty=0B tt=5 B3=82 pl=C0005AA500112233 crc=B467 air=112
P n=3470 dr=0 q=2 t=0721658886 dt=   +1591 OK m=5 rssi=-48 dn=14871 ty=0B tt=5 B3=D2 pl=1072004EF1046600 crc=CD10 air=112
P n=3471 dr=0 q=3 t=0721660378 dt=   +1492 OK m=5 rssi=-33 dn=14871 ty=0B tt=5 B3=92 pl=3F085AA500112233 crc=E07B air=112
P n=3472 dr=0 q=4 t=0721661968 dt=   +1590 OK m=5 rssi=-48 dn=14871 ty=0B tt=5 B3=C2 pl=1072004EF1046600 crc=9EEE air=112
P n=3473 dr=0 q=5 t=0721663520 dt=   +1552 OK m=5 rssi=-34 dn=14871 ty=0B tt=5 B3=82 pl=3F105AA500112233 crc=1753 air=112
P n=3474 dr=0 q=6 t=0721665051 dt=   +1531 OK m=5 rssi=-48 dn=14871 ty=0B tt=5 B3=D2 pl=1072004EF1046600 crc=CD10 air=112
P n=3475 dr=0 q=6 t=0721666634 dt=   +1583 OK m=5 rssi=-34 dn=14871 ty=0B tt=5 B3=92 pl=C0015AA500112233 crc=5FF8 air=113
P n=3476 dr=0 q=7 t=0721668163 dt=   +1529 OK m=5 rssi=-48 dn=14871 ty=0B tt=5 B3=C2 pl=1072004EF1046600 crc=9EEE air=112
P n=3477 dr=0 q=8 t=0721669715 dt=   +1552 OK m=5 rssi=-34 dn=14871 ty=0B tt=5 B3=82 pl=3F085AA500112233 crc=B385 air=112
P n=3478 dr=0 q=9 t=0721671276 dt=   +1561 OK m=5 rssi=-49 dn=14871 ty=0B tt=5 B3=D2 pl=1072004EF1046600 crc=CD10 air=112
P n=3479 dr=0 q=10 t=0721672798 dt=   +1522 OK m=5 rssi=-33 dn=14871 ty=0B tt=5 B3=92 pl=3F105AA500112233 crc=44AD air=112
P n=3480 dr=0 q=11 t=0721674389 dt=   +1591 OK m=5 rssi=-48 dn=14871 ty=0B tt=5 B3=C2 pl=1072004EF1046600 crc=9EEE air=112
P n=3481 dr=0 q=12 t=0721675915 dt=   +1526 OK m=5 rssi=-34 dn=14871 ty=0B tt=5 B3=82 pl=C0025AA500112233 crc=D484 air=108
P n=3482 dr=0 q=12 t=0721677471 dt=   +1556 OK m=5 rssi=-48 dn=14871 ty=0B tt=5 B3=D2 pl=1072004EF1046600 crc=CD10 air=112
P n=3483 dr=0 q=13 t=0721679024 dt=   +1553 OK m=5 rssi=-33 dn=14871 ty=0B tt=5 B3=92 pl=3F085AA500112233 crc=E07B air=112
P n=3484 dr=0 q=14 t=0721680584 dt=   +1560 OK m=5 rssi=-48 dn=14871 ty=0B tt=5 B3=C2 pl=1072004EF1046600 crc=9EEE air=112
P n=3485 dr=0 q=15 t=0721682137 dt=   +1553 OK m=5 rssi=-33 dn=14871 ty=0B tt=5 B3=82 pl=3F105AA500112233 crc=1753 air=112
P n=3486 dr=0 q=16 t=0721683697 dt=   +1560 OK m=5 rssi=-48 dn=14871 ty=0B tt=5 B3=D2 pl=1072004EF1046600 crc=CD10 air=112
P n=3487 dr=0 q=17 t=0721685249 dt=   +1552 OK m=5 rssi=-34 dn=14871 ty=0B tt=5 B3=92 pl=C0035AA500112233 crc=3F1B air=112
P n=3488 dr=0 q=18 t=0721686810 dt=   +1561 OK m=5 rssi=-49 dn=14871 ty=0B tt=5 B3=C2 pl=1072004EF1046600 crc=9EEE air=112
P n=3489 dr=0 q=18 t=0721688362 dt=   +1552 OK m=5 rssi=-34 dn=14871 ty=0B tt=5 B3=82 pl=3F085AA500112233 crc=B385 air=112
P n=3490 dr=0 q=19 t=0721689922 dt=   +1560 OK m=5 rssi=-48 dn=14871 ty=0B tt=5 B3=D2 pl=1072004EF1046600 crc=CD10 air=112
P n=3491 dr=0 q=20 t=0721691475 dt=   +1553 OK m=5 rssi=-34 dn=14871 ty=0B tt=5 B3=92 pl=3F105AA500112233 crc=44AD air=112
P n=3492 dr=0 q=21 t=0721693034 dt=   +1559 OK m=5 rssi=-48 dn=14871 ty=0B tt=5 B3=C2 pl=1072004EF1046600 crc=9EEE air=112
P n=3493 dr=0 q=22 t=0721694557 dt=   +1523 OK m=5 rssi=-33 dn=14871 ty=0B tt=5 B3=82 pl=C0045AA500112233 crc=75A1 air=112
P n=3494 dr=0 q=23 t=0721696148 dt=   +1591 OK m=5 rssi=-48 dn=14871 ty=0B tt=5 B3=D2 pl=1072004EF1046600 crc=CD10 air=112
P n=3495 dr=0 q=24 t=0721697670 dt=   +1522 OK m=5 rssi=-33 dn=14871 ty=0B tt=5 B3=92 pl=3F085AA500112233 crc=E07B air=112
P n=3496 dr=0 q=24 t=0721699229 dt=   +1559 OK m=5 rssi=-48 dn=14871 ty=0B tt=5 B3=C2 pl=1072004EF1046600 crc=9EEE air=112
P n=3497 dr=0 q=25 t=0721700782 dt=   +1553 OK m=5 rssi=-33 dn=14871 ty=0B tt=5 B3=82 pl=3F105AA500112233 crc=1753 air=112
P n=3498 dr=0 q=26 t=0721702342 dt=   +1560 OK m=5 rssi=-48 dn=14871 ty=0B tt=5 B3=D2 pl=1072004EF1046600 crc=CD10 air=112
P n=3499 dr=0 q=27 t=0721703896 dt=   +1554 OK m=5 rssi=-34 dn=14871 ty=0B tt=5 B3=92 pl=C0055AA500112233 crc=9E3E air=112
P n=3500 dr=0 q=28 t=0721705455 dt=   +1559 OK m=5 rssi=-48 dn=14871 ty=0B tt=5 B3=C2 pl=1072004EF1046600 crc=9EEE air=112
P n=3501 dr=0 q=29 t=0721707008 dt=   +1553 OK m=5 rssi=-33 dn=14871 ty=0B tt=5 B3=82 pl=3F085AA500112233 crc=B385 air=112
P n=3502 dr=0 q=30 t=0721708568 dt=   +1560 OK m=5 rssi=-48 dn=14871 ty=0B tt=5 B3=D2 pl=1072004EF1046600 crc=CD10 air=112
P n=3503 dr=0 q=30 t=0721710121 dt=   +1553 OK m=5 rssi=-33 dn=14871 ty=0B tt=5 B3=92 pl=3F105AA500112233 crc=44AD air=112
P n=3504 dr=0 q=31 t=0721711681 dt=   +1560 OK m=5 rssi=-48 dn=14871 ty=0B tt=5 B3=C2 pl=1072004EF1046600 crc=9EEE air=112
P n=3505 dr=0 q=32 t=0721713234 dt=   +1553 OK m=5 rssi=-33 dn=14871 ty=0B tt=5 B3=82 pl=C0065AA500112233 crc=1542 air=112
P n=3506 dr=0 q=33 t=0721714793 dt=   +1559 OK m=5 rssi=-48 dn=14871 ty=0B tt=5 B3=D2 pl=1072004EF1046600 crc=CD10 air=112
P n=3507 dr=0 q=34 t=0721716347 dt=   +1554 OK m=5 rssi=-33 dn=14871 ty=0B tt=5 B3=92 pl=3F085AA500112233 crc=E07B air=112
P n=3508 dr=0 q=35 t=0721717906 dt=   +1559 OK m=5 rssi=-48 dn=14871 ty=0B tt=5 B3=C2 pl=1072004EF1046600 crc=9EEE air=112
P n=3509 dr=0 q=36 t=0721719460 dt=   +1554 OK m=5 rssi=-34 dn=14871 ty=0B tt=5 B3=82 pl=3F105AA500112233 crc=1753 air=112
P n=3510 dr=0 q=36 t=0721721019 dt=   +1559 OK m=5 rssi=-48 dn=14871 ty=0B tt=5 B3=D2 pl=1072004EF1046600 crc=CD10 air=112
P n=3511 dr=0 q=37 t=0721722572 dt=   +1553 OK m=5 rssi=-33 dn=14871 ty=0B tt=5 B3=92 pl=C0075AA500112233 crc=FEDD air=112
P n=3512 dr=0 q=38 t=0721724132 dt=   +1560 OK m=5 rssi=-48 dn=14871 ty=0B tt=5 B3=C2 pl=1072004EF1046600 crc=9EEE air=112
P n=3513 dr=0 q=39 t=0721725685 dt=   +1553 OK m=5 rssi=-34 dn=14871 ty=0B tt=5 B3=82 pl=3F085AA500112233 crc=B385 air=112
P n=3514 dr=0 q=40 t=0721727244 dt=   +1559 OK m=5 rssi=-48 dn=14871 ty=0B tt=5 B3=D2 pl=1072004EF1046600 crc=CD10 air=112
P n=3515 dr=0 q=41 t=0721728798 dt=   +1554 OK m=5 rssi=-33 dn=14871 ty=0B tt=5 B3=92 pl=3F105AA500112233 crc=44AD air=112
P n=3516 dr=0 q=42 t=0721730357 dt=   +1559 OK m=5 rssi=-48 dn=14871 ty=0B tt=5 B3=C2 pl=1072004EF1046600 crc=9EEE air=112
P n=3517 dr=0 q=42 t=0721731880 dt=   +1523 OK m=5 rssi=-34 dn=14871 ty=0B tt=5 B3=82 pl=C0085AA500112233 crc=27CA air=112
P n=3518 dr=0 q=43 t=0721733470 dt=   +1590 OK m=5 rssi=-48 dn=14871 ty=0B tt=5 B3=D2 pl=1072004EF1046600 crc=CD10 air=112
P n=3519 dr=0 q=44 t=0721734993 dt=   +1523 OK m=5 rssi=-34 dn=14871 ty=0B tt=5 B3=92 pl=3F085AA500112233 crc=E07B air=112
P n=3520 dr=0 q=45 t=0721736552 dt=   +1559 OK m=5 rssi=-48 dn=14871 ty=0B tt=5 B3=C2 pl=1072004EF1046600 crc=9EEE air=112
P n=3521 dr=0 q=46 t=0721738105 dt=   +1553 OK m=5 rssi=-34 dn=14871 ty=0B tt=5 B3=82 pl=3F105AA500112233 crc=1753 air=112
P n=3522 dr=0 q=47 t=0721739665 dt=   +1560 OK m=5 rssi=-48 dn=14871 ty=0B tt=5 B3=D2 pl=1072004EF1046600 crc=CD10 air=112
P n=3523 dr=0 q=48 t=0721741218 dt=   +1553 OK m=5 rssi=-34 dn=14871 ty=0B tt=5 B3=92 pl=C0095AA500112233 crc=CC55 air=112
P n=3524 dr=0 q=48 t=0721742778 dt=   +1560 OK m=5 rssi=-49 dn=14871 ty=0B tt=5 B3=C2 pl=1072004EF1046600 crc=9EEE air=112
P n=3525 dr=0 q=49 t=0721744330 dt=   +1552 OK m=5 rssi=-34 dn=14871 ty=0B tt=5 B3=82 pl=3F085AA500112233 crc=B385 air=112
P n=3526 dr=0 q=50 t=0721745891 dt=   +1561 OK m=5 rssi=-48 dn=14871 ty=0B tt=5 B3=D2 pl=1072004EF1046600 crc=CD10 air=114
P n=3527 dr=0 q=51 t=0721747443 dt=   +1552 OK m=5 rssi=-34 dn=14871 ty=0B tt=5 B3=92 pl=3F105AA500112233 crc=44AD air=112
P n=3528 dr=0 q=52 t=0721749004 dt=   +1561 OK m=5 rssi=-48 dn=14871 ty=0B tt=5 B3=C2 pl=1072004EF1046600 crc=9EEE air=112
P n=3529 dr=0 q=53 t=0721750556 dt=   +1552 OK m=5 rssi=-34 dn=14871 ty=0B tt=5 B3=82 pl=C00A5AA500112233 crc=4729 air=112
P n=3530 dr=0 q=53 t=0721752116 dt=   +1560 OK m=5 rssi=-51 dn=14871 ty=0B tt=5 B3=D2 pl=1072004EF1046600 crc=CD10 air=112
P n=3531 dr=0 q=54 t=0721753638 dt=   +1522 OK m=5 rssi=-33 dn=14871 ty=0B tt=5 B3=92 pl=3F085AA500112233 crc=E07B air=112
P n=3532 dr=0 q=55 t=0721755229 dt=   +1591 OK m=5 rssi=-48 dn=14871 ty=0B tt=5 B3=C2 pl=1072004EF1046600 crc=9EEE air=112
P n=3533 dr=0 q=56 t=0721756751 dt=   +1522 OK m=5 rssi=-33 dn=14871 ty=0B tt=5 B3=82 pl=3F105AA500112233 crc=1753 air=112
P n=3534 dr=0 q=57 t=0721758311 dt=   +1560 OK m=5 rssi=-48 dn=14871 ty=0B tt=5 B3=D2 pl=1072004EF1046600 crc=CD10 air=112
P n=3535 dr=0 q=58 t=0721759864 dt=   +1553 OK m=5 rssi=-34 dn=14871 ty=0B tt=5 B3=92 pl=C00B5AA500112233 crc=ACB6 air=112
P n=3536 dr=0 q=59 t=0721761424 dt=   +1560 OK m=5 rssi=-50 dn=14871 ty=0B tt=5 B3=C2 pl=1072004EF1046600 crc=9EEE air=112
P n=3537 dr=0 q=59 t=0721762979 dt=   +1555 OK m=5 rssi=-33 dn=14871 ty=0B tt=5 B3=82 pl=3F085AA500112233 crc=B385 air=110
P n=3538 dr=0 q=60 t=0721764537 dt=   +1558 OK m=5 rssi=-49 dn=14871 ty=0B tt=5 B3=D2 pl=1072004EF1046600 crc=CD10 air=112
P n=3539 dr=0 q=61 t=0721766089 dt=   +1552 OK m=5 rssi=-34 dn=14871 ty=0B tt=5 B3=92 pl=3F105AA500112233 crc=44AD air=112
P n=3540 dr=0 q=62 t=0721767649 dt=   +1560 OK m=5 rssi=-48 dn=14871 ty=0B tt=5 B3=C2 pl=1072004EF1046600 crc=9EEE air=112
P n=3541 dr=0 q=63 t=0721769202 dt=   +1553 OK m=5 rssi=-34 dn=14871 ty=0B tt=5 B3=82 pl=C00C5AA500112233 crc=E60C air=112
P n=3542 dr=0 q=64 t=0721770762 dt=   +1560 OK m=5 rssi=-48 dn=14871 ty=0B tt=5 B3=D2 pl=1072004EF1046600 crc=CD10 air=112
P n=3543 dr=0 q=65 t=0721772315 dt=   +1553 OK m=5 rssi=-34 dn=14871 ty=0B tt=5 B3=92 pl=3F085AA500112233 crc=E07B air=112
P n=3544 dr=0 q=65 t=0721773874 dt=   +1559 OK m=5 rssi=-49 dn=14871 ty=0B tt=5 B3=C2 pl=1072004EF1046600 crc=9EEE air=112
P n=3545 dr=0 q=66 t=0721775428 dt=   +1554 OK m=5 rssi=-33 dn=14871 ty=0B tt=5 B3=82 pl=3F105AA500112233 crc=1753 air=112
P n=3546 dr=0 q=67 t=0721776987 dt=   +1559 OK m=5 rssi=-49 dn=14871 ty=0B tt=5 B3=D2 pl=1072004EF1046600 crc=CD10 air=112
P n=3547 dr=0 q=68 t=0721778541 dt=   +1554 OK m=5 rssi=-34 dn=14871 ty=0B tt=5 B3=92 pl=C00D5AA500112233 crc=0D93 air=112
P n=3548 dr=0 q=69 t=0721780100 dt=   +1559 OK m=5 rssi=-48 dn=14871 ty=0B tt=5 B3=C2 pl=1072004EF1046600 crc=9EEE air=112
P n=3549 dr=0 q=70 t=0721781653 dt=   +1553 OK m=5 rssi=-34 dn=14871 ty=0B tt=5 B3=82 pl=3F085AA500112233 crc=B385 air=112
P n=3550 dr=0 q=71 t=0721783213 dt=   +1560 OK m=5 rssi=-49 dn=14871 ty=0B tt=5 B3=D2 pl=1072004EF1046600 crc=CD10 air=112
P n=3551 dr=0 q=71 t=0721784766 dt=   +1553 OK m=5 rssi=-34 dn=14871 ty=0B tt=5 B3=92 pl=3F105AA500112233 crc=44AD air=112
P n=3552 dr=0 q=72 t=0721786326 dt=   +1560 OK m=5 rssi=-48 dn=14871 ty=0B tt=5 B3=C2 pl=1072004EF1046600 crc=9EEE air=112
P n=3553 dr=0 q=73 t=0721787879 dt=   +1553 OK m=5 rssi=-34 dn=14871 ty=0B tt=5 B3=82 pl=C00E5AA500112233 crc=86EF air=112
P n=3554 dr=0 q=74 t=0721789438 dt=   +1559 OK m=5 rssi=-51 dn=14871 ty=0B tt=5 B3=D2 pl=1072004EF1046600 crc=CD10 air=112
P n=3555 dr=0 q=75 t=0721790961 dt=   +1523 OK m=5 rssi=-34 dn=14871 ty=0B tt=5 B3=92 pl=3F085AA500112233 crc=E07B air=112
P n=3556 dr=0 q=76 t=0721792551 dt=   +1590 OK m=5 rssi=-48 dn=14871 ty=0B tt=5 B3=C2 pl=1072004EF1046600 crc=9EEE air=112
P n=3557 dr=0 q=77 t=0721794074 dt=   +1523 OK m=5 rssi=-33 dn=14871 ty=0B tt=5 B3=82 pl=3F105AA500112233 crc=1753 air=112
P n=3558 dr=0 q=77 t=0721795633 dt=   +1559 OK m=5 rssi=-50 dn=14871 ty=0B tt=5 B3=D2 pl=1072004EF1046600 crc=CD10 air=112
P n=3559 dr=0 q=78 t=0721797187 dt=   +1554 OK m=5 rssi=-33 dn=14871 ty=0B tt=5 B3=92 pl=C00F5AA500112233 crc=6D70 air=112
P n=3560 dr=0 q=79 t=0721798746 dt=   +1559 OK m=5 rssi=-48 dn=14871 ty=0B tt=5 B3=C2 pl=1072004EF1046600 crc=9EEE air=112
P n=3561 dr=0 q=80 t=0721800301 dt=   +1555 OK m=5 rssi=-33 dn=14871 ty=0B tt=5 B3=82 pl=3F085AA500112233 crc=B385 air=111
P n=3562 dr=0 q=81 t=0721801859 dt=   +1558 OK m=5 rssi=-48 dn=14871 ty=0B tt=5 B3=D2 pl=1072004EF1046600 crc=CD10 air=112
P n=3563 dr=0 q=82 t=0721803412 dt=   +1553 OK m=5 rssi=-33 dn=14871 ty=0B tt=5 B3=92 pl=3F105AA500112233 crc=44AD air=112
P n=3564 dr=0 q=83 t=0721804972 dt=   +1560 OK m=5 rssi=-48 dn=14871 ty=0B tt=5 B3=C2 pl=1072004EF1046600 crc=9EEE air=112
P n=3565 dr=0 q=83 t=0721806525 dt=   +1553 OK m=5 rssi=-34 dn=14871 ty=0B tt=5 B3=82 pl=C0105AA500112233 crc=831C air=112
P n=3566 dr=0 q=84 t=0721808085 dt=   +1560 OK m=5 rssi=-49 dn=14871 ty=0B tt=5 B3=D2 pl=1072004EF1046600 crc=CD10 air=112
P n=3567 dr=0 q=85 t=0721809638 dt=   +1553 OK m=5 rssi=-33 dn=14871 ty=0B tt=5 B3=92 pl=3F085AA500112233 crc=E07B air=112
P n=3568 dr=0 q=86 t=0721811197 dt=   +1559 OK m=5 rssi=-48 dn=14871 ty=0B tt=5 B3=C2 pl=1072004EF1046600 crc=9EEE air=112
P n=3569 dr=0 q=87 t=0721812751 dt=   +1554 OK m=5 rssi=-34 dn=14871 ty=0B tt=5 B3=A2 pl=3F105AA500112233 crc=B0AF air=112
P n=3570 dr=0 q=88 t=0721814310 dt=   +1559 OK m=5 rssi=-49 dn=14871 ty=0B tt=5 B3=F2 pl=1072004EF1046600 crc=6AEC air=112
P n=3571 dr=0 q=80 t=0721904794 dt=  +90484 OK m=5 rssi=-49 dn=14871 ty=0B tt=5 B3=0A pl=1072004EF1046600 crc=577A air=112
P n=3572 dr=0 q=58 t=0722154486 dt= +249692 OK m=5 rssi=-48 dn=14871 ty=0B tt=5 B3=0A pl=1073004E52056100 crc=3016 air=112
P n=3573 dr=0 q=36 t=0722404176 dt= +249690 OK m=5 rssi=-49 dn=14871 ty=0B tt=5 B3=0A pl=1074004EB6056400 crc=98BC air=112
P n=3574 dr=0 q=14 t=0722653868 dt= +249692 OK m=5 rssi=-48 dn=14871 ty=0B tt=5 B3=0A pl=1075005317066100 crc=3F9A air=112
P n=3575 dr=0 q=0 t=0722903567 dt= +249699 OK m=5 rssi=-48 dn=14871 ty=0B tt=5 B3=0A pl=107600537E066700 crc=E71B air=112
P n=3576 dr=0 q=0 t=0723153258 dt= +249691 OK m=5 rssi=-48 dn=14871 ty=0B tt=5 B3=0A pl=10770051E1066300 crc=C54C air=112
P n=3577 dr=0 q=0 t=0723402950 dt= +249692 OK m=5 rssi=-48 dn=14871 ty=0B tt=5 B3=0A pl=1078004E47076600 crc=2B2C air=112
P n=3578 dr=0 q=0 t=0723652642 dt= +249692 OK m=5 rssi=-48 dn=14871 ty=0B tt=5 B3=0A pl=1079004FAB076400 crc=94A6 air=112
P n=3580 dr=0 q=0 t=0723902332 dt= +249690 OK m=5 rssi=-48 dn=14871 ty=0B tt=5 B3=0A pl=107A004E12086700 crc=9DB1 air=112
P n=3582 dr=0 q=0 t=0724152024 dt= +249692 OK m=5 rssi=-50 dn=14871 ty=0B tt=5 B3=0A pl=107B005374086200 crc=814E air=112
P n=3583 dr=0 q=0 t=0724401716 dt= +249692 OK m=5 rssi=-48 dn=14871 ty=0B tt=5 B3=0A pl=107C0051D8086400 crc=D36B air=112
P n=3584 dr=0 q=0 t=0724651407 dt= +249691 OK m=5 rssi=-48 dn=14871 ty=0B tt=5 B3=0A pl=107D00503B096300 crc=70CA air=112
P n=3585 dr=0 q=0 t=0724901099 dt= +249692 OK m=5 rssi=-50 dn=14871 ty=0B tt=5 B3=0A pl=107E004DA1096600 crc=DCA9 air=112
P n=3586 dr=0 q=0 t=0725150782 dt= +249683 OK m=5 rssi=-48 dn=14871 ty=0B tt=5 B3=0A pl=107F0052030A6200 crc=97E1 air=120
P n=3587 dr=0 q=0 t=0725400481 dt= +249699 OK m=5 rssi=-48 dn=14871 ty=0B tt=5 B3=0A pl=1080004F6A0A6700 crc=42E0 air=112
P n=3588 dr=0 q=0 t=0725650173 dt= +249692 OK m=5 rssi=-48 dn=14871 ty=0B tt=5 B3=0A pl=1081004ECB0A6100 crc=66B4 air=112
P n=3589 dr=0 q=0 t=0725899864 dt= +249691 OK m=5 rssi=-48 dn=14871 ty=0B tt=5 B3=0A pl=10820053320B6700 crc=6ABA air=112
P n=3590 dr=0 q=0 t=0726149556 dt= +249692 OK m=5 rssi=-49 dn=14871 ty=0B tt=5 B3=0A pl=1083004D980B6600 crc=A8C5 air=112
P n=3592 dr=0 q=0 t=0726399248 dt= +249692 OK m=5 rssi=-48 dn=14871 ty=0B tt=5 B3=0A pl=10840052FD0B6500 crc=60E6 air=112
P n=3593 dr=0 q=0 t=0726648938 dt= +249690 OK m=5 rssi=-48 dn=14871 ty=0B tt=5 B3=0A pl=108500515E0C6100 crc=0EAB air=112
P n=3594 dr=0 q=0 t=0726898630 dt= +249692 OK m=5 rssi=-48 dn=14871 ty=0B tt=5 B3=0A pl=1086004EC20C6400 crc=C1D2 air=112
P n=3595 dr=0 q=0 t=0727148321 dt= +249691 OK m=5 rssi=-48 dn=14871 ty=0B tt=5 B3=0A pl=1087004D290D6700 crc=6FF7 air=112
P n=3596 dr=0 q=0 t=0727398013 dt= +249692 OK m=5 rssi=-48 dn=14871 ty=0B tt=5 B3=0A pl=1088004D900D6700 crc=E7B8 air=112
P n=3597 dr=0 q=0 t=0727647705 dt= +249692 OK m=5 rssi=-48 dn=14871 ty=0B tt=5 B3=0A pl=1089004FF60D6600 crc=5620 air=112
P n=3598 dr=0 q=0 t=0727897396 dt= +249691 OK m=5 rssi=-49 dn=14871 ty=0B tt=5 B3=0A pl=108A00515D0E6700 crc=DB58 air=112
P n=3599 dr=0 q=0 t=0728147087 dt= +249691 OK m=5 rssi=-50 dn=14871 ty=0B tt=5 B3=0A pl=108B004DC40E6700 crc=D9A0 air=112
P n=3600 dr=0 q=0 t=0728396779 dt= +249692 OK m=5 rssi=-48 dn=14871 ty=0B tt=5 B3=0A pl=108C004E280F6400 crc=878D air=112
P n=3601 dr=0 q=0 t=0728646470 dt= +249691 OK m=5 rssi=-48 dn=14871 ty=0B tt=5 B3=0A pl=108D004F8F0F6700 crc=7BB5 air=112
P n=3602 dr=0 q=0 t=0728896162 dt= +249692 OK m=5 rssi=-50 dn=14871 ty=0B tt=5 B3=0A pl=108E0051F10F6200 crc=771F air=112
P n=3603 dr=0 q=0 t=0729145854 dt= +249692 OK m=5 rssi=-50 dn=14871 ty=0B tt=5 B3=0A pl=108F004E55106400 crc=4BAE air=112
P n=3605 dr=0 q=0 t=0729395544 dt= +249690 OK m=5 rssi=-51 dn=14871 ty=0B tt=5 B3=0A pl=1090004EBA106500 crc=9509 air=112
P n=3607 dr=0 q=0 t=0729645236 dt= +249692 OK m=5 rssi=-49 dn=14871 ty=0B tt=5 B3=0A pl=109100511D116300 crc=6A06 air=112
P n=3608 dr=0 q=0 t=0729894927 dt= +249691 OK m=5 rssi=-48 dn=14871 ty=0B tt=5 B3=0A pl=1092005380116300 crc=091E air=112
P n=3609 dr=0 q=0 t=0730144619 dt= +249692 OK m=5 rssi=-47 dn=14871 ty=0B tt=5 B3=0A pl=10930051E1116100 crc=BCF8 air=112
P n=3610 dr=0 q=0 t=0730394311 dt= +249692 OK m=5 rssi=-49 dn=14871 ty=0B tt=5 B3=0A pl=1094005148126700 crc=4F4B air=112
P n=3611 dr=0 q=0 t=0730644002 dt= +249691 OK m=5 rssi=-48 dn=14871 ty=0B tt=5 B3=0A pl=50FFFF01FF000100 crc=2C50 air=112
P n=3612 dr=0 q=0 t=0730893693 dt= +249691 OK m=5 rssi=-48 dn=14871 ty=0B tt=5 B3=0A pl=011201FFFFFFFFFF crc=52B2 air=112
P n=3613 dr=0 q=0 t=0731143385 dt= +249692 OK m=5 rssi=-49 dn=14871 ty=0B tt=5 B3=0A pl=51FF010153555400 crc=9BAC air=112
P n=3614 dr=0 q=0 t=0731393076 dt= +249691 OK m=5 rssi=-51 dn=14871 ty=0B tt=5 B3=0A pl=1095004FAE126600 crc=AC9A air=112
P n=3615 dr=0 q=0 t=0731642768 dt= +249692 OK m=5 rssi=-48 dn=14871 ty=0B tt=5 B3=0A pl=1096005013136500 crc=BF8F air=111
P n=3617 dr=0 q=0 t=0731892459 dt= +249691 OK m=5 rssi=-48 dn=14871 ty=0B tt=5 B3=0A pl=1097005075136200 crc=E032 air=112
P n=3619 dr=0 q=0 t=0732142151 dt= +249692 OK m=5 rssi=-49 dn=14871 ty=0B tt=5 B3=0A pl=1098004EDB136600 crc=25C1 air=112
P n=3620 dr=0 q=0 t=0732391842 dt= +249691 OK m=5 rssi=-48 dn=14871 ty=0B tt=5 B3=0A pl=1099005041146600 crc=7DF6 air=112
P n=3621 dr=0 q=0 t=0732641533 dt= +249691 OK m=5 rssi=-49 dn=14871 ty=0B tt=5 B3=0A pl=109A0050A5146400 crc=8D0D air=112
P n=3622 dr=0 q=0 t=0732891225 dt= +249692 OK m=5 rssi=-49 dn=14871 ty=0B tt=5 B3=0A pl=109B004D08156300 crc=6D1B air=112
P n=3623 dr=0 q=0 t=0733140917 dt= +249692 OK m=5 rssi=-49 dn=14871 ty=0B tt=5 B3=0A pl=109C00536E156600 crc=3E13 air=112
P n=3624 dr=0 q=0 t=0733390608 dt= +249691 OK m=5 rssi=-48 dn=14871 ty=0B tt=5 B3=0A pl=109D0051D2156400 crc=1A70 air=112
P n=3625 dr=0 q=0 t=0733640299 dt= +249691 OK m=5 rssi=-48 dn=14871 ty=0B tt=5 B3=0A pl=109E004F33166100 crc=5DFB air=112
P n=3626 dr=0 q=0 t=0733889990 dt= +249691 OK m=5 rssi=-48 dn=14871 ty=0B tt=5 B3=0A pl=109F004F99166600 crc=FED0 air=112
P n=3627 dr=0 q=0 t=0734139682 dt= +249692 OK m=5 rssi=-49 dn=14871 ty=0B tt=5 B3=0A pl=10A00051FF166600 crc=980D air=112
P n=3628 dr=0 q=0 t=0734389374 dt= +249692 OK m=5 rssi=-50 dn=14871 ty=0B tt=5 B3=0A pl=10A1005160176100 crc=9CBA air=112
P n=3629 dr=0 q=0 t=0734639065 dt= +249691 OK m=5 rssi=-49 dn=14871 ty=0B tt=5 B3=0A pl=10A20050C4176400 crc=311B air=112
P n=3630 dr=0 q=0 t=0734888757 dt= +249692 OK m=5 rssi=-49 dn=14871 ty=0B tt=5 B3=0A pl=10A3005325186100 crc=4632 air=112
S t=0735011096 ours=3292 foreign=0 longframe=7 oddtype=0 crc_ok=3292 crc_err=338 addr=3630 end=3630 dropped=0  B3: 0A=2916 82=76 92=71 A2=21 B2=3 C2=68 D2=114 E2=3 F2=20
P n=3632 dr=0 q=0 t=0735138448 dt= +249691 OK m=5 rssi=-51 dn=14871 ty=0B tt=5 B3=0A pl=10A4004E8C186700 crc=C9F1 air=112
P n=3634 dr=0 q=0 t=0735388132 dt= +249684 OK m=5 rssi=-49 dn=14871 ty=0B tt=5 B3=0A pl=10A5004FF3186700 crc=4D5A air=119
P n=3635 dr=0 q=0 t=0735637831 dt= +249699 OK m=5 rssi=-49 dn=14871 ty=0B tt=5 B3=0A pl=10A600535A196700 crc=3498 air=112
P n=3636 dr=0 q=0 t=0735887522 dt= +249691 OK m=5 rssi=-49 dn=14871 ty=0B tt=5 B3=0A pl=10A7004DC1196700 crc=9F8B air=112
P n=3637 dr=0 q=0 t=0736137214 dt= +249692 OK m=5 rssi=-49 dn=14871 ty=0B tt=5 B3=0A pl=10A80050261A6500 crc=DAB7 air=112
P n=3638 dr=0 q=0 t=0736386906 dt= +249692 OK m=5 rssi=-50 dn=14871 ty=0B tt=5 B3=0A pl=10A9004F881A6200 crc=D2CE air=112
P n=3639 dr=0 q=0 t=0736636596 dt= +249690 OK m=5 rssi=-49 dn=14871 ty=0B tt=5 B3=0A pl=10AA0052E91A6100 crc=5559 air=112
P n=3640 dr=0 q=0 t=0736886288 dt= +249692 OK m=5 rssi=-49 dn=14871 ty=0B tt=5 B3=0A pl=10AB00514E1B6500 crc=4345 air=112
P n=3641 dr=0 q=0 t=0737135980 dt= +249692 OK m=5 rssi=-49 dn=14871 ty=0B tt=5 B3=0A pl=10AC004DB21B6400 crc=363E air=112
P n=3642 dr=0 q=0 t=0737385671 dt= +249691 OK m=5 rssi=-47 dn=14871 ty=0B tt=5 B3=0A pl=10AD0051141C6200 crc=E3F7 air=112
P n=3644 dr=0 q=0 t=0737635363 dt= +249692 OK m=5 rssi=-47 dn=14871 ty=0B tt=5 B3=0A pl=10AE004F791C6500 crc=0944 air=112
P n=3645 dr=0 q=0 t=0737885055 dt= +249692 OK m=5 rssi=-48 dn=14871 ty=0B tt=5 B3=0A pl=10AF004DDD1C6400 crc=E610 air=112
P n=3646 dr=0 q=0 t=0738134745 dt= +249690 OK m=5 rssi=-49 dn=14871 ty=0B tt=5 B3=0A pl=10B00051421D6500 crc=C283 air=112
P n=3647 dr=0 q=0 t=0738384437 dt= +249692 OK m=5 rssi=-47 dn=14871 ty=0B tt=5 B3=0A pl=10B1004FA41D6200 crc=8BF4 air=112
P n=3648 dr=0 q=0 t=0738634124 dt= +249687 OK m=5 rssi=-48 dn=14871 ty=0B tt=5 B3=0A pl=10B20052071E6300 crc=6D9D air=116
P n=3649 dr=0 q=0 t=0738883820 dt= +249696 OK m=5 rssi=-47 dn=14871 ty=0B tt=5 B3=0A pl=10B300536D1E6600 crc=B121 air=112
P n=3650 dr=0 q=0 t=0739133512 dt= +249692 OK m=5 rssi=-47 dn=14871 ty=0B tt=5 B3=0A pl=10B4004ED21E6500 crc=FD29 air=112
P n=3651 dr=0 q=0 t=0739383202 dt= +249690 OK m=5 rssi=-47 dn=14871 ty=0B tt=5 B3=0A pl=10B50050331F6100 crc=8710 air=112
P n=3652 dr=0 q=0 t=0739632894 dt= +249692 OK m=5 rssi=-47 dn=14871 ty=0B tt=5 B3=0A pl=10B60052951F6200 crc=83AD air=112
P n=3654 dr=0 q=0 t=0739882586 dt= +249692 OK m=5 rssi=-47 dn=14871 ty=0B tt=5 B3=0A pl=10B7004DFB1F6600 crc=6D23 air=112
P n=3655 dr=0 q=0 t=0740132277 dt= +249691 OK m=5 rssi=-47 dn=14871 ty=0B tt=5 B3=0A pl=10B8004F5F206400 crc=0C38 air=112
P n=3656 dr=0 q=0 t=0740381969 dt= +249692 OK m=5 rssi=-47 dn=14871 ty=0B tt=5 B3=0A pl=10B9004FC0206100 crc=59DD air=112
P n=3657 dr=0 q=0 t=0740631660 dt= +249691 OK m=5 rssi=-47 dn=14871 ty=0B tt=5 B3=0A pl=10BA005221216100 crc=6111 air=112
P n=3658 dr=0 q=0 t=0740881351 dt= +249691 OK m=5 rssi=-47 dn=14871 ty=0B tt=5 B3=0A pl=10BB005383216200 crc=216C air=112
P n=3659 dr=0 q=0 t=0741131043 dt= +249692 OK m=5 rssi=-46 dn=14871 ty=0B tt=5 B3=0A pl=10BC0051E6216300 crc=AA0D air=112
P n=3660 dr=0 q=0 t=0741380734 dt= +249691 OK m=5 rssi=-46 dn=14871 ty=0B tt=5 B3=0A pl=10BD004F4B226500 crc=F998 air=112
P n=3661 dr=0 q=0 t=0741630426 dt= +249692 OK m=5 rssi=-47 dn=14871 ty=0B tt=5 B3=0A pl=10BE004EAD226200 crc=B1AF air=112
P n=3662 dr=0 q=0 t=0741880118 dt= +249692 OK m=5 rssi=-46 dn=14871 ty=0B tt=5 B3=0A pl=10BF005113236600 crc=C012 air=105
P n=3663 dr=0 q=0 t=0742129809 dt= +249691 OK m=5 rssi=-46 dn=14871 ty=0B tt=5 B3=0A pl=10C000537A236700 crc=138D air=112
P n=3664 dr=0 q=0 t=0742379500 dt= +249691 OK m=5 rssi=-46 dn=14871 ty=0B tt=5 B3=0A pl=10C10052DF236500 crc=31EC air=112
P n=3665 dr=0 q=0 t=0742629191 dt= +249691 OK m=5 rssi=-47 dn=14871 ty=0B tt=5 B3=0A pl=10C2005043246400 crc=92E1 air=112
P n=3666 dr=0 q=0 t=0742878883 dt= +249692 OK m=5 rssi=-49 dn=14871 ty=0B tt=5 B3=0A pl=10C30050A9246600 crc=A0A3 air=112
P n=3667 dr=0 q=0 t=0743128575 dt= +249692 OK m=5 rssi=-49 dn=14871 ty=0B tt=5 B3=0A pl=10C400500E256500 crc=60DF air=112
P n=3668 dr=0 q=0 t=0743378266 dt= +249691 OK m=5 rssi=-49 dn=14871 ty=0B tt=5 B3=0A pl=10C5005273256500 crc=E7CE air=112
P n=3669 dr=0 q=0 t=0743627957 dt= +249691 OK m=5 rssi=-49 dn=14871 ty=0B tt=5 B3=0A pl=10C60053D5256200 crc=C165 air=112
P n=3670 dr=0 q=0 t=0743877649 dt= +249692 OK m=5 rssi=-50 dn=14871 ty=0B tt=5 B3=0A pl=10C7004D39266400 crc=8AD8 air=112
P n=3671 dr=0 q=0 t=0744127340 dt= +249691 OK m=5 rssi=-50 dn=14871 ty=0B tt=5 B3=0A pl=10C8004D9E266500 crc=885B air=112
P n=3674 dr=0 q=0 t=0744377032 dt= +249692 OK m=5 rssi=-56 dn=14871 ty=0B tt=5 B3=0A pl=10C9005201276300 crc=DE7E air=112
P n=3675 dr=0 q=0 t=0744626723 dt= +249691 OK m=5 rssi=-53 dn=14871 ty=0B tt=5 B3=0A pl=10CA004D67276600 crc=E6E1 air=112
P n=3676 dr=0 q=0 t=0744876415 dt= +249692 OK m=5 rssi=-52 dn=14871 ty=0B tt=5 B3=0A pl=10CB004ECB276400 crc=7374 air=112
P n=3677 dr=0 q=0 t=0745126106 dt= +249691 OK m=5 rssi=-53 dn=14871 ty=0B tt=5 B3=0A pl=10CC004E2E286300 crc=E739 air=107
P n=3678 dr=0 q=0 t=0745375797 dt= +249691 OK m=5 rssi=-53 dn=14871 ty=0B tt=5 B3=0A pl=10CD005292286400 crc=F75D air=112
P n=3679 dr=0 q=0 t=0745625496 dt= +249699 OK m=5 rssi=-51 dn=14871 ty=0B tt=5 B3=0A pl=10CE0052F5286300 crc=BEB7 air=105
P n=3680 dr=0 q=0 t=0745875181 dt= +249685 OK m=5 rssi=-51 dn=14871 ty=0B tt=5 B3=0A pl=10CF005356296100 crc=8C7F air=112
P n=3681 dr=0 q=0 t=0746124872 dt= +249691 OK m=5 rssi=-52 dn=14871 ty=0B tt=5 B3=0A pl=10D0004DB7296100 crc=0841 air=112
P n=3682 dr=0 q=0 t=0746374564 dt= +249692 OK m=5 rssi=-51 dn=14871 ty=0B tt=5 B3=0A pl=10D1004E192A6200 crc=1ADD air=112
P n=3684 dr=0 q=0 t=0746624254 dt= +249690 OK m=5 rssi=-51 dn=14871 ty=0B tt=5 B3=0A pl=10D200517A2A6100 crc=34A1 air=112
P n=3685 dr=0 q=0 t=0746873946 dt= +249692 OK m=5 rssi=-52 dn=14871 ty=0B tt=5 B3=0A pl=10D3004DDB2A6100 crc=9F73 air=112
P n=3686 dr=0 q=0 t=0747123638 dt= +249692 OK m=5 rssi=-51 dn=14871 ty=0B tt=5 B3=0A pl=10D4004D3C2B6100 crc=64C0 air=112
P n=3687 dr=0 q=0 t=0747373329 dt= +249691 OK m=5 rssi=-51 dn=14871 ty=0B tt=5 B3=0A pl=10D5004F9E2B6200 crc=CA6F air=112
P n=3688 dr=0 q=0 t=0747623021 dt= +249692 OK m=5 rssi=-52 dn=14871 ty=0B tt=5 B3=0A pl=10D60052032C6500 crc=D4D3 air=112
P n=3689 dr=0 q=0 t=0747872712 dt= +249691 OK m=5 rssi=-52 dn=14871 ty=0B tt=5 B3=0A pl=10D7004F662C6300 crc=06A3 air=112
P n=3690 dr=0 q=0 t=0748122403 dt= +249691 OK m=5 rssi=-51 dn=14871 ty=0B tt=5 B3=0A pl=10D80052C82C6200 crc=D277 air=112
P n=3691 dr=0 q=0 t=0748372095 dt= +249692 OK m=5 rssi=-52 dn=14871 ty=0B tt=5 B3=0A pl=10D900512B2D6300 crc=9FF3 air=112
P n=3693 dr=0 q=0 t=0748621786 dt= +249691 OK m=5 rssi=-52 dn=14871 ty=0B tt=5 B3=0A pl=10DA004E922D6700 crc=E8B0 air=112
P n=3694 dr=0 q=0 t=0748871470 dt= +249684 OK m=5 rssi=-52 dn=14871 ty=0B tt=5 B3=0A pl=10DB004DF82D6600 crc=BC4B air=120
P n=3695 dr=0 q=0 t=0749121170 dt= +249700 OK m=5 rssi=-52 dn=14871 ty=0B tt=5 B3=0A pl=10DC004F5E2E6600 crc=7533 air=112
P n=3696 dr=0 q=0 t=0749370860 dt= +249690 OK m=5 rssi=-53 dn=14871 ty=0B tt=5 B3=0A pl=10DD0050BF2E6100 crc=C738 air=112
P n=3697 dr=0 q=0 t=0749620552 dt= +249692 OK m=5 rssi=-52 dn=14871 ty=0B tt=5 B3=0A pl=10DE004E202F6100 crc=F109 air=112
P n=3698 dr=0 q=0 t=0749870244 dt= +249692 OK m=5 rssi=-53 dn=14871 ty=0B tt=5 B3=0A pl=10DF0052842F6400 crc=196B air=112
S t=0750011101 ours=3352 foreign=0 longframe=7 oddtype=0 crc_ok=3352 crc_err=346 addr=3698 end=3698 dropped=0  B3: 0A=2976 82=76 92=71 A2=21 B2=3 C2=68 D2=114 E2=3 F2=20
P n=3699 dr=0 q=0 t=0750119935 dt= +249691 OK m=5 rssi=-58 dn=14871 ty=0B tt=5 B3=0A pl=10E0004DEA2F6600 crc=3646 air=112
P n=3701 dr=0 q=0 t=0750369627 dt= +249692 OK m=5 rssi=-58 dn=14871 ty=0B tt=5 B3=0A pl=10E1004F4D306300 crc=E158 air=112
P n=3702 dr=0 q=0 t=0750619318 dt= +249691 OK m=5 rssi=-53 dn=14871 ty=0B tt=5 B3=0A pl=10E2004DB1306400 crc=34B1 air=112
P n=3703 dr=0 q=0 t=0750869009 dt= +249691 OK m=5 rssi=-54 dn=14871 ty=0B tt=5 B3=0A pl=10E3004F14316300 crc=30C7 air=112
P n=3704 dr=0 q=0 t=0751118701 dt= +249692 OK m=5 rssi=-53 dn=14871 ty=0B tt=5 B3=0A pl=10E4005378316400 crc=2985 air=112
P n=3705 dr=0 q=0 t=0751368392 dt= +249691 OK m=5 rssi=-53 dn=14871 ty=0B tt=5 B3=0A pl=10E50053DA316200 crc=3C5C air=112
P n=3706 dr=0 q=0 t=0751618084 dt= +249692 OK m=5 rssi=-53 dn=14871 ty=0B tt=5 B3=0A pl=10E6005040326600 crc=31AC air=112
P n=3707 dr=0 q=0 t=0751867776 dt= +249692 OK m=5 rssi=-56 dn=14871 ty=0B tt=5 B3=0A pl=10E7004EA5326500 crc=2FC3 air=112
P n=3708 dr=0 q=0 t=0752117466 dt= +249690 OK m=5 rssi=-58 dn=14871 ty=0B tt=5 B3=0A pl=10E800510C336700 crc=8CDA air=119
P n=3709 dr=0 q=0 t=0752367158 dt= +249692 OK m=5 rssi=-62 dn=14871 ty=0B tt=5 B3=0A pl=10E9004D6E336200 crc=F085 air=112
P n=3710 dr=0 q=0 t=0752616849 dt= +249691 OK m=5 rssi=-61 dn=14871 ty=0B tt=5 B3=0A pl=10EA0053D1336300 crc=F5FB air=112
P n=3711 dr=0 q=0 t=0752866541 dt= +249692 OK m=5 rssi=-61 dn=14871 ty=0B tt=5 B3=0A pl=10EB005132346100 crc=F5DD air=112
P n=3712 dr=0 q=0 t=0753116233 dt= +249692 OK m=5 rssi=-62 dn=14871 ty=0B tt=5 B3=0A pl=10EC005298346600 crc=1901 air=112
P n=3714 dr=0 q=0 t=0753365924 dt= +249691 OK m=5 rssi=-62 dn=14871 ty=0B tt=5 B3=0A pl=10ED0050FB346300 crc=D818 air=112
P n=3716 dr=0 q=0 t=0753615615 dt= +249691 OK m=5 rssi=-61 dn=14871 ty=0B tt=5 B3=0A pl=10EE005360356500 crc=AB5E air=112
P n=3717 dr=0 q=0 t=0753865307 dt= +249692 OK m=5 rssi=-63 dn=14871 ty=0B tt=5 B3=0A pl=10EF0053C4356400 crc=0089 air=112
P n=3718 dr=0 q=0 t=0754364690 dt= +499383 OK m=5 rssi=-63 dn=14871 ty=0B tt=5 B3=0A pl=10F100528D366400 crc=6B90 air=112
P n=3719 dr=0 q=0 t=0754614381 dt= +249691 OK m=5 rssi=-62 dn=14871 ty=0B tt=5 B3=0A pl=10F2004DF4366700 crc=36E0 air=112
P n=3720 dr=0 q=0 t=0754864073 dt= +249692 OK m=5 rssi=-62 dn=14871 ty=0B tt=5 B3=0A pl=10F3005055376100 crc=AAF5 air=112
P n=3721 dr=0 q=0 t=0755113764 dt= +249691 OK m=5 rssi=-62 dn=14871 ty=0B tt=5 B3=0A pl=10F40050BA376500 crc=2F71 air=112
P n=3723 dr=0 q=0 t=0755363454 dt= +249690 OK m=5 rssi=-62 dn=14871 ty=0B tt=5 B3=0A pl=10F5004F20386600 crc=21E5 air=113
P n=3724 dr=0 q=0 t=0755613147 dt= +249693 OK m=5 rssi=-62 dn=14871 ty=0B tt=5 B3=0A pl=10F6005284386400 crc=9AA2 air=112
P n=3725 dr=0 q=0 t=0755862838 dt= +249691 OK m=5 rssi=-62 dn=14871 ty=0B tt=5 B3=0A pl=10F7004FEA386600 crc=9A09 air=112
P n=3726 dr=0 q=0 t=0756112530 dt= +249692 OK m=5 rssi=-62 dn=14871 ty=0B tt=5 B3=0A pl=10F800524C396200 crc=03DB air=112
P n=3727 dr=0 q=0 t=0756362221 dt= +249691 OK m=5 rssi=-62 dn=14871 ty=0B tt=5 B3=0A pl=10F90053AE396200 crc=7869 air=112
P n=3728 dr=0 q=0 t=0756611912 dt= +249691 OK m=5 rssi=-61 dn=14871 ty=0B tt=5 B3=0A pl=10FA0052123A6400 crc=47AF air=112
P n=3729 dr=0 q=0 t=0756861604 dt= +249692 OK m=5 rssi=-62 dn=14871 ty=0B tt=5 B3=0A pl=10FB0052793A6700 crc=ED50 air=112
P n=3730 dr=0 q=0 t=0757111296 dt= +249692 OK m=5 rssi=-62 dn=14871 ty=0B tt=5 B3=0A pl=10FC004FDF3A6600 crc=2FEA air=112
P n=3732 dr=0 q=0 t=0757360987 dt= +249691 OK m=5 rssi=-62 dn=14871 ty=0B tt=5 B3=0A pl=10FD004E463B6700 crc=0C33 air=112
P n=3733 dr=0 q=0 t=0757610679 dt= +249692 OK m=5 rssi=-62 dn=14871 ty=0B tt=5 B3=0A pl=10FE0052A93B6300 crc=C700 air=112
P n=3735 dr=0 q=0 t=0757860369 dt= +249690 OK m=5 rssi=-62 dn=14871 ty=0B tt=5 B3=0A pl=10FF004E0B3C6200 crc=41AF air=112
P n=3737 dr=0 q=0 t=0758110061 dt= +249692 OK m=5 rssi=-62 dn=14871 ty=0B tt=5 B3=0A pl=10000051713C6600 crc=6367 air=112
P n=3738 dr=0 q=0 t=0758359753 dt= +249692 OK m=5 rssi=-62 dn=14871 ty=0B tt=5 B3=0A pl=1001004DD23C6100 crc=BC4A air=112
P n=3739 dr=0 q=0 t=0758609444 dt= +249691 OK m=5 rssi=-61 dn=14871 ty=0B tt=5 B3=0A pl=10020051373D6500 crc=28E2 air=112
P n=3740 dr=0 q=0 t=0758859136 dt= +249692 OK m=5 rssi=-59 dn=14871 ty=0B tt=5 B3=0A pl=100300519D3D6600 crc=470D air=112
P n=3741 dr=0 q=0 t=0759108828 dt= +249692 OK m=5 rssi=-53 dn=14871 ty=0B tt=5 B3=0A pl=1004004F043E6700 crc=CA32 air=112
P n=3743 dr=0 q=0 t=0759358518 dt= +249690 OK m=5 rssi=-53 dn=14871 ty=0B tt=5 B3=0A pl=10050050653E6100 crc=9630 air=112
P n=3745 dr=0 q=0 t=0759608210 dt= +249692 OK m=5 rssi=-49 dn=14871 ty=0B tt=5 B3=0A pl=10060052CA3E6500 crc=F86D air=112
P n=3746 dr=0 q=0 t=0759857901 dt= +249691 OK m=5 rssi=-46 dn=14871 ty=0B tt=5 B3=0A pl=10070052303F6600 crc=D589 air=112
P n=3747 dr=0 q=0 t=0760107593 dt= +249692 OK m=5 rssi=-47 dn=14871 ty=0B tt=5 B3=0A pl=1008004D923F6200 crc=F519 air=112
P n=3748 dr=0 q=0 t=0760357285 dt= +249692 OK m=5 rssi=-47 dn=14871 ty=0B tt=5 B3=0A pl=10090050F33F6100 crc=126D air=112
P n=3749 dr=0 q=0 t=0760606976 dt= +249691 OK m=5 rssi=-63 dn=14871 ty=0B tt=5 B3=0A pl=100A004D57406400 crc=C484 air=112
P n=3750 dr=0 q=0 t=0760856667 dt= +249691 OK m=5 rssi=-49 dn=14871 ty=0B tt=5 B3=0A pl=100B0052BB406400 crc=D69E air=112
P n=3751 dr=0 q=0 t=0761106359 dt= +249692 OK m=5 rssi=-43 dn=14871 ty=0B tt=5 B3=0A pl=50FFFF01FF000100 crc=2C50 air=112
P n=3752 dr=0 q=0 t=0761356050 dt= +249691 OK m=5 rssi=-53 dn=14871 ty=0B tt=5 B3=0A pl=011201FFFFFFFFFF crc=52B2 air=112
P n=3753 dr=0 q=0 t=0761605742 dt= +249692 OK m=5 rssi=-32 dn=14871 ty=0B tt=5 B3=0A pl=51FF010153555400 crc=9BAC air=112
P n=3754 dr=0 q=0 t=0761855434 dt= +249692 OK m=5 rssi=-59 dn=14871 ty=0B tt=5 B3=0A pl=100C004E21416600 crc=BFCD air=127
P n=3755 dr=0 q=0 t=0762105124 dt= +249690 OK m=5 rssi=-50 dn=14871 ty=0B tt=5 B3=0A pl=100D004D82416100 crc=0143 air=112
P n=3756 dr=0 q=0 t=0762354815 dt= +249691 OK m=5 rssi=-49 dn=14871 ty=0B tt=5 B3=0A pl=100E0051E3416100 crc=79D6 air=113
P n=3757 dr=0 q=0 t=0762604507 dt= +249692 OK m=5 rssi=-50 dn=14871 ty=0B tt=5 B3=0A pl=100F005245426200 crc=EE89 air=112
P n=3758 dr=0 q=0 t=0762854199 dt= +249692 OK m=5 rssi=-46 dn=14871 ty=0B tt=5 B3=0A pl=1010004DA8426300 crc=BCE5 air=112
P n=3759 dr=0 q=0 t=0763103891 dt= +249692 OK m=5 rssi=-49 dn=14871 ty=0B tt=5 B3=0A pl=101100510B436300 crc=CD6F air=112
P n=3760 dr=0 q=0 t=0763353582 dt= +249691 OK m=5 rssi=-47 dn=14871 ty=0B tt=5 B3=0A pl=101200526E436300 crc=1EA8 air=112
P n=3761 dr=0 q=0 t=0763603273 dt= +249691 OK m=5 rssi=-49 dn=14871 ty=0B tt=5 B3=0A pl=10130050D5436700 crc=C140 air=112
P n=3762 dr=0 q=0 t=0764102656 dt= +499383 OK m=5 rssi=-56 dn=14871 ty=0B tt=5 B3=0A pl=1015004F9D446400 crc=3A5A air=112
P n=3763 dr=0 q=0 t=0764352348 dt= +249692 OK m=5 rssi=-47 dn=14871 ty=0B tt=5 B3=0A pl=1016004EFF446200 crc=5695 air=112
P n=3764 dr=0 q=0 t=0764602039 dt= +249691 OK m=5 rssi=-49 dn=14871 ty=0B tt=5 B3=0A pl=1017004E62456300 crc=15EC air=112
P n=3765 dr=0 q=0 t=0764851731 dt= +249692 OK m=5 rssi=-52 dn=14871 ty=0B tt=5 B3=0A pl=1018004DC6456400 crc=C8C7 air=112
S t=0765010923 ours=3410 foreign=0 longframe=7 oddtype=0 crc_ok=3410 crc_err=355 addr=3765 end=3765 dropped=0  B3: 0A=3034 82=76 92=71 A2=21 B2=3 C2=68 D2=114 E2=3 F2=20
P n=3766 dr=0 q=0 t=0765101422 dt= +249691 OK m=5 rssi=-60 dn=14871 ty=0B tt=5 B3=0A pl=1019004D27466100 crc=245D air=107
P n=3767 dr=0 q=0 t=0765351113 dt= +249691 OK m=5 rssi=-55 dn=14871 ty=0B tt=5 B3=0A pl=101A005388466100 crc=09B5 air=112
P n=3768 dr=0 q=0 t=0765600805 dt= +249692 OK m=5 rssi=-52 dn=14871 ty=0B tt=5 B3=0A pl=101B0051E9466100 crc=DA31 air=112
P n=3770 dr=0 q=0 t=0765850496 dt= +249691 OK m=5 rssi=-53 dn=14871 ty=0B tt=5 B3=0A pl=101C004F4B476200 crc=6DFA air=112
P n=3771 dr=0 q=0 t=0766100188 dt= +249692 OK m=5 rssi=-56 dn=14871 ty=0B tt=5 B3=0A pl=101D0052AF476400 crc=1406 air=112
P n=3772 dr=0 q=0 t=0766349879 dt= +249691 OK m=5 rssi=-47 dn=14871 ty=0B tt=5 B3=0A pl=101E005313486400 crc=F407 air=112
P n=3773 dr=0 q=0 t=0766599570 dt= +249691 OK m=5 rssi=-49 dn=14871 ty=0B tt=5 B3=0A pl=101F005376486300 crc=3066 air=112
P n=3775 dr=0 q=0 t=0766849262 dt= +249692 OK m=5 rssi=-52 dn=14871 ty=0B tt=5 B3=0A pl=1020004DDA486400 crc=1423 air=112
P n=3776 dr=0 q=0 t=0767098954 dt= +249692 OK m=5 rssi=-54 dn=14871 ty=0B tt=5 B3=0A pl=1021005341496700 crc=DD53 air=112
P n=3777 dr=0 q=0 t=0767348645 dt= +249691 OK m=5 rssi=-53 dn=14871 ty=0B tt=5 B3=0A pl=1022004DA8496700 crc=B9BE air=112
P n=3778 dr=0 q=0 t=0767598337 dt= +249692 OK m=5 rssi=-49 dn=14871 ty=0B tt=5 B3=0A pl=102300530F4A6700 crc=2826 air=112
P n=3779 dr=0 q=0 t=0767848027 dt= +249690 OK m=5 rssi=-55 dn=14871 ty=0B tt=5 B3=0A pl=1024004F744A6500 crc=841B air=112
P n=3780 dr=0 q=0 t=0768097719 dt= +249692 OK m=5 rssi=-66 dn=14871 ty=0B tt=5 B3=0A pl=1025004FD74A6300 crc=E776 air=112
P n=3781 dr=0 q=0 t=0768347411 dt= +249692 OK m=5 rssi=-56 dn=14871 ty=0B tt=5 B3=0A pl=102600533A4B6300 crc=3AD9 air=108
P n=3782 dr=0 q=0 t=0768597102 dt= +249691 OK m=5 rssi=-61 dn=14871 ty=0B tt=5 B3=0A pl=102700529C4B6200 crc=D637 air=112
P n=3783 dr=0 q=0 t=0768846802 dt= +249700 OK m=5 rssi=-66 dn=14871 ty=0B tt=5 B3=0A pl=1028004DFD4B6100 crc=4748 air=104
P n=3784 dr=0 q=0 t=0769096486 dt= +249684 OK m=5 rssi=-48 dn=14871 ty=0B tt=5 B3=0A pl=10290053644C6700 crc=2E05 air=112
P n=3785 dr=0 q=0 t=0769346176 dt= +249690 OK m=5 rssi=-46 dn=14871 ty=0B tt=5 B3=0A pl=102A0052C84C6400 crc=ACC1 air=112
P n=3786 dr=0 q=0 t=0769595868 dt= +249692 OK m=5 rssi=-53 dn=14871 ty=0B tt=5 B3=0A pl=102B004E2A4D6200 crc=6FC5 air=112
P n=3787 dr=0 q=0 t=0769845559 dt= +249691 OK m=5 rssi=-48 dn=14871 ty=0B tt=5 B3=0A pl=102C004D8E4D6400 crc=1272 air=112
P n=3788 dr=0 q=0 t=0770095251 dt= +249692 OK m=5 rssi=-46 dn=14871 ty=0B tt=5 B3=0A pl=102D0052F04D6200 crc=8139 air=112
P n=3789 dr=0 q=0 t=0770344943 dt= +249692 OK m=5 rssi=-47 dn=14871 ty=0B tt=5 B3=0A pl=102E0052544E6400 crc=8ACA air=112
P n=3790 dr=0 q=0 t=0770594633 dt= +249690 OK m=5 rssi=-49 dn=14871 ty=0B tt=5 B3=0A pl=102F004EB94E6500 crc=3387 air=112
P n=3791 dr=0 q=0 t=0770844325 dt= +249692 OK m=5 rssi=-50 dn=14871 ty=0B tt=5 B3=0A pl=103000501F4F6600 crc=EA6B air=112
P n=3792 dr=0 q=0 t=0771094017 dt= +249692 OK m=5 rssi=-49 dn=14871 ty=0B tt=5 B3=0A pl=1031004F844F6500 crc=BE7A air=112
P n=3793 dr=0 q=0 t=0771343708 dt= +249691 OK m=5 rssi=-55 dn=14871 ty=0B tt=5 B3=0A pl=1032004FE64F6200 crc=4BD5 air=112
P n=3794 dr=0 q=0 t=0771593400 dt= +249692 OK m=5 rssi=-46 dn=14871 ty=0B tt=5 B3=0A pl=1033004F49506300 crc=914F air=112
P n=3795 dr=0 q=0 t=0771843091 dt= +249691 OK m=5 rssi=-50 dn=14871 ty=0B tt=5 B3=0A pl=10340052AE506500 crc=D24A air=112
P n=3796 dr=0 q=0 t=0772092775 dt= +249684 OK m=5 rssi=-50 dn=14871 ty=0B tt=5 B3=0A pl=1035004D11516300 crc=B321 air=119
P n=3797 dr=0 q=0 t=0772342474 dt= +249699 OK m=5 rssi=-50 dn=14871 ty=0B tt=5 B3=0A pl=1036004F76516500 crc=8D79 air=112
P n=3798 dr=0 q=0 t=0772592165 dt= +249691 OK m=5 rssi=-44 dn=14871 ty=0B tt=5 B3=0A pl=1037004EDB516500 crc=4CB9 air=112
P n=3799 dr=0 q=0 t=0772841857 dt= +249692 OK m=5 rssi=-49 dn=14871 ty=0B tt=5 B3=0A pl=103800513F526400 crc=8389 air=112
P n=3800 dr=0 q=0 t=0773091549 dt= +249692 OK m=5 rssi=-46 dn=14871 ty=0B tt=5 B3=0A pl=10390051A6526700 crc=5B53 air=112
P n=3801 dr=0 q=0 t=0773341240 dt= +249691 OK m=5 rssi=-47 dn=14871 ty=0B tt=5 B3=0A pl=103A00510C536600 crc=050D air=112
P n=3802 dr=0 q=0 t=0773590931 dt= +249691 OK m=5 rssi=-47 dn=14871 ty=0B tt=5 B3=0A pl=103B00536E536200 crc=8191 air=112
P n=3803 dr=0 q=0 t=0773840622 dt= +249691 OK m=5 rssi=-46 dn=14871 ty=0B tt=5 B3=0A pl=103C0052D3536500 crc=6344 air=112
P n=3804 dr=0 q=0 t=0774090314 dt= +249692 OK m=5 rssi=-46 dn=14871 ty=0B tt=5 B3=0A pl=103D005038546500 crc=80C3 air=112
P n=3805 dr=0 q=0 t=0774340006 dt= +249692 OK m=5 rssi=-51 dn=14871 ty=0B tt=5 B3=0A pl=103E00529B546300 crc=C7CE air=112
P n=3806 dr=0 q=0 t=0774589697 dt= +249691 OK m=5 rssi=-50 dn=14871 ty=0B tt=5 B3=0A pl=103F0050FF546400 crc=3198 air=112
P n=3808 dr=0 q=0 t=0774839388 dt= +249691 OK m=5 rssi=-47 dn=14871 ty=0B tt=5 B3=0A pl=1040004F63556400 crc=E02E air=112
P n=3810 dr=0 q=0 t=0775089080 dt= +249692 OK m=5 rssi=-50 dn=14871 ty=0B tt=5 B3=0A pl=1041004EC8556500 crc=3546 air=112
P n=3811 dr=0 q=0 t=0775338771 dt= +249691 OK m=5 rssi=-45 dn=14871 ty=0B tt=5 B3=0A pl=104200512E566600 crc=2317 air=112
P n=3812 dr=0 q=0 t=0775588463 dt= +249692 OK m=5 rssi=-45 dn=14871 ty=0B tt=5 B3=0A pl=1043005395566700 crc=030A air=112
P n=3813 dr=0 q=0 t=0775838154 dt= +249691 OK m=5 rssi=-50 dn=14871 ty=0B tt=5 B3=0A pl=1044004FFA566500 crc=7E61 air=112
P n=3815 dr=0 q=0 t=0776087846 dt= +249692 OK m=5 rssi=-52 dn=14871 ty=0B tt=5 B3=0A pl=104500515E576400 crc=2974 air=112
P n=3817 dr=0 q=0 t=0776337537 dt= +249691 OK m=5 rssi=-45 dn=14871 ty=0B tt=5 B3=0A pl=1046004FC0576200 crc=F467 air=112
P n=3818 dr=0 q=0 t=0776587228 dt= +249691 OK m=5 rssi=-52 dn=14871 ty=0B tt=5 B3=0A pl=1047004F26586600 crc=0F80 air=112
P n=3819 dr=0 q=0 t=0776836920 dt= +249692 OK m=5 rssi=-45 dn=14871 ty=0B tt=5 B3=0A pl=104800528D586700 crc=6711 air=112
P n=3820 dr=0 q=0 t=0777086612 dt= +249692 OK m=5 rssi=-47 dn=14871 ty=0B tt=5 B3=0A pl=1049004DF1586400 crc=E6C7 air=112
P n=3821 dr=0 q=0 t=0777336303 dt= +249691 OK m=5 rssi=-47 dn=14871 ty=0B tt=5 B3=0A pl=104A004D58596700 crc=4527 air=112
P n=3822 dr=0 q=0 t=0777585995 dt= +249692 OK m=5 rssi=-48 dn=14871 ty=0B tt=5 B3=0A pl=104B004FBD596500 crc=E708 air=112
P n=3824 dr=0 q=0 t=0777835685 dt= +249690 OK m=5 rssi=-47 dn=14871 ty=0B tt=5 B3=0A pl=104C004F245A6700 crc=F496 air=112
P n=3825 dr=0 q=0 t=0778085377 dt= +249692 OK m=5 rssi=-47 dn=14871 ty=0B tt=5 B3=0A pl=104D0052875A6300 crc=D4B9 air=112
P n=3827 dr=0 q=0 t=0778335069 dt= +249692 OK m=5 rssi=-47 dn=14871 ty=0B tt=5 B3=0A pl=104E0051E95A6200 crc=2A50 air=112
P n=3829 dr=0 q=0 t=0778584760 dt= +249691 OK m=5 rssi=-48 dn=14871 ty=0B tt=5 B3=0A pl=104F00524B5B6200 crc=4CCD air=110
P n=3830 dr=0 q=0 t=0778834452 dt= +249692 OK m=5 rssi=-46 dn=14871 ty=0B tt=5 B3=0A pl=1050004EAF5B6400 crc=9A93 air=112
P n=3831 dr=0 q=0 t=0779084143 dt= +249691 OK m=5 rssi=-47 dn=14871 ty=0B tt=5 B3=0A pl=1051004F145C6500 crc=D1CC air=112
P n=3832 dr=0 q=0 t=0779333834 dt= +249691 OK m=5 rssi=-47 dn=14871 ty=0B tt=5 B3=0A pl=10520050765C6200 crc=45C0 air=112
P n=3833 dr=0 q=0 t=0779583526 dt= +249692 OK m=5 rssi=-47 dn=14871 ty=0B tt=5 B3=0A pl=10530051DC5C6600 crc=19E9 air=112
P n=3835 dr=0 q=0 t=0779833217 dt= +249691 OK m=5 rssi=-47 dn=14871 ty=0B tt=5 B3=0A pl=1054004D425D6600 crc=DC29 air=112
S t=0780010926 ours=3470 foreign=0 longframe=7 oddtype=0 crc_ok=3470 crc_err=365 addr=3835 end=3835 dropped=0  B3: 0A=3094 82=76 92=71 A2=21 B2=3 C2=68 D2=114 E2=3 F2=20
P n=3836 dr=0 q=0 t=0780082909 dt= +249692 OK m=5 rssi=-47 dn=14871 ty=0B tt=5 B3=0A pl=10550052A35D6100 crc=6E22 air=112
P n=3837 dr=0 q=0 t=0780332601 dt= +249692 OK m=5 rssi=-47 dn=14871 ty=0B tt=5 B3=0A pl=10560051055E6200 crc=999E air=112
P n=3838 dr=0 q=0 t=0780582291 dt= +249690 OK m=5 rssi=-47 dn=14871 ty=0B tt=5 B3=0A pl=1057004E675E6200 crc=F4E6 air=112
P n=3840 dr=0 q=0 t=0780831983 dt= +249692 OK m=5 rssi=-47 dn=14871 ty=0B tt=5 B3=0A pl=1058004DCD5E6600 crc=DEC4 air=112
P n=3841 dr=0 q=0 t=0781081675 dt= +249692 OK m=5 rssi=-47 dn=14871 ty=0B tt=5 B3=0A pl=1059004E2E5F6100 crc=39E6 air=112
P n=3842 dr=0 q=0 t=0781331366 dt= +249691 OK m=5 rssi=-47 dn=14871 ty=0B tt=5 B3=0A pl=105A004E905F6200 crc=E7BC air=112
P n=3843 dr=0 q=0 t=0781581058 dt= +249692 ER m=5 rssi=-43 dn=14871 ty=0B tt=5 B3=1A pl=107B0052F15F6100 crc=AA99 air=112
P n=3844 dr=0 q=0 t=0781830749 dt= +249691 OK m=5 rssi=-47 dn=14871 ty=0B tt=5 B3=0A pl=105C005152606100 crc=C531 air=110
P n=3845 dr=0 q=0 t=0782080440 dt= +249691 OK m=5 rssi=-47 dn=14871 ty=0B tt=5 B3=0A pl=105D0053B8606600 crc=4C05 air=112
P n=3846 dr=0 q=0 t=0782330125 dt= +249685 OK m=5 rssi=-47 dn=14871 ty=0B tt=5 B3=0A pl=105E004F1D616500 crc=2FA6 air=119
P n=3848 dr=0 q=0 t=0782579823 dt= +249698 OK m=5 rssi=-47 dn=14871 ty=0B tt=5 B3=0A pl=105F004F83616600 crc=A651 air=112
P n=3849 dr=0 q=0 t=0782829515 dt= +249692 OK m=5 rssi=-47 dn=14871 ty=0B tt=5 B3=0A pl=10600051E7616400 crc=4B86 air=112
P n=3850 dr=0 q=0 t=0783079207 dt= +249692 OK m=5 rssi=-47 dn=14871 ty=0B tt=5 B3=0A pl=106100524C626500 crc=833D air=112
P n=3851 dr=0 q=0 t=0783328898 dt= +249691 OK m=5 rssi=-47 dn=14871 ty=0B tt=5 B3=0A pl=10620053AF626300 crc=447E air=112
P n=3852 dr=0 q=0 t=0783578589 dt= +249691 OK m=5 rssi=-47 dn=14871 ty=0B tt=5 B3=0A pl=1063005214636500 crc=2416 air=112
P n=3853 dr=0 q=0 t=0783828280 dt= +249691 OK m=5 rssi=-47 dn=14871 ty=0B tt=5 B3=0A pl=1064005177636300 crc=BB28 air=112
P n=3854 dr=0 q=0 t=0784077972 dt= +249692 OK m=5 rssi=-47 dn=14871 ty=0B tt=5 B3=0A pl=10650050DC636500 crc=F7D7 air=112
P n=3855 dr=0 q=0 t=0784327664 dt= +249692 OK m=5 rssi=-47 dn=14871 ty=0B tt=5 B3=0A pl=1066005341646500 crc=BB0E air=112
P n=3857 dr=0 q=0 t=0784577355 dt= +249691 OK m=5 rssi=-47 dn=14871 ty=0B tt=5 B3=0A pl=10670052A2646100 crc=7ACC air=112
P n=3858 dr=0 q=0 t=0784827046 dt= +249691 OK m=5 rssi=-47 dn=14871 ty=0B tt=5 B3=0A pl=1068004D08656600 crc=BDFC air=112
P n=3859 dr=0 q=0 t=0785076738 dt= +249692 OK m=5 rssi=-47 dn=14871 ty=0B tt=5 B3=0A pl=106900526D656500 crc=D4FA air=112
P n=3860 dr=0 q=0 t=0785326429 dt= +249691 OK m=5 rssi=-47 dn=14871 ty=0B tt=5 B3=0A pl=106A004FD0656300 crc=4BA9 air=112
P n=3861 dr=0 q=0 t=0785576115 dt= +249686 OK m=5 rssi=-47 dn=14871 ty=0B tt=5 B3=0A pl=106B004F37666700 crc=B39B air=118
P n=3862 dr=0 q=0 t=0785825812 dt= +249697 OK m=5 rssi=-47 dn=14871 ty=0B tt=5 B3=0A pl=106C004F98666100 crc=3EE1 air=112
P n=3863 dr=0 q=0 t=0786075504 dt= +249692 OK m=5 rssi=-47 dn=14871 ty=0B tt=5 B3=0A pl=106D0050FE666600 crc=00FF air=112
P n=3864 dr=0 q=0 t=0786325195 dt= +249691 OK m=5 rssi=-47 dn=14871 ty=0B tt=5 B3=0A pl=106E004D64676600 crc=6459 air=112
P n=3865 dr=0 q=0 t=0786574886 dt= +249691 OK m=5 rssi=-47 dn=14871 ty=0B tt=5 B3=0A pl=106F0051CA676600 crc=1B65 air=112
P n=3866 dr=0 q=0 t=0786824578 dt= +249692 OK m=5 rssi=-47 dn=14871 ty=0B tt=5 B3=0A pl=1070004D2E686400 crc=2DCE air=112
P n=3867 dr=0 q=0 t=0787074270 dt= +249692 OK m=5 rssi=-47 dn=14871 ty=0B tt=5 B3=0A pl=1071005093686500 crc=4BE9 air=112
P n=3868 dr=0 q=0 t=0787323961 dt= +249691 OK m=5 rssi=-47 dn=14871 ty=0B tt=5 B3=0A pl=10720053F5686200 crc=9A65 air=112
P n=3871 dr=0 q=0 t=0787573653 dt= +249692 OK m=5 rssi=-47 dn=14871 ty=0B tt=5 B3=0A pl=1073005059696400 crc=F404 air=112
P n=3872 dr=0 q=0 t=0787823343 dt= +249690 OK m=5 rssi=-47 dn=14871 ty=0B tt=5 B3=0A pl=10740053BA696100 crc=E351 air=112
P n=3873 dr=0 q=0 t=0788073035 dt= +249692 OK m=5 rssi=-47 dn=14871 ty=0B tt=5 B3=0A pl=1075004F206A6600 crc=BAB2 air=112
P n=3874 dr=0 q=0 t=0788322727 dt= +249692 OK m=5 rssi=-47 dn=14871 ty=0B tt=5 B3=0A pl=10760053866A6600 crc=20AE air=112
P n=3875 dr=0 q=0 t=0788572418 dt= +249691 OK m=5 rssi=-47 dn=14871 ty=0B tt=5 B3=0A pl=10770053EA6A6400 crc=E84D air=112
P n=3876 dr=0 q=0 t=0788822110 dt= +249692 OK m=5 rssi=-47 dn=14871 ty=0B tt=5 B3=0A pl=107800504F6B6500 crc=DE44 air=105
P n=3877 dr=0 q=0 t=0789071801 dt= +249691 OK m=5 rssi=-47 dn=14871 ty=0B tt=5 B3=0A pl=1079004FB16B6200 crc=A306 air=112
P n=3878 dr=0 q=0 t=0789321492 dt= +249691 OK m=5 rssi=-47 dn=14871 ty=0B tt=5 B3=0A pl=107A0050166C6500 crc=BD7B air=112
P n=3879 dr=0 q=0 t=0789571184 dt= +249692 OK m=5 rssi=-47 dn=14871 ty=0B tt=5 B3=0A pl=107B004D796C6300 crc=07A0 air=112
P n=3880 dr=0 q=0 t=0789820875 dt= +249691 OK m=5 rssi=-47 dn=14871 ty=0B tt=5 B3=0A pl=107C004DDB6C6200 crc=2ACB air=112
P n=3881 dr=0 q=0 t=0790070567 dt= +249692 OK m=5 rssi=-47 dn=14871 ty=0B tt=5 B3=0A pl=107D00523F6D6400 crc=2084 air=112
P n=3883 dr=0 q=0 t=0790320259 dt= +249692 OK m=5 rssi=-47 dn=14871 ty=0B tt=5 B3=0A pl=107E0052A06D6100 crc=1582 air=112
P n=3884 dr=0 q=0 t=0790569949 dt= +249690 OK m=5 rssi=-47 dn=14871 ty=0B tt=5 B3=0A pl=107F004E026E6200 crc=298F air=112
P n=3885 dr=0 q=0 t=0790819641 dt= +249692 OK m=5 rssi=-47 dn=14871 ty=0B tt=5 B3=0A pl=10800053686E6600 crc=5463 air=112
P n=3886 dr=0 q=0 t=0791069333 dt= +249692 OK m=5 rssi=-47 dn=14871 ty=0B tt=5 B3=0A pl=1081004DC96E6100 crc=22A5 air=112
P n=3887 dr=0 q=0 t=0791319024 dt= +249691 OK m=5 rssi=-47 dn=14871 ty=0B tt=5 B3=0A pl=108200502D6F6400 crc=59D9 air=112
P n=3888 dr=0 q=0 t=0791568716 dt= +249692 OK m=5 rssi=-47 dn=14871 ty=0B tt=5 B3=0A pl=50FFFF01FF000100 crc=2C50 air=112
P n=3889 dr=0 q=0 t=0791818407 dt= +249691 OK m=5 rssi=-47 dn=14871 ty=0B tt=5 B3=0A pl=011201FFFFFFFFFF crc=52B2 air=112
P n=3891 dr=0 q=0 t=0792068098 dt= +249691 OK m=5 rssi=-47 dn=14871 ty=0B tt=5 B3=0A pl=51FF010153555400 crc=9BAC air=105
P n=3892 dr=0 q=0 t=0792317790 dt= +249692 OK m=5 rssi=-47 dn=14871 ty=0B tt=5 B3=0A pl=1083004F926F6500 crc=9615 air=112
P n=3893 dr=0 q=0 t=0792567486 dt= +249696 OK m=5 rssi=-47 dn=14871 ty=0B tt=5 B3=0A pl=10840052F66F6400 crc=0A63 air=107
P n=3894 dr=0 q=0 t=0792817173 dt= +249687 OK m=5 rssi=-47 dn=14871 ty=0B tt=5 B3=0A pl=108500515B706500 crc=D343 air=112
P n=3895 dr=0 q=0 t=0793066865 dt= +249692 OK m=5 rssi=-47 dn=14871 ty=0B tt=5 B3=0A pl=10860050C1706600 crc=5AF7 air=112
P n=3896 dr=0 q=0 t=0793316555 dt= +249690 OK m=5 rssi=-47 dn=14871 ty=0B tt=5 B3=0A pl=1087005322716100 crc=BDD5 air=112
P n=3897 dr=0 q=0 t=0793566247 dt= +249692 OK m=5 rssi=-47 dn=14871 ty=0B tt=5 B3=0A pl=1088004F85716300 crc=6574 air=112
P n=3898 dr=0 q=0 t=0793815939 dt= +249692 OK m=5 rssi=-47 dn=14871 ty=0B tt=5 B3=0A pl=10890051E8716300 crc=76B3 air=112
P n=3900 dr=0 q=0 t=0794065630 dt= +249691 OK m=5 rssi=-47 dn=14871 ty=0B tt=5 B3=0A pl=108A005049726100 crc=A790 air=112
P n=3901 dr=0 q=0 t=0794315322 dt= +249692 OK m=5 rssi=-47 dn=14871 ty=0B tt=5 B3=0A pl=108B0052AE726500 crc=4271 air=112
P n=3902 dr=0 q=0 t=0794565013 dt= +249691 OK m=5 rssi=-47 dn=14871 ty=0B tt=5 B3=0A pl=108C004D15736700 crc=840A air=112
P n=3903 dr=0 q=0 t=0794814704 dt= +249691 OK m=5 rssi=-47 dn=14871 ty=0B tt=5 B3=0A pl=108D00517A736500 crc=5844 air=112
S t=0795010930 ours=3529 foreign=0 longframe=8 oddtype=0 crc_ok=3529 crc_err=374 addr=3903 end=3903 dropped=0  B3: 0A=3153 82=76 92=71 A2=21 B2=3 C2=68 D2=114 E2=3 F2=20
P n=3904 dr=0 q=0 t=0795064396 dt= +249692 OK m=5 rssi=-47 dn=14871 ty=0B tt=5 B3=0A pl=108E0051DE736400 crc=9370 air=112
P n=3905 dr=0 q=0 t=0795314087 dt= +249691 OK m=5 rssi=-47 dn=14871 ty=0B tt=5 B3=0A pl=108F005140746200 crc=60E2 air=112
P n=3906 dr=0 q=0 t=0795563779 dt= +249692 OK m=5 rssi=-47 dn=14871 ty=0B tt=5 B3=0A pl=10900053A2746200 crc=F071 air=112
P n=3908 dr=0 q=0 t=0795813464 dt= +249685 OK m=5 rssi=-47 dn=14871 ty=0B tt=5 B3=0A pl=1091005204756200 crc=189E air=119
P n=3909 dr=0 q=0 t=0796063162 dt= +249698 OK m=5 rssi=-47 dn=14871 ty=0B tt=5 B3=0A pl=1092005067756300 crc=75A0 air=112
P n=3910 dr=0 q=0 t=0796312853 dt= +249691 OK m=5 rssi=-47 dn=14871 ty=0B tt=5 B3=0A pl=10930051C9756200 crc=1C8D air=112
P n=3911 dr=0 q=0 t=0796562544 dt= +249691 OK m=5 rssi=-47 dn=14871 ty=0B tt=5 B3=0A pl=109400532A766100 crc=527F air=112
P n=3912 dr=0 q=0 t=0796812236 dt= +249692 OK m=5 rssi=-46 dn=14871 ty=0B tt=5 B3=0A pl=1095004D8C766200 crc=B950 air=112
P n=3913 dr=0 q=0 t=0797061928 dt= +249692 OK m=5 rssi=-47 dn=14871 ty=0B tt=5 B3=0A pl=10960051ED766100 crc=9496 air=112
P n=3914 dr=0 q=0 t=0797311619 dt= +249691 OK m=5 rssi=-47 dn=14871 ty=0B tt=5 B3=0A pl=1097004D53776600 crc=5EAA air=112
P n=3915 dr=0 q=0 t=0797561310 dt= +249691 OK m=5 rssi=-47 dn=14871 ty=0B tt=5 B3=0A pl=1098004EB9776600 crc=D6D0 air=112
P n=3916 dr=0 q=0 t=0797811002 dt= +249692 OK m=5 rssi=-47 dn=14871 ty=0B tt=5 B3=0A pl=109900501A786100 crc=614F air=112
P n=3917 dr=0 q=0 t=0798060693 dt= +249691 OK m=5 rssi=-47 dn=14871 ty=0B tt=5 B3=0A pl=109A00537B786100 crc=7879 air=112
P n=3918 dr=0 q=0 t=0798310385 dt= +249692 OK m=5 rssi=-47 dn=14871 ty=0B tt=5 B3=0A pl=109B0051E2786700 crc=1BD5 air=112
P n=3920 dr=0 q=0 t=0798560077 dt= +249692 OK m=5 rssi=-47 dn=14871 ty=0B tt=5 B3=0A pl=109C004E47796500 crc=6453 air=112
P n=3921 dr=0 q=0 t=0798809768 dt= +249691 OK m=5 rssi=-47 dn=14871 ty=0B tt=5 B3=0A pl=109D0051A8796100 crc=2151 air=112
P n=3922 dr=0 q=0 t=0799059459 dt= +249691 OK m=5 rssi=-47 dn=14871 ty=0B tt=5 B3=0A pl=109E0053097A6100 crc=78C2 air=115
P n=3923 dr=0 q=0 t=0799309150 dt= +249691 OK m=5 rssi=-47 dn=14871 ty=0B tt=5 B3=0A pl=109F004D6D7A6400 crc=6787 air=112
P n=3924 dr=0 q=0 t=0799558842 dt= +249692 OK m=5 rssi=-47 dn=14871 ty=0B tt=5 B3=0A pl=10A0004DD47A6700 crc=E316 air=112
P n=3925 dr=0 q=0 t=0799808534 dt= +249692 OK m=5 rssi=-47 dn=14871 ty=0B tt=5 B3=0A pl=10A1004F397B6500 crc=F3CA air=112
P n=3926 dr=0 q=0 t=0800058225 dt= +249691 OK m=5 rssi=-47 dn=14871 ty=0B tt=5 B3=0A pl=10A2004D9A7B6100 crc=D2A5 air=112
P n=3928 dr=0 q=0 t=0800307917 dt= +249692 OK m=5 rssi=-47 dn=14871 ty=0B tt=5 B3=0A pl=10A30052FE7B6400 crc=67B1 air=112
P n=3929 dr=0 q=0 t=0800557608 dt= +249691 OK m=5 rssi=-47 dn=14871 ty=0B tt=5 B3=0A pl=10A40053647C6600 crc=9962 air=112
P n=3931 dr=0 q=0 t=0800807299 dt= +249691 OK m=5 rssi=-47 dn=14871 ty=0B tt=5 B3=0A pl=10A50050C87C6400 crc=0CF7 air=112
P n=3932 dr=0 q=0 t=0801056991 dt= +249692 OK m=5 rssi=-47 dn=14871 ty=0B tt=5 B3=0A pl=10A600522C7D6400 crc=E9DD air=112
P n=3934 dr=0 q=0 t=0801306682 dt= +249691 OK m=5 rssi=-47 dn=14871 ty=0B tt=5 B3=0A pl=10A70050907D6400 crc=ABDC air=112
P n=3935 dr=0 q=0 t=0801556374 dt= +249692 OK m=5 rssi=-47 dn=14871 ty=0B tt=5 B3=0A pl=10A80053F77D6700 crc=924B air=112
P n=3936 dr=0 q=0 t=0801806066 dt= +249692 OK m=5 rssi=-47 dn=14871 ty=0B tt=5 B3=0A pl=10A9004E5A7E6300 crc=496E air=112
P n=3937 dr=0 q=0 t=0802055756 dt= +249690 OK m=5 rssi=-47 dn=14871 ty=0B tt=5 B3=0A pl=10AA0050C17E6700 crc=4E5A air=112
P n=3938 dr=0 q=0 t=0802305448 dt= +249692 OK m=5 rssi=-47 dn=14871 ty=0B tt=5 B3=0A pl=10AB0050247F6300 crc=3560 air=106
P n=3939 dr=0 q=0 t=0802555140 dt= +249692 OK m=5 rssi=-47 dn=14871 ty=0B tt=5 B3=0A pl=10AC0050867F6200 crc=180B air=112
